Archive member included because of file (symbol)

c:/altera/13.0sp1/nios2eds/bin/gnu/h-i686-mingw32/bin/../lib/gcc/nios2-elf/4.1.2\libgcc.a(_muldi3.o)
                              obj/default/media_interrupt_HAL.o (__muldi3)
c:/altera/13.0sp1/nios2eds/bin/gnu/h-i686-mingw32/bin/../lib/gcc/nios2-elf/4.1.2\libgcc.a(_divdi3.o)
                              obj/default/media_interrupt_HAL.o (__divdi3)
c:/altera/13.0sp1/nios2eds/bin/gnu/h-i686-mingw32/bin/../lib/gcc/nios2-elf/4.1.2\libgcc.a(_sf_to_df.o)
                              obj/default/media_interrupt_HAL.o (__extendsfdf2)
c:/altera/13.0sp1/nios2eds/bin/gnu/h-i686-mingw32/bin/../lib/gcc/nios2-elf/4.1.2\libgcc.a(_usi_to_sf.o)
                              obj/default/media_interrupt_HAL.o (__floatunsisf)
c:/altera/13.0sp1/nios2eds/bin/gnu/h-i686-mingw32/bin/../lib/gcc/nios2-elf/4.1.2\libgcc.a(_make_df.o)
                              c:/altera/13.0sp1/nios2eds/bin/gnu/h-i686-mingw32/bin/../lib/gcc/nios2-elf/4.1.2\libgcc.a(_sf_to_df.o) (__make_dp)
c:/altera/13.0sp1/nios2eds/bin/gnu/h-i686-mingw32/bin/../lib/gcc/nios2-elf/4.1.2\libgcc.a(lib2-divmod.o)
                              c:/altera/13.0sp1/nios2eds/bin/gnu/h-i686-mingw32/bin/../lib/gcc/nios2-elf/4.1.2\libgcc.a(_divdi3.o) (__udivsi3)
c:/altera/13.0sp1/nios2eds/bin/gnu/h-i686-mingw32/bin/../lib/gcc/nios2-elf/4.1.2\libgcc.a(_clz.o)
                              c:/altera/13.0sp1/nios2eds/bin/gnu/h-i686-mingw32/bin/../lib/gcc/nios2-elf/4.1.2\libgcc.a(_divdi3.o) (__clz_tab)
c:/altera/13.0sp1/nios2eds/bin/gnu/h-i686-mingw32/bin/../lib/gcc/nios2-elf/4.1.2\libgcc.a(_clzsi2.o)
                              c:/altera/13.0sp1/nios2eds/bin/gnu/h-i686-mingw32/bin/../lib/gcc/nios2-elf/4.1.2\libgcc.a(_usi_to_sf.o) (__clzsi2)
c:/altera/13.0sp1/nios2eds/bin/gnu/h-i686-mingw32/bin/../lib/gcc/nios2-elf/4.1.2\libgcc.a(_pack_sf.o)
                              c:/altera/13.0sp1/nios2eds/bin/gnu/h-i686-mingw32/bin/../lib/gcc/nios2-elf/4.1.2\libgcc.a(_usi_to_sf.o) (__pack_f)
c:/altera/13.0sp1/nios2eds/bin/gnu/h-i686-mingw32/bin/../lib/gcc/nios2-elf/4.1.2\libgcc.a(_unpack_sf.o)
                              c:/altera/13.0sp1/nios2eds/bin/gnu/h-i686-mingw32/bin/../lib/gcc/nios2-elf/4.1.2\libgcc.a(_sf_to_df.o) (__unpack_f)
c:/altera/13.0sp1/nios2eds/bin/gnu/h-i686-mingw32/bin/../lib/gcc/nios2-elf/4.1.2\libgcc.a(_pack_df.o)
                              c:/altera/13.0sp1/nios2eds/bin/gnu/h-i686-mingw32/bin/../lib/gcc/nios2-elf/4.1.2\libgcc.a(_make_df.o) (__pack_d)
c:/altera/13.0sp1/nios2eds/bin/gnu/h-i686-mingw32/bin/../lib/gcc/nios2-elf/4.1.2/../../../../nios2-elf/lib\libc.a(lib_a-memcpy.o)
                              obj/default/media_interrupt_HAL.o (memcpy)
c:/altera/13.0sp1/nios2eds/bin/gnu/h-i686-mingw32/bin/../lib/gcc/nios2-elf/4.1.2/../../../../nios2-elf/lib\libc.a(lib_a-memset.o)
                              obj/default/media_interrupt_HAL.o (memset)
c:/altera/13.0sp1/nios2eds/bin/gnu/h-i686-mingw32/bin/../lib/gcc/nios2-elf/4.1.2/../../../../nios2-elf/lib\libc.a(lib_a-printf.o)
                              obj/default/media_interrupt_HAL.o (printf)
c:/altera/13.0sp1/nios2eds/bin/gnu/h-i686-mingw32/bin/../lib/gcc/nios2-elf/4.1.2/../../../../nios2-elf/lib\libc.a(lib_a-vfprintf.o)
                              c:/altera/13.0sp1/nios2eds/bin/gnu/h-i686-mingw32/bin/../lib/gcc/nios2-elf/4.1.2/../../../../nios2-elf/lib\libc.a(lib_a-printf.o) (___vfprintf_internal_r)
c:/altera/13.0sp1/nios2eds/bin/gnu/h-i686-mingw32/bin/../lib/gcc/nios2-elf/4.1.2/../../../../nios2-elf/lib\libc.a(lib_a-wsetup.o)
                              c:/altera/13.0sp1/nios2eds/bin/gnu/h-i686-mingw32/bin/../lib/gcc/nios2-elf/4.1.2/../../../../nios2-elf/lib\libc.a(lib_a-vfprintf.o) (__swsetup_r)
c:/altera/13.0sp1/nios2eds/bin/gnu/h-i686-mingw32/bin/../lib/gcc/nios2-elf/4.1.2/../../../../nios2-elf/lib\libc.a(lib_a-dtoa.o)
                              c:/altera/13.0sp1/nios2eds/bin/gnu/h-i686-mingw32/bin/../lib/gcc/nios2-elf/4.1.2/../../../../nios2-elf/lib\libc.a(lib_a-vfprintf.o) (_dtoa_r)
c:/altera/13.0sp1/nios2eds/bin/gnu/h-i686-mingw32/bin/../lib/gcc/nios2-elf/4.1.2/../../../../nios2-elf/lib\libc.a(lib_a-fflush.o)
                              c:/altera/13.0sp1/nios2eds/bin/gnu/h-i686-mingw32/bin/../lib/gcc/nios2-elf/4.1.2/../../../../nios2-elf/lib\libc.a(lib_a-vfprintf.o) (_fflush_r)
c:/altera/13.0sp1/nios2eds/bin/gnu/h-i686-mingw32/bin/../lib/gcc/nios2-elf/4.1.2/../../../../nios2-elf/lib\libc.a(lib_a-findfp.o)
                              c:/altera/13.0sp1/nios2eds/bin/gnu/h-i686-mingw32/bin/../lib/gcc/nios2-elf/4.1.2/../../../../nios2-elf/lib\libc.a(lib_a-vfprintf.o) (__sinit)
c:/altera/13.0sp1/nios2eds/bin/gnu/h-i686-mingw32/bin/../lib/gcc/nios2-elf/4.1.2/../../../../nios2-elf/lib\libc.a(lib_a-freer.o)
                              c:/altera/13.0sp1/nios2eds/bin/gnu/h-i686-mingw32/bin/../lib/gcc/nios2-elf/4.1.2/../../../../nios2-elf/lib\libc.a(lib_a-wsetup.o) (_free_r)
[...]
Memory Configuration

Name             Origin             Length             Attributes
reset            0x00000000         0x00000020
SDRAM            0x00000020         0x007fffe0
Flash_flash_data 0x0c000000         0x00400000
*default*        0x00000000         0xffffffff

Linker script and memory map

LOAD ../New_Project_bsp//obj/HAL/src/crt0.o
LOAD obj/default/PS2_ISR.o
LOAD obj/default/amplitude_calculation.o
LOAD obj/default/audio_ISR.o
LOAD obj/default/globals.o
LOAD obj/default/interval_timer_ISR.o
LOAD obj/default/media_interrupt_HAL.o
LOAD obj/default/pushbutton_ISR.o
LOAD c:/altera/13.0sp1/nios2eds/bin/gnu/h-i686-mingw32/bin/../lib/gcc/nios2-elf/4.1.2/../../../../nios2-elf/lib\libstdc++.a
LOAD c:/altera/13.0sp1/nios2eds/bin/gnu/h-i686-mingw32/bin/../lib/gcc/nios2-elf/4.1.2/../../../../nios2-elf/lib\libm.a
LOAD c:/altera/13.0sp1/nios2eds/bin/gnu/h-i686-mingw32/bin/../lib/gcc/nios2-elf/4.1.2\libgcc.a
START GROUP
LOAD c:/altera/13.0sp1/nios2eds/bin/gnu/h-i686-mingw32/bin/../lib/gcc/nios2-elf/4.1.2/../../../../nios2-elf/lib\libc.a
LOAD c:/altera/13.0sp1/nios2eds/bin/gnu/h-i686-mingw32/bin/../lib/gcc/nios2-elf/4.1.2\libgcc.a
LOAD ../New_Project_bsp/\libhal_bsp.a
END GROUP
LOAD c:/altera/13.0sp1/nios2eds/bin/gnu/h-i686-mingw32/bin/../lib/gcc/nios2-elf/4.1.2\libgcc.a
                0x00000000                __alt_mem_SDRAM = 0x0
                0x0c000000                __alt_mem_Flash_flash_data = 0xc000000

.entry          0x00000000       0x20
 *(.entry)
 .entry         0x00000000       0x20 ../New_Project_bsp//obj/HAL/src/crt0.o
                0x00000000                __reset

.exceptions     0x00000020      0x198
                0x00000020                PROVIDE (__ram_exceptions_start, ABSOLUTE (.))
                0x00000020                . = ALIGN (0x20)
 *(.irq)
 *(.exceptions.entry.label)
 .exceptions.entry.label
                0x00000020        0x0 ../New_Project_bsp/\libhal_bsp.a(alt_irq_entry.o)
                0x00000020                alt_irq_entry
 .exceptions.entry.label
                0x00000020        0x0 ../New_Project_bsp/\libhal_bsp.a(alt_exception_entry.o)
                0x00000020                alt_exception
 *(.exceptions.entry.user)
 *(.exceptions.entry)
 .exceptions.entry
                0x00000020       0x54 ../New_Project_bsp/\libhal_bsp.a(alt_exception_entry.o)
 *(.exceptions.irqtest.user)
 *(.exceptions.irqtest)
 .exceptions.irqtest
                0x00000074       0x10 ../New_Project_bsp/\libhal_bsp.a(alt_irq_entry.o)
 *(.exceptions.irqhandler.user)
 *(.exceptions.irqhandler)
 .exceptions.irqhandler
                0x00000084        0x4 ../New_Project_bsp/\libhal_bsp.a(alt_irq_entry.o)
 *(.exceptions.irqreturn.user)
 *(.exceptions.irqreturn)
 .exceptions.irqreturn
                0x00000088        0x4 ../New_Project_bsp/\libhal_bsp.a(alt_irq_entry.o)
 *(.exceptions.notirq.label)
 .exceptions.notirq.label
                0x0000008c        0x0 ../New_Project_bsp/\libhal_bsp.a(alt_irq_entry.o)
 *(.exceptions.notirq.user)
 *(.exceptions.notirq)
 .exceptions.notirq
                0x0000008c        0x8 ../New_Project_bsp/\libhal_bsp.a(alt_exception_entry.o)
 *(.exceptions.soft.user)
 *(.exceptions.soft)
 *(.exceptions.unknown.user)
 *(.exceptions.unknown)
 .exceptions.unknown
                0x00000094        0x4 ../New_Project_bsp/\libhal_bsp.a(alt_exception_entry.o)
 *(.exceptions.exit.label)
 .exceptions.exit.label
                0x00000098        0x0 ../New_Project_bsp/\libhal_bsp.a(alt_irq_entry.o)
 .exceptions.exit.label
                0x00000098        0x0 ../New_Project_bsp/\libhal_bsp.a(alt_exception_entry.o)
 *(.exceptions.exit.user)
 *(.exceptions.exit)
 .exceptions.exit
                0x00000098       0x54 ../New_Project_bsp/\libhal_bsp.a(alt_exception_entry.o)
 *(.exceptions)
 .exceptions    0x000000ec       0xcc ../New_Project_bsp/\libhal_bsp.a(alt_irq_handler.o)
                0x000000ec                alt_irq_handler
                0x000001b8                PROVIDE (__ram_exceptions_end, ABSOLUTE (.))
                0x00000020                PROVIDE (__flash_exceptions_start, LOADADDR (.exceptions))

.text           0x000001b8    0x13614
                0x000001b8                PROVIDE (stext, ABSOLUTE (.))
 *(.interp)
 *(.hash)
 *(.dynsym)
 *(.dynstr)
 *(.gnu.version)
 *(.gnu.version_d)
 *(.gnu.version_r)
 *(.rel.init)
 *(.rela.init)
 *(.rel.text .rel.text.* .rel.gnu.linkonce.t.*)
 *(.rela.text .rela.text.* .rela.gnu.linkonce.t.*)
 *(.rel.fini)
 *(.rela.fini)
 *(.rel.rodata .rel.rodata.* .rel.gnu.linkonce.r.*)
 *(.rela.rodata .rela.rodata.* .rela.gnu.linkonce.r.*)
 *(.rel.data .rel.data.* .rel.gnu.linkonce.d.*)
 *(.rela.data .rela.data.* .rela.gnu.linkonce.d.*)
 *(.rel.tdata .rel.tdata.* .rel.gnu.linkonce.td.*)
 *(.rela.tdata .rela.tdata.* .rela.gnu.linkonce.td.*)
 *(.rel.tbss .rel.tbss.* .rel.gnu.linkonce.tb.*)
 *(.rela.tbss .rela.tbss.* .rela.gnu.linkonce.tb.*)
 *(.rel.ctors)
 *(.rela.ctors)
 *(.rel.dtors)
 *(.rela.dtors)
 *(.rel.got)
 *(.rela.got)
 *(.rel.sdata .rel.sdata.* .rel.gnu.linkonce.s.*)
 *(.rela.sdata .rela.sdata.* .rela.gnu.linkonce.s.*)
 *(.rel.sbss .rel.sbss.* .rel.gnu.linkonce.sb.*)
 *(.rela.sbss .rela.sbss.* .rela.gnu.linkonce.sb.*)
 *(.rel.sdata2 .rel.sdata2.* .rel.gnu.linkonce.s2.*)
 *(.rela.sdata2 .rela.sdata2.* .rela.gnu.linkonce.s2.*)
 *(.rel.sbss2 .rel.sbss2.* .rel.gnu.linkonce.sb2.*)
 *(.rela.sbss2 .rela.sbss2.* .rela.gnu.linkonce.sb2.*)
 *(.rel.bss .rel.bss.* .rel.gnu.linkonce.b.*)
 *(.rela.bss .rela.bss.* .rela.gnu.linkonce.b.*)
 *(.rel.plt)
 *(.rela.plt)
 *(.rel.dyn)
 *(.init)
 *(.plt)
 *(.text .stub .text.* .gnu.linkonce.t.*)
 .text          0x000001b8       0x3c ../New_Project_bsp//obj/HAL/src/crt0.o
                0x000001b8                _start
 .text          0x000001f4      0x148 obj/default/PS2_ISR.o
                0x000001f4                PS2_ISR
 .text          0x0000033c      0x368 obj/default/amplitude_calculation.o
                0x0000033c                amplitude_operation
                0x000003b0                amplitude_circute_stop
                0x00000428                amplitude_circute_set_size
                0x00000498                amplitude_circute_set_num
                0x000004f0                amplitude_circute_set_rbuff_addr
                0x00000520                amplitude_circute_set_lbuff_addr
                0x00000550                amplitude_circute_set_dest_addr
                0x00000580                amplitude_circute_start
                0x000005dc                amplitude_circute_get_status
                0x0000064c                amplitude_circute_get_size
 .text          0x000006a4      0x438 obj/default/audio_ISR.o
                0x000006a4                audio_ISR
 .text          0x00000adc        0x0 obj/default/globals.o
 .text          0x00000adc       0x60 obj/default/interval_timer_ISR.o
                0x00000adc                interval_timer_ISR
 .text          0x00000b3c     0x1f14 obj/default/media_interrupt_HAL.o
                0x00000b3c                main
                0x00001e90                HEXxy_PS2
                0x0000219c                Do_Soft_Echo
                0x00002340                Plot_AudioRecord
                0x000024cc                Audio_Average
                0x00002784                Plot_Play_Audio
                0x00002890                Do_Hardware_Calculate
                0x000028dc                Calculate_Avrage
 .text          0x00002a50       0xb8 obj/default/pushbutton_ISR.o
                0x00002a50                pushbutton_ISR
 .text          0x00002b08       0x98 c:/altera/13.0sp1/nios2eds/bin/gnu/h-i686-mingw32/bin/../lib/gcc/nios2-elf/4.1.2\libgcc.a(_muldi3.o)
                0x00002b08                __muldi3
 .text          0x00002ba0      0x680 c:/altera/13.0sp1/nios2eds/bin/gnu/h-i686-mingw32/bin/../lib/gcc/nios2-elf/4.1.2\libgcc.a(_divdi3.o)
                0x00002ba0                __divdi3
 .text          0x00003220       0x54 c:/altera/13.0sp1/nios2eds/bin/gnu/h-i686-mingw32/bin/../lib/gcc/nios2-elf/4.1.2\libgcc.a(_sf_to_df.o)
                0x00003220                __extendsfdf2
 .text          0x00003274       0xc0 c:/altera/13.0sp1/nios2eds/bin/gnu/h-i686-mingw32/bin/../lib/gcc/nios2-elf/4.1.2\libgcc.a(_usi_to_sf.o)
                0x00003274                __floatunsisf
 .text          0x00003334       0x38 c:/altera/13.0sp1/nios2eds/bin/gnu/h-i686-mingw32/bin/../lib/gcc/nios2-elf/4.1.2\libgcc.a(_make_df.o)
                0x00003334                __make_dp
 .text          0x0000336c      0x14c c:/altera/13.0sp1/nios2eds/bin/gnu/h-i686-mingw32/bin/../lib/gcc/nios2-elf/4.1.2\libgcc.a(lib2-divmod.o)
                0x000033e8                __divsi3
                0x00003448                __modsi3
                0x000034a8                __udivsi3
                0x000034b0                __umodsi3
 .text          0x000034b8        0x0 c:/altera/13.0sp1/nios2eds/bin/gnu/h-i686-mingw32/bin/../lib/gcc/nios2-elf/4.1.2\libgcc.a(_clz.o)
 .text          0x000034b8       0x80 c:/altera/13.0sp1/nios2eds/bin/gnu/h-i686-mingw32/bin/../lib/gcc/nios2-elf/4.1.2\libgcc.a(_clzsi2.o)
                0x000034b8                __clzsi2
 .text          0x00003538      0x160 c:/altera/13.0sp1/nios2eds/bin/gnu/h-i686-mingw32/bin/../lib/gcc/nios2-elf/4.1.2\libgcc.a(_pack_sf.o)
                0x00003538                __pack_f
 .text          0x00003698       0xc8 c:/altera/13.0sp1/nios2eds/bin/gnu/h-i686-mingw32/bin/../lib/gcc/nios2-elf/4.1.2\libgcc.a(_unpack_sf.o)
                0x00003698                __unpack_f
 .text          0x00003760      0x314 c:/altera/13.0sp1/nios2eds/bin/gnu/h-i686-mingw32/bin/../lib/gcc/nios2-elf/4.1.2\libgcc.a(_pack_df.o)
                0x00003760                __pack_d
 .text          0x00003a74       0xa0 c:/altera/13.0sp1/nios2eds/bin/gnu/h-i686-mingw32/bin/../lib/gcc/nios2-elf/4.1.2/../../../../nios2-elf/lib\libc.a(lib_a-memcpy.o)
                0x00003a74                memcpy
 .text          0x00003b14       0x98 c:/altera/13.0sp1/nios2eds/bin/gnu/h-i686-mingw32/bin/../lib/gcc/nios2-elf/4.1.2/../../../../nios2-elf/lib\libc.a(lib_a-memset.o)
                0x00003b14                memset
 .text          0x00003bac       0x78 c:/altera/13.0sp1/nios2eds/bin/gnu/h-i686-mingw32/bin/../lib/gcc/nios2-elf/4.1.2/../../../../nios2-elf/lib\libc.a(lib_a-printf.o)
                0x00003bac                printf
                0x00003bf0                _printf_r
 .text          0x00003c24     0x1f28 c:/altera/13.0sp1/nios2eds/bin/gnu/h-i686-mingw32/bin/../lib/gcc/nios2-elf/4.1.2/../../../../nios2-elf/lib\libc.a(lib_a-vfprintf.o)
                0x00003c7c                ___vfprintf_internal_r
                0x00005b28                __vfprintf_internal
 .text          0x00005b4c      0x13c c:/altera/13.0sp1/nios2eds/bin/gnu/h-i686-mingw32/bin/../lib/gcc/nios2-elf/4.1.2/../../../../nios2-elf/lib\libc.a(lib_a-wsetup.o)
                0x00005b4c                __swsetup_r
 .text          0x00005c88     0x17cc c:/altera/13.0sp1/nios2eds/bin/gnu/h-i686-mingw32/bin/../lib/gcc/nios2-elf/4.1.2/../../../../nios2-elf/lib\libc.a(lib_a-dtoa.o)
                0x00005ea0                _dtoa_r
 .text          0x00007454      0x230 c:/altera/13.0sp1/nios2eds/bin/gnu/h-i686-mingw32/bin/../lib/gcc/nios2-elf/4.1.2/../../../../nios2-elf/lib\libc.a(lib_a-fflush.o)
                0x00007454                _fflush_r
                0x00007650                fflush
 .text          0x00007684      0x2c0 c:/altera/13.0sp1/nios2eds/bin/gnu/h-i686-mingw32/bin/../lib/gcc/nios2-elf/4.1.2/../../../../nios2-elf/lib\libc.a(lib_a-findfp.o)
                0x000076dc                __sfp_lock_acquire
                0x000076e0                __sfp_lock_release
                0x000076e4                __sinit_lock_acquire
                0x000076e8                __sinit_lock_release
                0x000076ec                __sinit
                0x000077a0                __fp_unlock_all
                0x000077b8                __fp_lock_all
                0x000077d0                _cleanup_r
                0x000077dc                _cleanup
                0x000077ec                __sfmoreglue
                0x00007854                __sfp
 .text          0x00007944      0x440 c:/altera/13.0sp1/nios2eds/bin/gnu/h-i686-mingw32/bin/../lib/gcc/nios2-elf/4.1.2/../../../../nios2-elf/lib\libc.a(lib_a-freer.o)
                0x00007944                _malloc_trim_r
                0x00007a70                _free_r
 .text          0x00007d84      0x49c c:/altera/13.0sp1/nios2eds/bin/gnu/h-i686-mingw32/bin/../lib/gcc/nios2-elf/4.1.2/../../../../nios2-elf/lib\libc.a(lib_a-fvwrite.o)
                0x00007d84                __sfvwrite_r
 .text          0x00008220      0x180 c:/altera/13.0sp1/nios2eds/bin/gnu/h-i686-mingw32/bin/../lib/gcc/nios2-elf/4.1.2/../../../../nios2-elf/lib\libc.a(lib_a-fwalk.o)
                0x00008220                _fwalk_reent
                0x000082e8                _fwalk
 .text          0x000083a0        0x0 c:/altera/13.0sp1/nios2eds/bin/gnu/h-i686-mingw32/bin/../lib/gcc/nios2-elf/4.1.2/../../../../nios2-elf/lib\libc.a(lib_a-impure.o)
 .text          0x000083a0       0xc4 c:/altera/13.0sp1/nios2eds/bin/gnu/h-i686-mingw32/bin/../lib/gcc/nios2-elf/4.1.2/../../../../nios2-elf/lib\libc.a(lib_a-locale.o)
                0x000083a0                __locale_charset
                0x000083a8                _localeconv_r
                0x000083b4                localeconv
                0x000083c4                _setlocale_r
                0x00008448                setlocale
 .text          0x00008464      0x194 c:/altera/13.0sp1/nios2eds/bin/gnu/h-i686-mingw32/bin/../lib/gcc/nios2-elf/4.1.2/../../../../nios2-elf/lib\libc.a(lib_a-makebuf.o)
                0x00008464                __smakebuf_r
 .text          0x000085f8      0x740 c:/altera/13.0sp1/nios2eds/bin/gnu/h-i686-mingw32/bin/../lib/gcc/nios2-elf/4.1.2/../../../../nios2-elf/lib\libc.a(lib_a-mallocr.o)
                0x000085f8                _malloc_r
 .text          0x00008d38       0xe4 c:/altera/13.0sp1/nios2eds/bin/gnu/h-i686-mingw32/bin/../lib/gcc/nios2-elf/4.1.2/../../../../nios2-elf/lib\libc.a(lib_a-memchr.o)
                0x00008d38                memchr
 .text          0x00008e1c       0xe0 c:/altera/13.0sp1/nios2eds/bin/gnu/h-i686-mingw32/bin/../lib/gcc/nios2-elf/4.1.2/../../../../nios2-elf/lib\libc.a(lib_a-memmove.o)
                0x00008e1c                memmove
 .text          0x00008efc      0xff4 c:/altera/13.0sp1/nios2eds/bin/gnu/h-i686-mingw32/bin/../lib/gcc/nios2-elf/4.1.2/../../../../nios2-elf/lib\libc.a(lib_a-mprec.o)
                0x00008efc                _Bfree
                0x00008f24                __hi0bits
                0x00008f94                __lo0bits
                0x00009058                __mcmp
                0x000090b8                __ulp
                0x00009138                __b2d
                0x00009258                __ratio
                0x00009308                _mprec_log10
                0x0000939c                __copybits
                0x000093f4                __any_on
                0x0000947c                _Balloc
                0x00009538                __d2b
                0x000096b4                __mdiff
                0x00009840                __lshift
                0x0000998c                __multiply
                0x00009b74                __i2b
                0x00009bb0                __multadd
                0x00009cb0                __pow5mult
                0x00009dd0                __s2b
 .text          0x00009ef0      0x5f4 c:/altera/13.0sp1/nios2eds/bin/gnu/h-i686-mingw32/bin/../lib/gcc/nios2-elf/4.1.2/../../../../nios2-elf/lib\libc.a(lib_a-reallocr.o)
                0x00009ef0                _realloc_r
 .text          0x0000a4e4       0x40 c:/altera/13.0sp1/nios2eds/bin/gnu/h-i686-mingw32/bin/../lib/gcc/nios2-elf/4.1.2/../../../../nios2-elf/lib\libc.a(lib_a-s_isinfd.o)
                0x0000a4e4                __isinfd
 .text          0x0000a524       0x30 c:/altera/13.0sp1/nios2eds/bin/gnu/h-i686-mingw32/bin/../lib/gcc/nios2-elf/4.1.2/../../../../nios2-elf/lib\libc.a(lib_a-s_isnand.o)
                0x0000a524                __isnand
 .text          0x0000a554       0x70 c:/altera/13.0sp1/nios2eds/bin/gnu/h-i686-mingw32/bin/../lib/gcc/nios2-elf/4.1.2/../../../../nios2-elf/lib\libc.a(lib_a-sbrkr.o)
                0x0000a554                _sbrk_r
 .text          0x0000a5c4      0x14c c:/altera/13.0sp1/nios2eds/bin/gnu/h-i686-mingw32/bin/../lib/gcc/nios2-elf/4.1.2/../../../../nios2-elf/lib\libc.a(lib_a-stdio.o)
                0x0000a5c4                __sclose
                0x0000a5cc                __sseek
                0x0000a634                __swrite
                0x0000a6b0                __sread
 .text          0x0000a710       0xbc c:/altera/13.0sp1/nios2eds/bin/gnu/h-i686-mingw32/bin/../lib/gcc/nios2-elf/4.1.2/../../../../nios2-elf/lib\libc.a(lib_a-strcmp.o)
                0x0000a710                strcmp
 .text          0x0000a7cc       0x74 c:/altera/13.0sp1/nios2eds/bin/gnu/h-i686-mingw32/bin/../lib/gcc/nios2-elf/4.1.2/../../../../nios2-elf/lib\libc.a(lib_a-strlen.o)
                0x0000a7cc                strlen
 .text          0x0000a840       0x78 c:/altera/13.0sp1/nios2eds/bin/gnu/h-i686-mingw32/bin/../lib/gcc/nios2-elf/4.1.2/../../../../nios2-elf/lib\libc.a(lib_a-writer.o)
                0x0000a840                _write_r
 .text          0x0000a8b8       0xb4 c:/altera/13.0sp1/nios2eds/bin/gnu/h-i686-mingw32/bin/../lib/gcc/nios2-elf/4.1.2/../../../../nios2-elf/lib\libc.a(lib_a-callocr.o)
                0x0000a8b8                _calloc_r
 .text          0x0000a96c       0x70 c:/altera/13.0sp1/nios2eds/bin/gnu/h-i686-mingw32/bin/../lib/gcc/nios2-elf/4.1.2/../../../../nios2-elf/lib\libc.a(lib_a-closer.o)
                0x0000a96c                _close_r
 .text          0x0000a9dc      0x124 c:/altera/13.0sp1/nios2eds/bin/gnu/h-i686-mingw32/bin/../lib/gcc/nios2-elf/4.1.2/../../../../nios2-elf/lib\libc.a(lib_a-fclose.o)
                0x0000a9dc                _fclose_r
                0x0000aaec                fclose
 .text          0x0000ab00       0x74 c:/altera/13.0sp1/nios2eds/bin/gnu/h-i686-mingw32/bin/../lib/gcc/nios2-elf/4.1.2/../../../../nios2-elf/lib\libc.a(lib_a-fstatr.o)
                0x0000ab00                _fstat_r
 .text          0x0000ab74        0x0 c:/altera/13.0sp1/nios2eds/bin/gnu/h-i686-mingw32/bin/../lib/gcc/nios2-elf/4.1.2/../../../../nios2-elf/lib\libc.a(lib_a-int_errno.o)
 .text          0x0000ab74       0x70 c:/altera/13.0sp1/nios2eds/bin/gnu/h-i686-mingw32/bin/../lib/gcc/nios2-elf/4.1.2/../../../../nios2-elf/lib\libc.a(lib_a-isattyr.o)
                0x0000ab74                _isatty_r
 .text          0x0000abe4       0x78 c:/altera/13.0sp1/nios2eds/bin/gnu/h-i686-mingw32/bin/../lib/gcc/nios2-elf/4.1.2/../../../../nios2-elf/lib\libc.a(lib_a-lseekr.o)
                0x0000abe4                _lseek_r
 .text          0x0000ac5c       0x78 c:/altera/13.0sp1/nios2eds/bin/gnu/h-i686-mingw32/bin/../lib/gcc/nios2-elf/4.1.2/../../../../nios2-elf/lib\libc.a(lib_a-readr.o)
                0x0000ac5c                _read_r
 .text          0x0000acd4      0x5dc c:/altera/13.0sp1/nios2eds/bin/gnu/h-i686-mingw32/bin/../lib/gcc/nios2-elf/4.1.2\libgcc.a(_udivdi3.o)
                0x0000acd4                __udivdi3
 .text          0x0000b2b0      0x5b0 c:/altera/13.0sp1/nios2eds/bin/gnu/h-i686-mingw32/bin/../lib/gcc/nios2-elf/4.1.2\libgcc.a(_umoddi3.o)
                0x0000b2b0                __umoddi3
 .text          0x0000b860      0x504 c:/altera/13.0sp1/nios2eds/bin/gnu/h-i686-mingw32/bin/../lib/gcc/nios2-elf/4.1.2\libgcc.a(_addsub_df.o)
                0x0000bc70                __subdf3
                0x0000bcf0                __adddf3
 .text          0x0000bd64      0x3c4 c:/altera/13.0sp1/nios2eds/bin/gnu/h-i686-mingw32/bin/../lib/gcc/nios2-elf/4.1.2\libgcc.a(_mul_df.o)
                0x0000bd64                __muldf3
 .text          0x0000c128      0x258 c:/altera/13.0sp1/nios2eds/bin/gnu/h-i686-mingw32/bin/../lib/gcc/nios2-elf/4.1.2\libgcc.a(_div_df.o)
                0x0000c128                __divdf3
 .text          0x0000c380       0x88 c:/altera/13.0sp1/nios2eds/bin/gnu/h-i686-mingw32/bin/../lib/gcc/nios2-elf/4.1.2\libgcc.a(_eq_df.o)
                0x0000c380                __eqdf2
 .text          0x0000c408       0x88 c:/altera/13.0sp1/nios2eds/bin/gnu/h-i686-mingw32/bin/../lib/gcc/nios2-elf/4.1.2\libgcc.a(_ne_df.o)
                0x0000c408                __nedf2
 .text          0x0000c490       0x88 c:/altera/13.0sp1/nios2eds/bin/gnu/h-i686-mingw32/bin/../lib/gcc/nios2-elf/4.1.2\libgcc.a(_gt_df.o)
                0x0000c490                __gtdf2
 .text          0x0000c518       0x88 c:/altera/13.0sp1/nios2eds/bin/gnu/h-i686-mingw32/bin/../lib/gcc/nios2-elf/4.1.2\libgcc.a(_ge_df.o)
                0x0000c518                __gedf2
 .text          0x0000c5a0       0x88 c:/altera/13.0sp1/nios2eds/bin/gnu/h-i686-mingw32/bin/../lib/gcc/nios2-elf/4.1.2\libgcc.a(_lt_df.o)
                0x0000c5a0                __ltdf2
 .text          0x0000c628       0xf8 c:/altera/13.0sp1/nios2eds/bin/gnu/h-i686-mingw32/bin/../lib/gcc/nios2-elf/4.1.2\libgcc.a(_si_to_df.o)
                0x0000c628                __floatsidf
 .text          0x0000c720       0xd8 c:/altera/13.0sp1/nios2eds/bin/gnu/h-i686-mingw32/bin/../lib/gcc/nios2-elf/4.1.2\libgcc.a(_df_to_si.o)
                0x0000c720                __fixdfsi
 .text          0x0000c7f8        0x0 c:/altera/13.0sp1/nios2eds/bin/gnu/h-i686-mingw32/bin/../lib/gcc/nios2-elf/4.1.2\libgcc.a(_thenan_df.o)
 .text          0x0000c7f8      0x194 c:/altera/13.0sp1/nios2eds/bin/gnu/h-i686-mingw32/bin/../lib/gcc/nios2-elf/4.1.2\libgcc.a(_usi_to_df.o)
                0x0000c7f8                __floatunsidf
 .text          0x0000c98c      0x138 c:/altera/13.0sp1/nios2eds/bin/gnu/h-i686-mingw32/bin/../lib/gcc/nios2-elf/4.1.2\libgcc.a(_unpack_df.o)
                0x0000c98c                __unpack_d
 .text          0x0000cac4       0xc8 c:/altera/13.0sp1/nios2eds/bin/gnu/h-i686-mingw32/bin/../lib/gcc/nios2-elf/4.1.2\libgcc.a(_fpcmp_parts_df.o)
                0x0000cac4                __fpcmp_parts_d
 .text          0x0000cb8c      0x15c ../New_Project_bsp/\libhal_bsp.a(alt_close.o)
                0x0000cb8c                close
 .text          0x0000cce8       0x2c ../New_Project_bsp/\libhal_bsp.a(alt_dev.o)
 .text          0x0000cd14        0x0 ../New_Project_bsp/\libhal_bsp.a(alt_errno.o)
 .text          0x0000cd14      0x134 ../New_Project_bsp/\libhal_bsp.a(alt_fstat.o)
                0x0000cd14                fstat
 .text          0x0000ce48      0x1c0 ../New_Project_bsp/\libhal_bsp.a(alt_irq_register.o)
                0x0000ce48                alt_irq_register
 .text          0x0000d008        0x0 ../New_Project_bsp/\libhal_bsp.a(alt_irq_vars.o)
 .text          0x0000d008      0x120 ../New_Project_bsp/\libhal_bsp.a(alt_isatty.o)
                0x0000d008                isatty
 .text          0x0000d128       0xec ../New_Project_bsp/\libhal_bsp.a(alt_load.o)
                0x0000d128                alt_load
 .text          0x0000d214      0x150 ../New_Project_bsp/\libhal_bsp.a(alt_lseek.o)
                0x0000d214                lseek
 .text          0x0000d364       0x6c ../New_Project_bsp/\libhal_bsp.a(alt_main.o)
                0x0000d364                alt_main
 .text          0x0000d3d0       0x40 ../New_Project_bsp/\libhal_bsp.a(alt_malloc_lock.o)
                0x0000d3d0                __malloc_lock
                0x0000d3f0                __malloc_unlock
 .text          0x0000d410      0x258 ../New_Project_bsp/\libhal_bsp.a(alt_printf.o)
                0x0000d410                alt_printf
 .text          0x0000d668       0x40 ../New_Project_bsp/\libhal_bsp.a(alt_putchar.o)
                0x0000d668                alt_putchar
 .text          0x0000d6a8      0x180 ../New_Project_bsp/\libhal_bsp.a(alt_read.o)
                0x0000d6a8                read
 .text          0x0000d828       0x60 ../New_Project_bsp/\libhal_bsp.a(alt_release_fd.o)
                0x0000d828                alt_release_fd
 .text          0x0000d888       0xbc ../New_Project_bsp/\libhal_bsp.a(alt_sbrk.o)
                0x0000d888                sbrk
 .text          0x0000d944      0x180 ../New_Project_bsp/\libhal_bsp.a(alt_write.o)
                0x0000d944                write
 .text          0x0000dac4      0x47c ../New_Project_bsp/\libhal_bsp.a(alt_sys_init.o)
                0x0000dac4                alt_irq_init
                0x0000daf8                alt_sys_init
 .text          0x0000df40      0x148 ../New_Project_bsp/\libhal_bsp.a(altera_avalon_jtag_uart_fd.o)
                0x0000df40                altera_avalon_jtag_uart_read_fd
                0x0000df98                altera_avalon_jtag_uart_write_fd
                0x0000dff0                altera_avalon_jtag_uart_close_fd
                0x0000e038                altera_avalon_jtag_uart_ioctl_fd
 .text          0x0000e088      0x408 ../New_Project_bsp/\libhal_bsp.a(altera_avalon_jtag_uart_init.o)
                0x0000e088                altera_avalon_jtag_uart_init
                0x0000e41c                altera_avalon_jtag_uart_close
 .text          0x0000e490       0xf4 ../New_Project_bsp/\libhal_bsp.a(altera_avalon_jtag_uart_ioctl.o)
                0x0000e490                altera_avalon_jtag_uart_ioctl
 .text          0x0000e584      0x224 ../New_Project_bsp/\libhal_bsp.a(altera_avalon_jtag_uart_read.o)
                0x0000e584                altera_avalon_jtag_uart_read
 .text          0x0000e7a8      0x240 ../New_Project_bsp/\libhal_bsp.a(altera_avalon_jtag_uart_write.o)
                0x0000e7a8                altera_avalon_jtag_uart_write
 .text          0x0000e9e8      0x168 ../New_Project_bsp/\libhal_bsp.a(altera_avalon_timer_ts.o)
                0x0000e9e8                alt_timestamp_start
                0x0000ea8c                alt_timestamp
                0x0000eb28                alt_timestamp_freq
 .text          0x0000eb50        0x0 ../New_Project_bsp/\libhal_bsp.a(altera_avalon_timer_vars.o)
 .text          0x0000eb50      0x80c ../New_Project_bsp/\libhal_bsp.a(altera_up_avalon_audio.o)
                0x0000eb50                alt_up_audio_open_dev
                0x0000eb90                alt_up_audio_enable_read_interrupt
                0x0000ebdc                alt_up_audio_disable_read_interrupt
                0x0000ec2c                alt_up_audio_enable_write_interrupt
                0x0000ec78                alt_up_audio_disable_write_interrupt
                0x0000ecc8                alt_up_audio_read_interrupt_pending
                0x0000ed04                alt_up_audio_write_interrupt_pending
                0x0000ed40                alt_up_audio_reset_audio_core
                0x0000edc8                alt_up_audio_read_fifo_avail
                0x0000ee38                alt_up_audio_record_r
                0x0000eea8                alt_up_audio_record_l
                0x0000ef18                alt_up_audio_write_fifo_space
                0x0000ef8c                alt_up_audio_play_r
                0x0000effc                alt_up_audio_play_l
                0x0000f06c                alt_up_audio_read_fifo
                0x0000f170                alt_up_audio_write_fifo
                0x0000f29c                alt_up_audio_read_fifo_head
                0x0000f2fc                alt_up_audio_write_fifo_head
 .text          0x0000f35c      0x530 ../New_Project_bsp/\libhal_bsp.a(altera_up_avalon_character_lcd.o)
                0x0000f35c                get_DDRAM_addr
                0x0000f3d8                alt_up_character_lcd_send_cmd
                0x0000f40c                alt_up_character_lcd_init
                0x0000f440                alt_up_character_lcd_open_dev
                0x0000f480                alt_up_character_lcd_write
                0x0000f4f8                alt_up_character_lcd_string
                0x0000f570                alt_up_character_lcd_write_fd
                0x0000f5bc                alt_up_character_lcd_set_cursor_pos
                0x0000f634                alt_up_character_lcd_shift_cursor
                0x0000f6e4                alt_up_character_lcd_shift_display
                0x0000f794                alt_up_character_lcd_erase_pos
                0x0000f824                alt_up_character_lcd_cursor_off
                0x0000f858                alt_up_character_lcd_cursor_blink_on
 .text          0x0000f88c      0x150 ../New_Project_bsp/\libhal_bsp.a(altera_up_avalon_ethernet.o)
                0x0000f88c                alt_up_ethernet_init
                0x0000f99c                alt_up_ethernet_open_dev
 .text          0x0000f9dc      0x238 ../New_Project_bsp/\libhal_bsp.a(altera_up_avalon_ethernet_low_level_driver.o)
                0x0000f9dc                alt_up_ethernet_reg_read
                0x0000fa18                alt_up_ethernet_reg_write
                0x0000fa5c                alt_up_ethernet_phy_reg_read
                0x0000fb3c                alt_up_ethernet_phy_reg_write
 .text          0x0000fc14      0x394 ../New_Project_bsp/\libhal_bsp.a(altera_up_avalon_irda.o)
                0x0000fc14                alt_up_irda_enable_read_interrupt
                0x0000fc68                alt_up_irda_disable_read_interrupt
                0x0000fcc0                alt_up_irda_get_used_space_in_read_FIFO
                0x0000fcfc                alt_up_irda_get_available_space_in_write_FIFO
                0x0000fd3c                alt_up_irda_check_parity
                0x0000fd8c                alt_up_irda_write_data
                0x0000fdd4                alt_up_irda_read_data
                0x0000fe48                alt_up_irda_read_fd
                0x0000fed8                alt_up_irda_write_fd
                0x0000ff68                alt_up_irda_open_dev
 .text          0x0000ffa8       0x40 ../New_Project_bsp/\libhal_bsp.a(altera_up_avalon_parallel_port.o)
                0x0000ffa8                alt_up_parallel_port_open_dev
 .text          0x0000ffe8      0x700 ../New_Project_bsp/\libhal_bsp.a(altera_up_avalon_ps2.o)
                0x0000ffe8                read_RI_bit
                0x0001001c                read_RE_bit
                0x0001004c                read_CE_bit
                0x00010080                read_num_bytes_available
                0x000100b4                read_data_valid
                0x000100e8                read_data_byte
                0x00010114                alt_up_ps2_init
                0x000101e0                alt_up_ps2_enable_read_interrupt
                0x00010234                alt_up_ps2_disable_read_interrupt
                0x0001028c                alt_up_ps2_write_data_byte
                0x00010304                alt_up_ps2_wait_for_ack
                0x00010374                alt_up_ps2_write_data_byte_with_ack
                0x000103e0                alt_up_ps2_read_data_byte_timeout
                0x00010490                alt_up_ps2_read_data_byte
                0x0001050c                alt_up_ps2_clear_fifo
                0x00010564                alt_up_ps2_read_fd
                0x00010600                alt_up_ps2_write_fd
                0x000106a8                alt_up_ps2_open_dev
 .text          0x000106e8      0x398 ../New_Project_bsp/\libhal_bsp.a(altera_up_avalon_rs232.o)
                0x000106e8                alt_up_rs232_enable_read_interrupt
                0x0001073c                alt_up_rs232_disable_read_interrupt
                0x00010794                alt_up_rs232_get_used_space_in_read_FIFO
                0x000107d0                alt_up_rs232_get_available_space_in_write_FIFO
                0x00010810                alt_up_rs232_check_parity
                0x00010860                alt_up_rs232_write_data
                0x000108a8                alt_up_rs232_read_data
                0x0001091c                alt_up_rs232_read_fd
                0x000109ac                alt_up_rs232_write_fd
                0x00010a40                alt_up_rs232_open_dev
 .text          0x00010a80      0x304 ../New_Project_bsp/\libhal_bsp.a(altera_up_avalon_video_character_buffer_with_dma.o)
                0x00010a80                alt_up_char_buffer_init
                0x00010b04                alt_up_char_buffer_open_dev
                0x00010b44                alt_up_char_buffer_draw
                0x00010c14                alt_up_char_buffer_string
                0x00010d28                alt_up_char_buffer_clear
 .text          0x00010d84     0x156c ../New_Project_bsp/\libhal_bsp.a(altera_up_avalon_video_pixel_buffer_dma.o)
                0x00010d84                alt_up_pixel_buffer_dma_open_dev
                0x00010dc4                alt_up_pixel_buffer_dma_draw
                0x00010f64                alt_up_pixel_buffer_dma_change_back_buffer_address
                0x00010fbc                alt_up_pixel_buffer_dma_swap_buffers
                0x00011014                alt_up_pixel_buffer_dma_check_swap_buffers_status
                0x00011048                alt_up_pixel_buffer_dma_clear_screen
                0x000111ac                alt_up_pixel_buffer_dma_draw_box
                0x000116a0                alt_up_pixel_buffer_dma_draw_hline
                0x000119f0                alt_up_pixel_buffer_dma_draw_vline
                0x00011dc0                alt_up_pixel_buffer_dma_draw_rectangle
                0x00011e84                helper_plot_pixel
                0x00011f54                alt_up_pixel_buffer_dma_draw_line
 .text          0x000122f0      0x154 ../New_Project_bsp/\libhal_bsp.a(alt_alarm_start.o)
                0x000122f0                alt_alarm_start
 .text          0x00012444       0x1c ../New_Project_bsp/\libhal_bsp.a(alt_dcache_flush_all.o)
                0x00012444                alt_dcache_flush_all
 .text          0x00012460      0x114 ../New_Project_bsp/\libhal_bsp.a(alt_dev_llist_insert.o)
                0x00012460                alt_dev_llist_insert
 .text          0x00012574       0x64 ../New_Project_bsp/\libhal_bsp.a(alt_do_ctors.o)
                0x00012574                _do_ctors
 .text          0x000125d8       0x64 ../New_Project_bsp/\libhal_bsp.a(alt_do_dtors.o)
                0x000125d8                _do_dtors
 .text          0x0001263c       0x94 ../New_Project_bsp/\libhal_bsp.a(alt_find_dev.o)
                0x0001263c                alt_find_dev
 .text          0x000126d0       0x30 ../New_Project_bsp/\libhal_bsp.a(alt_icache_flush_all.o)
                0x000126d0                alt_icache_flush_all
 .text          0x00012700      0x13c ../New_Project_bsp/\libhal_bsp.a(alt_io_redirect.o)
                0x000127c4                alt_io_redirect
 .text          0x0001283c        0x0 ../New_Project_bsp/\libhal_bsp.a(alt_irq_entry.o)
 .text          0x0001283c        0x0 ../New_Project_bsp/\libhal_bsp.a(alt_irq_handler.o)
 .text          0x0001283c      0x2c4 ../New_Project_bsp/\libhal_bsp.a(alt_open.o)
                0x00012918                open
 .text          0x00012b00      0x1a4 ../New_Project_bsp/\libhal_bsp.a(alt_tick.o)
                0x00012b00                alt_alarm_stop
                0x00012b98                alt_tick
 .text          0x00012ca4       0x30 ../New_Project_bsp/\libhal_bsp.a(alt_usleep.o)
                0x00012ca4                usleep
 .text          0x00012cd4       0x20 ../New_Project_bsp/\libhal_bsp.a(altera_nios2_qsys_irq.o)
                0x00012cd4                altera_nios2_qsys_irq_init
 .text          0x00012cf4      0x12c ../New_Project_bsp/\libhal_bsp.a(alt_busy_sleep.o)
                0x00012cf4                alt_busy_sleep
 .text          0x00012e20        0x0 ../New_Project_bsp/\libhal_bsp.a(alt_exception_entry.o)
 .text          0x00012e20      0x120 ../New_Project_bsp/\libhal_bsp.a(alt_find_file.o)
                0x00012e20                alt_find_file
 .text          0x00012f40       0xb8 ../New_Project_bsp/\libhal_bsp.a(alt_get_fd.o)
                0x00012f40                alt_get_fd
 .text          0x00012ff8       0x90 ../New_Project_bsp/\libhal_bsp.a(alt_icache_flush.o)
                0x00012ff8                alt_icache_flush
 .text          0x00013088       0x14 c:/altera/13.0sp1/nios2eds/bin/gnu/h-i686-mingw32/bin/../lib/gcc/nios2-elf/4.1.2/../../../../nios2-elf/lib\libc.a(lib_a-atexit.o)
                0x00013088                atexit
 .text          0x0001309c       0x38 c:/altera/13.0sp1/nios2eds/bin/gnu/h-i686-mingw32/bin/../lib/gcc/nios2-elf/4.1.2/../../../../nios2-elf/lib\libc.a(lib_a-exit.o)
                0x0001309c                exit
 .text          0x000130d4       0x74 c:/altera/13.0sp1/nios2eds/bin/gnu/h-i686-mingw32/bin/../lib/gcc/nios2-elf/4.1.2/../../../../nios2-elf/lib\libc.a(lib_a-memcmp.o)
                0x000130d4                memcmp
 .text          0x00013148      0x1ec c:/altera/13.0sp1/nios2eds/bin/gnu/h-i686-mingw32/bin/../lib/gcc/nios2-elf/4.1.2/../../../../nios2-elf/lib\libc.a(lib_a-putc.o)
                0x00013148                putc
                0x0001324c                _putc_r
 .text          0x00013334      0x14c c:/altera/13.0sp1/nios2eds/bin/gnu/h-i686-mingw32/bin/../lib/gcc/nios2-elf/4.1.2/../../../../nios2-elf/lib\libc.a(lib_a-wbuf.o)
                0x00013334                __swbuf_r
                0x00013464                __swbuf
 .text          0x00013480      0x134 c:/altera/13.0sp1/nios2eds/bin/gnu/h-i686-mingw32/bin/../lib/gcc/nios2-elf/4.1.2/../../../../nios2-elf/lib\libc.a(lib_a-__atexit.o)
                0x00013480                __register_exitproc
 .text          0x000135b4      0x1b4 c:/altera/13.0sp1/nios2eds/bin/gnu/h-i686-mingw32/bin/../lib/gcc/nios2-elf/4.1.2/../../../../nios2-elf/lib\libc.a(lib_a-__call_atexit.o)
                0x000135b8                __call_exitprocs
 .text          0x00013768       0x60 ../New_Project_bsp/\libhal_bsp.a(alt_exit.o)
                0x000137a8                _exit
 *(.gnu.warning.*)
 *(.fini)
                0x000137c8                PROVIDE (__etext, ABSOLUTE (.))
                0x000137c8                PROVIDE (_etext, ABSOLUTE (.))
                0x000137c8                PROVIDE (etext, ABSOLUTE (.))
 *(.eh_frame_hdr)
                0x000137c8                . = ALIGN (0x4)
                0x000137c8                PROVIDE (__preinit_array_start, ABSOLUTE (.))
 *(.preinit_array)
                0x000137c8                PROVIDE (__preinit_array_end, ABSOLUTE (.))
                0x000137c8                PROVIDE (__init_array_start, ABSOLUTE (.))
 *(.init_array)
                0x000137c8                PROVIDE (__init_array_end, ABSOLUTE (.))
                0x000137c8                PROVIDE (__fini_array_start, ABSOLUTE (.))
 *(.fini_array)
                0x000137c8                PROVIDE (__fini_array_end, ABSOLUTE (.))
 *(.eh_frame)
 *(.gcc_except_table)
 *(.dynamic)
                0x000137c8                PROVIDE (__CTOR_LIST__, ABSOLUTE (.))
 *(.ctors)
 *(SORT(.ctors.*))
 .ctors.65535   0x000137c8        0x4 c:/altera/13.0sp1/nios2eds/bin/gnu/h-i686-mingw32/bin/../lib/gcc/nios2-elf/4.1.2/../../../../nios2-elf/lib\libc.a(lib_a-__call_atexit.o)
                0x000137cc                PROVIDE (__CTOR_END__, ABSOLUTE (.))
                0x000137cc                PROVIDE (__DTOR_LIST__, ABSOLUTE (.))
 *(.dtors)
 *(SORT(.dtors.*))
                0x000137cc                PROVIDE (__DTOR_END__, ABSOLUTE (.))
 *(.jcr)
                0x000137cc                . = ALIGN (0x4)

.rodata         0x000137cc      0x858
                0x000137cc                PROVIDE (__ram_rodata_start, ABSOLUTE (.))
                0x000137cc                . = ALIGN (0x4)
 *(.rodata .rodata.* .gnu.linkonce.r.*)
 .rodata        0x000137cc      0x398 obj/default/media_interrupt_HAL.o
 .rodata        0x00013b64      0x100 c:/altera/13.0sp1/nios2eds/bin/gnu/h-i686-mingw32/bin/../lib/gcc/nios2-elf/4.1.2\libgcc.a(_clz.o)
                0x00013b64                __clz_tab
 .rodata.str1.4
                0x00013c64       0x5e c:/altera/13.0sp1/nios2eds/bin/gnu/h-i686-mingw32/bin/../lib/gcc/nios2-elf/4.1.2/../../../../nios2-elf/lib\libc.a(lib_a-vfprintf.o)
                                 0x60 (size before relaxing)
 .rodata        0x00013cc2       0x20 c:/altera/13.0sp1/nios2eds/bin/gnu/h-i686-mingw32/bin/../lib/gcc/nios2-elf/4.1.2/../../../../nios2-elf/lib\libc.a(lib_a-vfprintf.o)
 *fill*         0x00013ce2        0x2 00
 .rodata.str1.4
                0x00013ce4       0x10 c:/altera/13.0sp1/nios2eds/bin/gnu/h-i686-mingw32/bin/../lib/gcc/nios2-elf/4.1.2/../../../../nios2-elf/lib\libc.a(lib_a-dtoa.o)
                                 0x14 (size before relaxing)
 .rodata.str1.4
                0x00013cf4        0x2 c:/altera/13.0sp1/nios2eds/bin/gnu/h-i686-mingw32/bin/../lib/gcc/nios2-elf/4.1.2/../../../../nios2-elf/lib\libc.a(lib_a-impure.o)
                                  0x4 (size before relaxing)
 *fill*         0x00013cf6        0x2 00
 .rodata.str1.4
                0x00013cf8       0x10 c:/altera/13.0sp1/nios2eds/bin/gnu/h-i686-mingw32/bin/../lib/gcc/nios2-elf/4.1.2/../../../../nios2-elf/lib\libc.a(lib_a-locale.o)
                                 0x18 (size before relaxing)
 .rodata        0x00013d08       0x30 c:/altera/13.0sp1/nios2eds/bin/gnu/h-i686-mingw32/bin/../lib/gcc/nios2-elf/4.1.2/../../../../nios2-elf/lib\libc.a(lib_a-locale.o)
 .rodata        0x00013d38      0x124 c:/altera/13.0sp1/nios2eds/bin/gnu/h-i686-mingw32/bin/../lib/gcc/nios2-elf/4.1.2/../../../../nios2-elf/lib\libc.a(lib_a-mprec.o)
                0x00013d38                __mprec_tens
                0x00013e00                __mprec_bigtens
                0x00013e28                __mprec_tinytens
 .rodata        0x00013e5c       0x14 c:/altera/13.0sp1/nios2eds/bin/gnu/h-i686-mingw32/bin/../lib/gcc/nios2-elf/4.1.2\libgcc.a(_thenan_df.o)
                0x00013e5c                __thenan_df
 .rodata        0x00013e70        0xc ../New_Project_bsp/\libhal_bsp.a(alt_dev.o)
 .rodata        0x00013e7c       0x10 ../New_Project_bsp/\libhal_bsp.a(alt_main.o)
 .rodata        0x00013e8c      0x17c ../New_Project_bsp/\libhal_bsp.a(alt_sys_init.o)
 .rodata        0x00014008       0x1c ../New_Project_bsp/\libhal_bsp.a(altera_up_avalon_video_character_buffer_with_dma.o)
 *(.rodata1)
                0x00014024                . = ALIGN (0x4)
                0x00014024                PROVIDE (__ram_rodata_end, ABSOLUTE (.))
                0x000137cc                PROVIDE (__flash_rodata_start, LOADADDR (.rodata))

.rwdata         0x00014024     0x2090 load address 0x000160b4
                0x00014024                PROVIDE (__ram_rwdata_start, ABSOLUTE (.))
                0x00014024                . = ALIGN (0x4)
 *(.got.plt)
 *(.got)
 *(.data1)
 *(.data .data.* .gnu.linkonce.d.*)
 .data          0x00014024        0x0 ../New_Project_bsp//obj/HAL/src/crt0.o
 .data          0x00014024        0x0 obj/default/PS2_ISR.o
 .data          0x00014024        0x0 obj/default/amplitude_calculation.o
 .data          0x00014024        0x0 obj/default/audio_ISR.o
 .data          0x00014024        0x0 obj/default/globals.o
 .data          0x00014024        0x0 obj/default/interval_timer_ISR.o
 .data          0x00014024      0x280 obj/default/media_interrupt_HAL.o
                0x00014024                coeff
                0x000140a4                Mouse_Icon
 .data          0x000142a4        0x0 obj/default/pushbutton_ISR.o
 .data          0x000142a4        0x0 c:/altera/13.0sp1/nios2eds/bin/gnu/h-i686-mingw32/bin/../lib/gcc/nios2-elf/4.1.2\libgcc.a(_muldi3.o)
 .data          0x000142a4        0x0 c:/altera/13.0sp1/nios2eds/bin/gnu/h-i686-mingw32/bin/../lib/gcc/nios2-elf/4.1.2\libgcc.a(_divdi3.o)
 .data          0x000142a4        0x0 c:/altera/13.0sp1/nios2eds/bin/gnu/h-i686-mingw32/bin/../lib/gcc/nios2-elf/4.1.2\libgcc.a(_sf_to_df.o)
 .data          0x000142a4        0x0 c:/altera/13.0sp1/nios2eds/bin/gnu/h-i686-mingw32/bin/../lib/gcc/nios2-elf/4.1.2\libgcc.a(_usi_to_sf.o)
 .data          0x000142a4        0x0 c:/altera/13.0sp1/nios2eds/bin/gnu/h-i686-mingw32/bin/../lib/gcc/nios2-elf/4.1.2\libgcc.a(_make_df.o)
 .data          0x000142a4        0x0 c:/altera/13.0sp1/nios2eds/bin/gnu/h-i686-mingw32/bin/../lib/gcc/nios2-elf/4.1.2\libgcc.a(lib2-divmod.o)
 .data          0x000142a4        0x0 c:/altera/13.0sp1/nios2eds/bin/gnu/h-i686-mingw32/bin/../lib/gcc/nios2-elf/4.1.2\libgcc.a(_clz.o)
 .data          0x000142a4        0x0 c:/altera/13.0sp1/nios2eds/bin/gnu/h-i686-mingw32/bin/../lib/gcc/nios2-elf/4.1.2\libgcc.a(_clzsi2.o)
 .data          0x000142a4        0x0 c:/altera/13.0sp1/nios2eds/bin/gnu/h-i686-mingw32/bin/../lib/gcc/nios2-elf/4.1.2\libgcc.a(_pack_sf.o)
 .data          0x000142a4        0x0 c:/altera/13.0sp1/nios2eds/bin/gnu/h-i686-mingw32/bin/../lib/gcc/nios2-elf/4.1.2\libgcc.a(_unpack_sf.o)
 .data          0x000142a4        0x0 c:/altera/13.0sp1/nios2eds/bin/gnu/h-i686-mingw32/bin/../lib/gcc/nios2-elf/4.1.2\libgcc.a(_pack_df.o)
 .data          0x000142a4        0x0 c:/altera/13.0sp1/nios2eds/bin/gnu/h-i686-mingw32/bin/../lib/gcc/nios2-elf/4.1.2/../../../../nios2-elf/lib\libc.a(lib_a-memcpy.o)
 .data          0x000142a4        0x0 c:/altera/13.0sp1/nios2eds/bin/gnu/h-i686-mingw32/bin/../lib/gcc/nios2-elf/4.1.2/../../../../nios2-elf/lib\libc.a(lib_a-memset.o)
 .data          0x000142a4        0x0 c:/altera/13.0sp1/nios2eds/bin/gnu/h-i686-mingw32/bin/../lib/gcc/nios2-elf/4.1.2/../../../../nios2-elf/lib\libc.a(lib_a-printf.o)
 .data          0x000142a4        0x0 c:/altera/13.0sp1/nios2eds/bin/gnu/h-i686-mingw32/bin/../lib/gcc/nios2-elf/4.1.2/../../../../nios2-elf/lib\libc.a(lib_a-vfprintf.o)
 .data          0x000142a4        0x0 c:/altera/13.0sp1/nios2eds/bin/gnu/h-i686-mingw32/bin/../lib/gcc/nios2-elf/4.1.2/../../../../nios2-elf/lib\libc.a(lib_a-wsetup.o)
 .data          0x000142a4        0x0 c:/altera/13.0sp1/nios2eds/bin/gnu/h-i686-mingw32/bin/../lib/gcc/nios2-elf/4.1.2/../../../../nios2-elf/lib\libc.a(lib_a-dtoa.o)
 .data          0x000142a4        0x0 c:/altera/13.0sp1/nios2eds/bin/gnu/h-i686-mingw32/bin/../lib/gcc/nios2-elf/4.1.2/../../../../nios2-elf/lib\libc.a(lib_a-fflush.o)
 .data          0x000142a4        0x0 c:/altera/13.0sp1/nios2eds/bin/gnu/h-i686-mingw32/bin/../lib/gcc/nios2-elf/4.1.2/../../../../nios2-elf/lib\libc.a(lib_a-findfp.o)
 .data          0x000142a4        0x0 c:/altera/13.0sp1/nios2eds/bin/gnu/h-i686-mingw32/bin/../lib/gcc/nios2-elf/4.1.2/../../../../nios2-elf/lib\libc.a(lib_a-freer.o)
 .data          0x000142a4        0x0 c:/altera/13.0sp1/nios2eds/bin/gnu/h-i686-mingw32/bin/../lib/gcc/nios2-elf/4.1.2/../../../../nios2-elf/lib\libc.a(lib_a-fvwrite.o)
 .data          0x000142a4        0x0 c:/altera/13.0sp1/nios2eds/bin/gnu/h-i686-mingw32/bin/../lib/gcc/nios2-elf/4.1.2/../../../../nios2-elf/lib\libc.a(lib_a-fwalk.o)
 .data          0x000142a4      0x400 c:/altera/13.0sp1/nios2eds/bin/gnu/h-i686-mingw32/bin/../lib/gcc/nios2-elf/4.1.2/../../../../nios2-elf/lib\libc.a(lib_a-impure.o)
 .data          0x000146a4        0xc c:/altera/13.0sp1/nios2eds/bin/gnu/h-i686-mingw32/bin/../lib/gcc/nios2-elf/4.1.2/../../../../nios2-elf/lib\libc.a(lib_a-locale.o)
                0x000146a4                __lc_ctype
 .data          0x000146b0        0x0 c:/altera/13.0sp1/nios2eds/bin/gnu/h-i686-mingw32/bin/../lib/gcc/nios2-elf/4.1.2/../../../../nios2-elf/lib\libc.a(lib_a-makebuf.o)
 .data          0x000146b0      0x408 c:/altera/13.0sp1/nios2eds/bin/gnu/h-i686-mingw32/bin/../lib/gcc/nios2-elf/4.1.2/../../../../nios2-elf/lib\libc.a(lib_a-mallocr.o)
                0x000146b0                __malloc_av_
 .data          0x00014ab8        0x0 c:/altera/13.0sp1/nios2eds/bin/gnu/h-i686-mingw32/bin/../lib/gcc/nios2-elf/4.1.2/../../../../nios2-elf/lib\libc.a(lib_a-memchr.o)
 .data          0x00014ab8        0x0 c:/altera/13.0sp1/nios2eds/bin/gnu/h-i686-mingw32/bin/../lib/gcc/nios2-elf/4.1.2/../../../../nios2-elf/lib\libc.a(lib_a-memmove.o)
 .data          0x00014ab8        0x0 c:/altera/13.0sp1/nios2eds/bin/gnu/h-i686-mingw32/bin/../lib/gcc/nios2-elf/4.1.2/../../../../nios2-elf/lib\libc.a(lib_a-mprec.o)
 .data          0x00014ab8        0x0 c:/altera/13.0sp1/nios2eds/bin/gnu/h-i686-mingw32/bin/../lib/gcc/nios2-elf/4.1.2/../../../../nios2-elf/lib\libc.a(lib_a-reallocr.o)
 .data          0x00014ab8        0x0 c:/altera/13.0sp1/nios2eds/bin/gnu/h-i686-mingw32/bin/../lib/gcc/nios2-elf/4.1.2/../../../../nios2-elf/lib\libc.a(lib_a-s_isinfd.o)
 .data          0x00014ab8        0x0 c:/altera/13.0sp1/nios2eds/bin/gnu/h-i686-mingw32/bin/../lib/gcc/nios2-elf/4.1.2/../../../../nios2-elf/lib\libc.a(lib_a-s_isnand.o)
 .data          0x00014ab8        0x0 c:/altera/13.0sp1/nios2eds/bin/gnu/h-i686-mingw32/bin/../lib/gcc/nios2-elf/4.1.2/../../../../nios2-elf/lib\libc.a(lib_a-sbrkr.o)
 .data          0x00014ab8        0x0 c:/altera/13.0sp1/nios2eds/bin/gnu/h-i686-mingw32/bin/../lib/gcc/nios2-elf/4.1.2/../../../../nios2-elf/lib\libc.a(lib_a-stdio.o)
 .data          0x00014ab8        0x0 c:/altera/13.0sp1/nios2eds/bin/gnu/h-i686-mingw32/bin/../lib/gcc/nios2-elf/4.1.2/../../../../nios2-elf/lib\libc.a(lib_a-strcmp.o)
 .data          0x00014ab8        0x0 c:/altera/13.0sp1/nios2eds/bin/gnu/h-i686-mingw32/bin/../lib/gcc/nios2-elf/4.1.2/../../../../nios2-elf/lib\libc.a(lib_a-strlen.o)
 .data          0x00014ab8        0x0 c:/altera/13.0sp1/nios2eds/bin/gnu/h-i686-mingw32/bin/../lib/gcc/nios2-elf/4.1.2/../../../../nios2-elf/lib\libc.a(lib_a-writer.o)
 .data          0x00014ab8        0x0 c:/altera/13.0sp1/nios2eds/bin/gnu/h-i686-mingw32/bin/../lib/gcc/nios2-elf/4.1.2/../../../../nios2-elf/lib\libc.a(lib_a-callocr.o)
 .data          0x00014ab8        0x0 c:/altera/13.0sp1/nios2eds/bin/gnu/h-i686-mingw32/bin/../lib/gcc/nios2-elf/4.1.2/../../../../nios2-elf/lib\libc.a(lib_a-closer.o)
 .data          0x00014ab8        0x0 c:/altera/13.0sp1/nios2eds/bin/gnu/h-i686-mingw32/bin/../lib/gcc/nios2-elf/4.1.2/../../../../nios2-elf/lib\libc.a(lib_a-fclose.o)
 .data          0x00014ab8        0x0 c:/altera/13.0sp1/nios2eds/bin/gnu/h-i686-mingw32/bin/../lib/gcc/nios2-elf/4.1.2/../../../../nios2-elf/lib\libc.a(lib_a-fstatr.o)
 .data          0x00014ab8        0x0 c:/altera/13.0sp1/nios2eds/bin/gnu/h-i686-mingw32/bin/../lib/gcc/nios2-elf/4.1.2/../../../../nios2-elf/lib\libc.a(lib_a-int_errno.o)
 .data          0x00014ab8        0x0 c:/altera/13.0sp1/nios2eds/bin/gnu/h-i686-mingw32/bin/../lib/gcc/nios2-elf/4.1.2/../../../../nios2-elf/lib\libc.a(lib_a-isattyr.o)
 .data          0x00014ab8        0x0 c:/altera/13.0sp1/nios2eds/bin/gnu/h-i686-mingw32/bin/../lib/gcc/nios2-elf/4.1.2/../../../../nios2-elf/lib\libc.a(lib_a-lseekr.o)
 .data          0x00014ab8        0x0 c:/altera/13.0sp1/nios2eds/bin/gnu/h-i686-mingw32/bin/../lib/gcc/nios2-elf/4.1.2/../../../../nios2-elf/lib\libc.a(lib_a-readr.o)
 .data          0x00014ab8        0x0 c:/altera/13.0sp1/nios2eds/bin/gnu/h-i686-mingw32/bin/../lib/gcc/nios2-elf/4.1.2\libgcc.a(_udivdi3.o)
 .data          0x00014ab8        0x0 c:/altera/13.0sp1/nios2eds/bin/gnu/h-i686-mingw32/bin/../lib/gcc/nios2-elf/4.1.2\libgcc.a(_umoddi3.o)
 .data          0x00014ab8        0x0 c:/altera/13.0sp1/nios2eds/bin/gnu/h-i686-mingw32/bin/../lib/gcc/nios2-elf/4.1.2\libgcc.a(_addsub_df.o)
 .data          0x00014ab8        0x0 c:/altera/13.0sp1/nios2eds/bin/gnu/h-i686-mingw32/bin/../lib/gcc/nios2-elf/4.1.2\libgcc.a(_mul_df.o)
 .data          0x00014ab8        0x0 c:/altera/13.0sp1/nios2eds/bin/gnu/h-i686-mingw32/bin/../lib/gcc/nios2-elf/4.1.2\libgcc.a(_div_df.o)
 .data          0x00014ab8        0x0 c:/altera/13.0sp1/nios2eds/bin/gnu/h-i686-mingw32/bin/../lib/gcc/nios2-elf/4.1.2\libgcc.a(_eq_df.o)
 .data          0x00014ab8        0x0 c:/altera/13.0sp1/nios2eds/bin/gnu/h-i686-mingw32/bin/../lib/gcc/nios2-elf/4.1.2\libgcc.a(_ne_df.o)
 .data          0x00014ab8        0x0 c:/altera/13.0sp1/nios2eds/bin/gnu/h-i686-mingw32/bin/../lib/gcc/nios2-elf/4.1.2\libgcc.a(_gt_df.o)
 .data          0x00014ab8        0x0 c:/altera/13.0sp1/nios2eds/bin/gnu/h-i686-mingw32/bin/../lib/gcc/nios2-elf/4.1.2\libgcc.a(_ge_df.o)
 .data          0x00014ab8        0x0 c:/altera/13.0sp1/nios2eds/bin/gnu/h-i686-mingw32/bin/../lib/gcc/nios2-elf/4.1.2\libgcc.a(_lt_df.o)
 .data          0x00014ab8        0x0 c:/altera/13.0sp1/nios2eds/bin/gnu/h-i686-mingw32/bin/../lib/gcc/nios2-elf/4.1.2\libgcc.a(_si_to_df.o)
 .data          0x00014ab8        0x0 c:/altera/13.0sp1/nios2eds/bin/gnu/h-i686-mingw32/bin/../lib/gcc/nios2-elf/4.1.2\libgcc.a(_df_to_si.o)
 .data          0x00014ab8        0x0 c:/altera/13.0sp1/nios2eds/bin/gnu/h-i686-mingw32/bin/../lib/gcc/nios2-elf/4.1.2\libgcc.a(_thenan_df.o)
 .data          0x00014ab8        0x0 c:/altera/13.0sp1/nios2eds/bin/gnu/h-i686-mingw32/bin/../lib/gcc/nios2-elf/4.1.2\libgcc.a(_usi_to_df.o)
 .data          0x00014ab8        0x0 c:/altera/13.0sp1/nios2eds/bin/gnu/h-i686-mingw32/bin/../lib/gcc/nios2-elf/4.1.2\libgcc.a(_unpack_df.o)
 .data          0x00014ab8        0x0 c:/altera/13.0sp1/nios2eds/bin/gnu/h-i686-mingw32/bin/../lib/gcc/nios2-elf/4.1.2\libgcc.a(_fpcmp_parts_df.o)
 .data          0x00014ab8        0x0 ../New_Project_bsp/\libhal_bsp.a(alt_close.o)
 .data          0x00014ab8      0x1a8 ../New_Project_bsp/\libhal_bsp.a(alt_dev.o)
                0x00014ab8                alt_dev_null
                0x00014ae0                alt_fd_list
 .data          0x00014c60        0x0 ../New_Project_bsp/\libhal_bsp.a(alt_errno.o)
 .data          0x00014c60        0x0 ../New_Project_bsp/\libhal_bsp.a(alt_fstat.o)
 .data          0x00014c60        0x0 ../New_Project_bsp/\libhal_bsp.a(alt_irq_register.o)
 .data          0x00014c60        0x0 ../New_Project_bsp/\libhal_bsp.a(alt_irq_vars.o)
 .data          0x00014c60        0x0 ../New_Project_bsp/\libhal_bsp.a(alt_isatty.o)
 .data          0x00014c60        0x0 ../New_Project_bsp/\libhal_bsp.a(alt_load.o)
 .data          0x00014c60        0x0 ../New_Project_bsp/\libhal_bsp.a(alt_lseek.o)
 .data          0x00014c60        0x0 ../New_Project_bsp/\libhal_bsp.a(alt_main.o)
 .data          0x00014c60        0x0 ../New_Project_bsp/\libhal_bsp.a(alt_malloc_lock.o)
 .data          0x00014c60        0x0 ../New_Project_bsp/\libhal_bsp.a(alt_printf.o)
 .data          0x00014c60        0x0 ../New_Project_bsp/\libhal_bsp.a(alt_putchar.o)
 .data          0x00014c60        0x0 ../New_Project_bsp/\libhal_bsp.a(alt_read.o)
 .data          0x00014c60        0x0 ../New_Project_bsp/\libhal_bsp.a(alt_release_fd.o)
 .data          0x00014c60        0x0 ../New_Project_bsp/\libhal_bsp.a(alt_sbrk.o)
 .data          0x00014c60        0x0 ../New_Project_bsp/\libhal_bsp.a(alt_write.o)
 .data          0x00014c60     0x1414 ../New_Project_bsp/\libhal_bsp.a(alt_sys_init.o)
 .data          0x00016074        0x0 ../New_Project_bsp/\libhal_bsp.a(altera_avalon_jtag_uart_fd.o)
 .data          0x00016074        0x0 ../New_Project_bsp/\libhal_bsp.a(altera_avalon_jtag_uart_init.o)
 .data          0x00016074        0x0 ../New_Project_bsp/\libhal_bsp.a(altera_avalon_jtag_uart_ioctl.o)
 .data          0x00016074        0x0 ../New_Project_bsp/\libhal_bsp.a(altera_avalon_jtag_uart_read.o)
 .data          0x00016074        0x0 ../New_Project_bsp/\libhal_bsp.a(altera_avalon_jtag_uart_write.o)
 .data          0x00016074        0x0 ../New_Project_bsp/\libhal_bsp.a(altera_avalon_timer_ts.o)
 .data          0x00016074        0x0 ../New_Project_bsp/\libhal_bsp.a(altera_avalon_timer_vars.o)
 .data          0x00016074        0x0 ../New_Project_bsp/\libhal_bsp.a(altera_up_avalon_audio.o)
 .data          0x00016074        0x0 ../New_Project_bsp/\libhal_bsp.a(altera_up_avalon_character_lcd.o)
 .data          0x00016074        0x0 ../New_Project_bsp/\libhal_bsp.a(altera_up_avalon_ethernet.o)
 .data          0x00016074        0x0 ../New_Project_bsp/\libhal_bsp.a(altera_up_avalon_ethernet_low_level_driver.o)
 .data          0x00016074        0x0 ../New_Project_bsp/\libhal_bsp.a(altera_up_avalon_irda.o)
 .data          0x00016074        0x0 ../New_Project_bsp/\libhal_bsp.a(altera_up_avalon_parallel_port.o)
 .data          0x00016074        0x0 ../New_Project_bsp/\libhal_bsp.a(altera_up_avalon_ps2.o)
 .data          0x00016074        0x0 ../New_Project_bsp/\libhal_bsp.a(altera_up_avalon_rs232.o)
 .data          0x00016074        0x0 ../New_Project_bsp/\libhal_bsp.a(altera_up_avalon_video_character_buffer_with_dma.o)
 .data          0x00016074        0x0 ../New_Project_bsp/\libhal_bsp.a(altera_up_avalon_video_pixel_buffer_dma.o)
 .data          0x00016074        0x0 ../New_Project_bsp/\libhal_bsp.a(alt_alarm_start.o)
 .data          0x00016074        0x0 ../New_Project_bsp/\libhal_bsp.a(alt_dcache_flush_all.o)
 .data          0x00016074        0x0 ../New_Project_bsp/\libhal_bsp.a(alt_dev_llist_insert.o)
 .data          0x00016074        0x0 ../New_Project_bsp/\libhal_bsp.a(alt_do_ctors.o)
 .data          0x00016074        0x0 ../New_Project_bsp/\libhal_bsp.a(alt_do_dtors.o)
 .data          0x00016074        0x0 ../New_Project_bsp/\libhal_bsp.a(alt_find_dev.o)
 .data          0x00016074        0x0 ../New_Project_bsp/\libhal_bsp.a(alt_icache_flush_all.o)
 .data          0x00016074        0x0 ../New_Project_bsp/\libhal_bsp.a(alt_io_redirect.o)
 .data          0x00016074        0x0 ../New_Project_bsp/\libhal_bsp.a(alt_irq_entry.o)
 .data          0x00016074        0x0 ../New_Project_bsp/\libhal_bsp.a(alt_irq_handler.o)
 .data          0x00016074        0x0 ../New_Project_bsp/\libhal_bsp.a(alt_open.o)
 .data          0x00016074        0x0 ../New_Project_bsp/\libhal_bsp.a(alt_tick.o)
 .data          0x00016074        0x0 ../New_Project_bsp/\libhal_bsp.a(alt_usleep.o)
 .data          0x00016074        0x0 ../New_Project_bsp/\libhal_bsp.a(altera_nios2_qsys_irq.o)
 .data          0x00016074        0x0 ../New_Project_bsp/\libhal_bsp.a(alt_busy_sleep.o)
 .data          0x00016074        0x0 ../New_Project_bsp/\libhal_bsp.a(alt_exception_entry.o)
 .data          0x00016074        0x0 ../New_Project_bsp/\libhal_bsp.a(alt_find_file.o)
 .data          0x00016074        0x0 ../New_Project_bsp/\libhal_bsp.a(alt_get_fd.o)
 .data          0x00016074        0x0 ../New_Project_bsp/\libhal_bsp.a(alt_icache_flush.o)
 .data          0x00016074        0x0 c:/altera/13.0sp1/nios2eds/bin/gnu/h-i686-mingw32/bin/../lib/gcc/nios2-elf/4.1.2/../../../../nios2-elf/lib\libc.a(lib_a-atexit.o)
 .data          0x00016074        0x0 c:/altera/13.0sp1/nios2eds/bin/gnu/h-i686-mingw32/bin/../lib/gcc/nios2-elf/4.1.2/../../../../nios2-elf/lib\libc.a(lib_a-exit.o)
 .data          0x00016074        0x0 c:/altera/13.0sp1/nios2eds/bin/gnu/h-i686-mingw32/bin/../lib/gcc/nios2-elf/4.1.2/../../../../nios2-elf/lib\libc.a(lib_a-memcmp.o)
 .data          0x00016074        0x0 c:/altera/13.0sp1/nios2eds/bin/gnu/h-i686-mingw32/bin/../lib/gcc/nios2-elf/4.1.2/../../../../nios2-elf/lib\libc.a(lib_a-putc.o)
 .data          0x00016074        0x0 c:/altera/13.0sp1/nios2eds/bin/gnu/h-i686-mingw32/bin/../lib/gcc/nios2-elf/4.1.2/../../../../nios2-elf/lib\libc.a(lib_a-wbuf.o)
 .data          0x00016074        0x0 c:/altera/13.0sp1/nios2eds/bin/gnu/h-i686-mingw32/bin/../lib/gcc/nios2-elf/4.1.2/../../../../nios2-elf/lib\libc.a(lib_a-__atexit.o)
 .data          0x00016074        0x0 c:/altera/13.0sp1/nios2eds/bin/gnu/h-i686-mingw32/bin/../lib/gcc/nios2-elf/4.1.2/../../../../nios2-elf/lib\libc.a(lib_a-__call_atexit.o)
 .data          0x00016074        0x0 ../New_Project_bsp/\libhal_bsp.a(alt_exit.o)
                0x0001e074                _gp = ABSOLUTE ((. + 0x8000))
                0x0001e074                PROVIDE (gp, _gp)
 *(.rwdata .rwdata.*)
 *(.sdata .sdata.* .gnu.linkonce.s.*)
 .sdata         0x00016074        0x8 c:/altera/13.0sp1/nios2eds/bin/gnu/h-i686-mingw32/bin/../lib/gcc/nios2-elf/4.1.2/../../../../nios2-elf/lib\libc.a(lib_a-impure.o)
                0x00016074                _impure_ptr
                0x00016078                _global_impure_ptr
 .sdata         0x0001607c        0x8 c:/altera/13.0sp1/nios2eds/bin/gnu/h-i686-mingw32/bin/../lib/gcc/nios2-elf/4.1.2/../../../../nios2-elf/lib\libc.a(lib_a-locale.o)
                0x0001607c                __mb_cur_max
 .sdata         0x00016084        0x8 c:/altera/13.0sp1/nios2eds/bin/gnu/h-i686-mingw32/bin/../lib/gcc/nios2-elf/4.1.2/../../../../nios2-elf/lib\libc.a(lib_a-mallocr.o)
                0x00016084                __malloc_trim_threshold
                0x00016088                __malloc_sbrk_base
 .sdata         0x0001608c       0x14 ../New_Project_bsp/\libhal_bsp.a(alt_dev.o)
                0x0001608c                alt_fs_list
                0x00016094                alt_dev_list
                0x0001609c                alt_max_fd
 .sdata         0x000160a0        0x4 ../New_Project_bsp/\libhal_bsp.a(alt_errno.o)
                0x000160a0                alt_errno
 .sdata         0x000160a4        0x4 ../New_Project_bsp/\libhal_bsp.a(alt_irq_vars.o)
                0x000160a4                alt_priority_mask
 .sdata         0x000160a8        0x4 ../New_Project_bsp/\libhal_bsp.a(alt_sbrk.o)
 .sdata         0x000160ac        0x8 ../New_Project_bsp/\libhal_bsp.a(alt_tick.o)
                0x000160ac                alt_alarm_list
 *(.sdata2 .sdata2.* .gnu.linkonce.s2.*)
                0x000160b4                . = ALIGN (0x4)
                0x000160b4                _edata = ABSOLUTE (.)
                0x000160b4                PROVIDE (edata, ABSOLUTE (.))
                0x000160b4                PROVIDE (__ram_rwdata_end, ABSOLUTE (.))
                0x000160b4                PROVIDE (__flash_rwdata_start, LOADADDR (.rwdata))

.bss            0x00018144   0x7a17f0
                0x00018144                __bss_start = ABSOLUTE (.)
                0x00018144                PROVIDE (__sbss_start, ABSOLUTE (.))
                0x00018144                PROVIDE (___sbss_start, ABSOLUTE (.))
 *(.dynsbss)
 *(.sbss .sbss.* .gnu.linkonce.sb.*)
 .sbss          0x00018144        0x4 obj/default/amplitude_calculation.o
                0x00018144                Base_Data
 .sbss          0x00018148        0xc obj/default/amplitude_calculation.o
                0x00018148                Read_Data
                0x0001814c                Read_Reg0
                0x00018150                Done_Bit
 .sbss          0x00018154       0x38 obj/default/globals.o
                0x00018154                byte2
                0x00018155                byte3
                0x00018158                Play_Index
                0x0001815c                byte1
                0x0001815d                local_b2
                0x0001815e                local_b1
                0x00018160                Echo_End
                0x00018164                Echo_complete
                0x00018168                Play_Flag
                0x0001816c                Clear_Play_Plot
                0x00018170                End_Record
                0x00018174                timeout
                0x00018178                count
                0x0001817c                buf_index_play
                0x00018180                local_b3
                0x00018184                buf_index_record
                0x00018188                Click_Echo
 .sbss          0x0001818c       0x3c obj/default/media_interrupt_HAL.o
                0x0001818c                Echo
                0x00018190                anita0
                0x00018194                anita1
                0x00018198                anita2
                0x0001819c                XoverFlow
                0x000181a0                MiddleBtn
                0x000181a4                index_Echo
                0x000181a8                nibble_TempY
                0x000181ac                nibble_TempX
                0x000181b0                RightBtn
                0x000181b4                Xsign
                0x000181b8                Temp_Sign
                0x000181bc                LeftBtn
                0x000181c0                YoverFlow
                0x000181c4                Ysign
 .sbss          0x000181c8        0xc c:/altera/13.0sp1/nios2eds/bin/gnu/h-i686-mingw32/bin/../lib/gcc/nios2-elf/4.1.2/../../../../nios2-elf/lib\libc.a(lib_a-locale.o)
                0x000181c8                __nlocale_changed
                0x000181cc                __mlocale_changed
                0x000181d0                _PathLocale
 .sbss          0x000181d4        0xc c:/altera/13.0sp1/nios2eds/bin/gnu/h-i686-mingw32/bin/../lib/gcc/nios2-elf/4.1.2/../../../../nios2-elf/lib\libc.a(lib_a-mallocr.o)
                0x000181d4                __malloc_top_pad
                0x000181d8                __malloc_max_sbrked_mem
                0x000181dc                __malloc_max_total_mem
 .sbss          0x000181e0        0x4 c:/altera/13.0sp1/nios2eds/bin/gnu/h-i686-mingw32/bin/../lib/gcc/nios2-elf/4.1.2/../../../../nios2-elf/lib\libc.a(lib_a-int_errno.o)
                0x000181e0                errno
 .sbss          0x000181e4        0x4 ../New_Project_bsp/\libhal_bsp.a(alt_irq_vars.o)
                0x000181e4                alt_irq_active
 .sbss          0x000181e8        0xc ../New_Project_bsp/\libhal_bsp.a(alt_main.o)
                0x000181e8                alt_argc
                0x000181ec                alt_argv
                0x000181f0                alt_envp
 .sbss          0x000181f4        0x8 ../New_Project_bsp/\libhal_bsp.a(altera_avalon_timer_vars.o)
                0x000181f4                altera_avalon_timer_ts_base
                0x000181f8                altera_avalon_timer_ts_freq
 .sbss          0x000181fc        0x8 ../New_Project_bsp/\libhal_bsp.a(alt_tick.o)
                0x000181fc                _alt_tick_rate
                0x00018200                _alt_nticks
 *(.sbss2 .sbss2.* .gnu.linkonce.sb2.*)
 *(.scommon)
                0x00018204                PROVIDE (__sbss_end, ABSOLUTE (.))
                0x00018204                PROVIDE (___sbss_end, ABSOLUTE (.))
 *(.dynbss)
 *(.bss .bss.* .gnu.linkonce.b.*)
 .bss           0x00018204        0x0 ../New_Project_bsp//obj/HAL/src/crt0.o
 .bss           0x00018204        0x0 obj/default/PS2_ISR.o
 .bss           0x00018204        0x0 obj/default/amplitude_calculation.o
 .bss           0x00018204        0x0 obj/default/audio_ISR.o
 .bss           0x00018204        0x0 obj/default/globals.o
 .bss           0x00018204        0x0 obj/default/interval_timer_ISR.o
 .bss           0x00018204        0x0 obj/default/media_interrupt_HAL.o
 .bss           0x00018204        0x0 obj/default/pushbutton_ISR.o
 .bss           0x00018204        0x0 c:/altera/13.0sp1/nios2eds/bin/gnu/h-i686-mingw32/bin/../lib/gcc/nios2-elf/4.1.2\libgcc.a(_muldi3.o)
 .bss           0x00018204        0x0 c:/altera/13.0sp1/nios2eds/bin/gnu/h-i686-mingw32/bin/../lib/gcc/nios2-elf/4.1.2\libgcc.a(_divdi3.o)
 .bss           0x00018204        0x0 c:/altera/13.0sp1/nios2eds/bin/gnu/h-i686-mingw32/bin/../lib/gcc/nios2-elf/4.1.2\libgcc.a(_sf_to_df.o)
 .bss           0x00018204        0x0 c:/altera/13.0sp1/nios2eds/bin/gnu/h-i686-mingw32/bin/../lib/gcc/nios2-elf/4.1.2\libgcc.a(_usi_to_sf.o)
 .bss           0x00018204        0x0 c:/altera/13.0sp1/nios2eds/bin/gnu/h-i686-mingw32/bin/../lib/gcc/nios2-elf/4.1.2\libgcc.a(_make_df.o)
 .bss           0x00018204        0x0 c:/altera/13.0sp1/nios2eds/bin/gnu/h-i686-mingw32/bin/../lib/gcc/nios2-elf/4.1.2\libgcc.a(lib2-divmod.o)
 .bss           0x00018204        0x0 c:/altera/13.0sp1/nios2eds/bin/gnu/h-i686-mingw32/bin/../lib/gcc/nios2-elf/4.1.2\libgcc.a(_clz.o)
 .bss           0x00018204        0x0 c:/altera/13.0sp1/nios2eds/bin/gnu/h-i686-mingw32/bin/../lib/gcc/nios2-elf/4.1.2\libgcc.a(_clzsi2.o)
 .bss           0x00018204        0x0 c:/altera/13.0sp1/nios2eds/bin/gnu/h-i686-mingw32/bin/../lib/gcc/nios2-elf/4.1.2\libgcc.a(_pack_sf.o)
 .bss           0x00018204        0x0 c:/altera/13.0sp1/nios2eds/bin/gnu/h-i686-mingw32/bin/../lib/gcc/nios2-elf/4.1.2\libgcc.a(_unpack_sf.o)
 .bss           0x00018204        0x0 c:/altera/13.0sp1/nios2eds/bin/gnu/h-i686-mingw32/bin/../lib/gcc/nios2-elf/4.1.2\libgcc.a(_pack_df.o)
 .bss           0x00018204        0x0 c:/altera/13.0sp1/nios2eds/bin/gnu/h-i686-mingw32/bin/../lib/gcc/nios2-elf/4.1.2/../../../../nios2-elf/lib\libc.a(lib_a-memcpy.o)
 .bss           0x00018204        0x0 c:/altera/13.0sp1/nios2eds/bin/gnu/h-i686-mingw32/bin/../lib/gcc/nios2-elf/4.1.2/../../../../nios2-elf/lib\libc.a(lib_a-memset.o)
 .bss           0x00018204        0x0 c:/altera/13.0sp1/nios2eds/bin/gnu/h-i686-mingw32/bin/../lib/gcc/nios2-elf/4.1.2/../../../../nios2-elf/lib\libc.a(lib_a-printf.o)
 .bss           0x00018204        0x0 c:/altera/13.0sp1/nios2eds/bin/gnu/h-i686-mingw32/bin/../lib/gcc/nios2-elf/4.1.2/../../../../nios2-elf/lib\libc.a(lib_a-vfprintf.o)
 .bss           0x00018204        0x0 c:/altera/13.0sp1/nios2eds/bin/gnu/h-i686-mingw32/bin/../lib/gcc/nios2-elf/4.1.2/../../../../nios2-elf/lib\libc.a(lib_a-wsetup.o)
 .bss           0x00018204        0x0 c:/altera/13.0sp1/nios2eds/bin/gnu/h-i686-mingw32/bin/../lib/gcc/nios2-elf/4.1.2/../../../../nios2-elf/lib\libc.a(lib_a-dtoa.o)
 .bss           0x00018204        0x0 c:/altera/13.0sp1/nios2eds/bin/gnu/h-i686-mingw32/bin/../lib/gcc/nios2-elf/4.1.2/../../../../nios2-elf/lib\libc.a(lib_a-fflush.o)
 .bss           0x00018204        0x0 c:/altera/13.0sp1/nios2eds/bin/gnu/h-i686-mingw32/bin/../lib/gcc/nios2-elf/4.1.2/../../../../nios2-elf/lib\libc.a(lib_a-findfp.o)
 .bss           0x00018204        0x0 c:/altera/13.0sp1/nios2eds/bin/gnu/h-i686-mingw32/bin/../lib/gcc/nios2-elf/4.1.2/../../../../nios2-elf/lib\libc.a(lib_a-freer.o)
 .bss           0x00018204        0x0 c:/altera/13.0sp1/nios2eds/bin/gnu/h-i686-mingw32/bin/../lib/gcc/nios2-elf/4.1.2/../../../../nios2-elf/lib\libc.a(lib_a-fvwrite.o)
 .bss           0x00018204        0x0 c:/altera/13.0sp1/nios2eds/bin/gnu/h-i686-mingw32/bin/../lib/gcc/nios2-elf/4.1.2/../../../../nios2-elf/lib\libc.a(lib_a-fwalk.o)
 .bss           0x00018204        0x0 c:/altera/13.0sp1/nios2eds/bin/gnu/h-i686-mingw32/bin/../lib/gcc/nios2-elf/4.1.2/../../../../nios2-elf/lib\libc.a(lib_a-impure.o)
 .bss           0x00018204        0x0 c:/altera/13.0sp1/nios2eds/bin/gnu/h-i686-mingw32/bin/../lib/gcc/nios2-elf/4.1.2/../../../../nios2-elf/lib\libc.a(lib_a-locale.o)
 .bss           0x00018204        0x0 c:/altera/13.0sp1/nios2eds/bin/gnu/h-i686-mingw32/bin/../lib/gcc/nios2-elf/4.1.2/../../../../nios2-elf/lib\libc.a(lib_a-makebuf.o)
 .bss           0x00018204       0x28 c:/altera/13.0sp1/nios2eds/bin/gnu/h-i686-mingw32/bin/../lib/gcc/nios2-elf/4.1.2/../../../../nios2-elf/lib\libc.a(lib_a-mallocr.o)
                0x00018204                __malloc_current_mallinfo
 .bss           0x0001822c        0x0 c:/altera/13.0sp1/nios2eds/bin/gnu/h-i686-mingw32/bin/../lib/gcc/nios2-elf/4.1.2/../../../../nios2-elf/lib\libc.a(lib_a-memchr.o)
 .bss           0x0001822c        0x0 c:/altera/13.0sp1/nios2eds/bin/gnu/h-i686-mingw32/bin/../lib/gcc/nios2-elf/4.1.2/../../../../nios2-elf/lib\libc.a(lib_a-memmove.o)
 .bss           0x0001822c        0x0 c:/altera/13.0sp1/nios2eds/bin/gnu/h-i686-mingw32/bin/../lib/gcc/nios2-elf/4.1.2/../../../../nios2-elf/lib\libc.a(lib_a-mprec.o)
 .bss           0x0001822c        0x0 c:/altera/13.0sp1/nios2eds/bin/gnu/h-i686-mingw32/bin/../lib/gcc/nios2-elf/4.1.2/../../../../nios2-elf/lib\libc.a(lib_a-reallocr.o)
 .bss           0x0001822c        0x0 c:/altera/13.0sp1/nios2eds/bin/gnu/h-i686-mingw32/bin/../lib/gcc/nios2-elf/4.1.2/../../../../nios2-elf/lib\libc.a(lib_a-s_isinfd.o)
 .bss           0x0001822c        0x0 c:/altera/13.0sp1/nios2eds/bin/gnu/h-i686-mingw32/bin/../lib/gcc/nios2-elf/4.1.2/../../../../nios2-elf/lib\libc.a(lib_a-s_isnand.o)
 .bss           0x0001822c        0x0 c:/altera/13.0sp1/nios2eds/bin/gnu/h-i686-mingw32/bin/../lib/gcc/nios2-elf/4.1.2/../../../../nios2-elf/lib\libc.a(lib_a-sbrkr.o)
 .bss           0x0001822c        0x0 c:/altera/13.0sp1/nios2eds/bin/gnu/h-i686-mingw32/bin/../lib/gcc/nios2-elf/4.1.2/../../../../nios2-elf/lib\libc.a(lib_a-stdio.o)
 .bss           0x0001822c        0x0 c:/altera/13.0sp1/nios2eds/bin/gnu/h-i686-mingw32/bin/../lib/gcc/nios2-elf/4.1.2/../../../../nios2-elf/lib\libc.a(lib_a-strcmp.o)
 .bss           0x0001822c        0x0 c:/altera/13.0sp1/nios2eds/bin/gnu/h-i686-mingw32/bin/../lib/gcc/nios2-elf/4.1.2/../../../../nios2-elf/lib\libc.a(lib_a-strlen.o)
 .bss           0x0001822c        0x0 c:/altera/13.0sp1/nios2eds/bin/gnu/h-i686-mingw32/bin/../lib/gcc/nios2-elf/4.1.2/../../../../nios2-elf/lib\libc.a(lib_a-writer.o)
 .bss           0x0001822c        0x0 c:/altera/13.0sp1/nios2eds/bin/gnu/h-i686-mingw32/bin/../lib/gcc/nios2-elf/4.1.2/../../../../nios2-elf/lib\libc.a(lib_a-callocr.o)
 .bss           0x0001822c        0x0 c:/altera/13.0sp1/nios2eds/bin/gnu/h-i686-mingw32/bin/../lib/gcc/nios2-elf/4.1.2/../../../../nios2-elf/lib\libc.a(lib_a-closer.o)
 .bss           0x0001822c        0x0 c:/altera/13.0sp1/nios2eds/bin/gnu/h-i686-mingw32/bin/../lib/gcc/nios2-elf/4.1.2/../../../../nios2-elf/lib\libc.a(lib_a-fclose.o)
 .bss           0x0001822c        0x0 c:/altera/13.0sp1/nios2eds/bin/gnu/h-i686-mingw32/bin/../lib/gcc/nios2-elf/4.1.2/../../../../nios2-elf/lib\libc.a(lib_a-fstatr.o)
 .bss           0x0001822c        0x0 c:/altera/13.0sp1/nios2eds/bin/gnu/h-i686-mingw32/bin/../lib/gcc/nios2-elf/4.1.2/../../../../nios2-elf/lib\libc.a(lib_a-int_errno.o)
 .bss           0x0001822c        0x0 c:/altera/13.0sp1/nios2eds/bin/gnu/h-i686-mingw32/bin/../lib/gcc/nios2-elf/4.1.2/../../../../nios2-elf/lib\libc.a(lib_a-isattyr.o)
 .bss           0x0001822c        0x0 c:/altera/13.0sp1/nios2eds/bin/gnu/h-i686-mingw32/bin/../lib/gcc/nios2-elf/4.1.2/../../../../nios2-elf/lib\libc.a(lib_a-lseekr.o)
 .bss           0x0001822c        0x0 c:/altera/13.0sp1/nios2eds/bin/gnu/h-i686-mingw32/bin/../lib/gcc/nios2-elf/4.1.2/../../../../nios2-elf/lib\libc.a(lib_a-readr.o)
 .bss           0x0001822c        0x0 c:/altera/13.0sp1/nios2eds/bin/gnu/h-i686-mingw32/bin/../lib/gcc/nios2-elf/4.1.2\libgcc.a(_udivdi3.o)
 .bss           0x0001822c        0x0 c:/altera/13.0sp1/nios2eds/bin/gnu/h-i686-mingw32/bin/../lib/gcc/nios2-elf/4.1.2\libgcc.a(_umoddi3.o)
 .bss           0x0001822c        0x0 c:/altera/13.0sp1/nios2eds/bin/gnu/h-i686-mingw32/bin/../lib/gcc/nios2-elf/4.1.2\libgcc.a(_addsub_df.o)
 .bss           0x0001822c        0x0 c:/altera/13.0sp1/nios2eds/bin/gnu/h-i686-mingw32/bin/../lib/gcc/nios2-elf/4.1.2\libgcc.a(_mul_df.o)
 .bss           0x0001822c        0x0 c:/altera/13.0sp1/nios2eds/bin/gnu/h-i686-mingw32/bin/../lib/gcc/nios2-elf/4.1.2\libgcc.a(_div_df.o)
 .bss           0x0001822c        0x0 c:/altera/13.0sp1/nios2eds/bin/gnu/h-i686-mingw32/bin/../lib/gcc/nios2-elf/4.1.2\libgcc.a(_eq_df.o)
 .bss           0x0001822c        0x0 c:/altera/13.0sp1/nios2eds/bin/gnu/h-i686-mingw32/bin/../lib/gcc/nios2-elf/4.1.2\libgcc.a(_ne_df.o)
 .bss           0x0001822c        0x0 c:/altera/13.0sp1/nios2eds/bin/gnu/h-i686-mingw32/bin/../lib/gcc/nios2-elf/4.1.2\libgcc.a(_gt_df.o)
 .bss           0x0001822c        0x0 c:/altera/13.0sp1/nios2eds/bin/gnu/h-i686-mingw32/bin/../lib/gcc/nios2-elf/4.1.2\libgcc.a(_ge_df.o)
 .bss           0x0001822c        0x0 c:/altera/13.0sp1/nios2eds/bin/gnu/h-i686-mingw32/bin/../lib/gcc/nios2-elf/4.1.2\libgcc.a(_lt_df.o)
 .bss           0x0001822c        0x0 c:/altera/13.0sp1/nios2eds/bin/gnu/h-i686-mingw32/bin/../lib/gcc/nios2-elf/4.1.2\libgcc.a(_si_to_df.o)
 .bss           0x0001822c        0x0 c:/altera/13.0sp1/nios2eds/bin/gnu/h-i686-mingw32/bin/../lib/gcc/nios2-elf/4.1.2\libgcc.a(_df_to_si.o)
 .bss           0x0001822c        0x0 c:/altera/13.0sp1/nios2eds/bin/gnu/h-i686-mingw32/bin/../lib/gcc/nios2-elf/4.1.2\libgcc.a(_thenan_df.o)
 .bss           0x0001822c        0x0 c:/altera/13.0sp1/nios2eds/bin/gnu/h-i686-mingw32/bin/../lib/gcc/nios2-elf/4.1.2\libgcc.a(_usi_to_df.o)
 .bss           0x0001822c        0x0 c:/altera/13.0sp1/nios2eds/bin/gnu/h-i686-mingw32/bin/../lib/gcc/nios2-elf/4.1.2\libgcc.a(_unpack_df.o)
 .bss           0x0001822c        0x0 c:/altera/13.0sp1/nios2eds/bin/gnu/h-i686-mingw32/bin/../lib/gcc/nios2-elf/4.1.2\libgcc.a(_fpcmp_parts_df.o)
 .bss           0x0001822c        0x0 ../New_Project_bsp/\libhal_bsp.a(alt_close.o)
 .bss           0x0001822c        0x0 ../New_Project_bsp/\libhal_bsp.a(alt_dev.o)
 .bss           0x0001822c        0x0 ../New_Project_bsp/\libhal_bsp.a(alt_errno.o)
 .bss           0x0001822c        0x0 ../New_Project_bsp/\libhal_bsp.a(alt_fstat.o)
 .bss           0x0001822c        0x0 ../New_Project_bsp/\libhal_bsp.a(alt_irq_register.o)
 .bss           0x0001822c        0x0 ../New_Project_bsp/\libhal_bsp.a(alt_irq_vars.o)
 .bss           0x0001822c        0x0 ../New_Project_bsp/\libhal_bsp.a(alt_isatty.o)
 .bss           0x0001822c        0x0 ../New_Project_bsp/\libhal_bsp.a(alt_load.o)
 .bss           0x0001822c        0x0 ../New_Project_bsp/\libhal_bsp.a(alt_lseek.o)
 .bss           0x0001822c        0x0 ../New_Project_bsp/\libhal_bsp.a(alt_main.o)
 .bss           0x0001822c        0x0 ../New_Project_bsp/\libhal_bsp.a(alt_malloc_lock.o)
 .bss           0x0001822c        0x0 ../New_Project_bsp/\libhal_bsp.a(alt_printf.o)
 .bss           0x0001822c        0x0 ../New_Project_bsp/\libhal_bsp.a(alt_putchar.o)
 .bss           0x0001822c        0x0 ../New_Project_bsp/\libhal_bsp.a(alt_read.o)
 .bss           0x0001822c        0x0 ../New_Project_bsp/\libhal_bsp.a(alt_release_fd.o)
 .bss           0x0001822c        0x0 ../New_Project_bsp/\libhal_bsp.a(alt_sbrk.o)
 .bss           0x0001822c        0x0 ../New_Project_bsp/\libhal_bsp.a(alt_write.o)
 .bss           0x0001822c        0x0 ../New_Project_bsp/\libhal_bsp.a(alt_sys_init.o)
 .bss           0x0001822c        0x0 ../New_Project_bsp/\libhal_bsp.a(altera_avalon_jtag_uart_fd.o)
 .bss           0x0001822c        0x0 ../New_Project_bsp/\libhal_bsp.a(altera_avalon_jtag_uart_init.o)
 .bss           0x0001822c        0x0 ../New_Project_bsp/\libhal_bsp.a(altera_avalon_jtag_uart_ioctl.o)
 .bss           0x0001822c        0x0 ../New_Project_bsp/\libhal_bsp.a(altera_avalon_jtag_uart_read.o)
 .bss           0x0001822c        0x0 ../New_Project_bsp/\libhal_bsp.a(altera_avalon_jtag_uart_write.o)
 .bss           0x0001822c        0x0 ../New_Project_bsp/\libhal_bsp.a(altera_avalon_timer_ts.o)
 .bss           0x0001822c        0x0 ../New_Project_bsp/\libhal_bsp.a(altera_avalon_timer_vars.o)
 .bss           0x0001822c        0x0 ../New_Project_bsp/\libhal_bsp.a(altera_up_avalon_audio.o)
 .bss           0x0001822c        0x0 ../New_Project_bsp/\libhal_bsp.a(altera_up_avalon_character_lcd.o)
 .bss           0x0001822c        0x0 ../New_Project_bsp/\libhal_bsp.a(altera_up_avalon_ethernet.o)
 .bss           0x0001822c        0x0 ../New_Project_bsp/\libhal_bsp.a(altera_up_avalon_ethernet_low_level_driver.o)
 .bss           0x0001822c        0x0 ../New_Project_bsp/\libhal_bsp.a(altera_up_avalon_irda.o)
 .bss           0x0001822c        0x0 ../New_Project_bsp/\libhal_bsp.a(altera_up_avalon_parallel_port.o)
 .bss           0x0001822c        0x0 ../New_Project_bsp/\libhal_bsp.a(altera_up_avalon_ps2.o)
 .bss           0x0001822c        0x0 ../New_Project_bsp/\libhal_bsp.a(altera_up_avalon_rs232.o)
 .bss           0x0001822c        0x0 ../New_Project_bsp/\libhal_bsp.a(altera_up_avalon_video_character_buffer_with_dma.o)
 .bss           0x0001822c        0x0 ../New_Project_bsp/\libhal_bsp.a(altera_up_avalon_video_pixel_buffer_dma.o)
 .bss           0x0001822c        0x0 ../New_Project_bsp/\libhal_bsp.a(alt_alarm_start.o)
 .bss           0x0001822c        0x0 ../New_Project_bsp/\libhal_bsp.a(alt_dcache_flush_all.o)
 .bss           0x0001822c        0x0 ../New_Project_bsp/\libhal_bsp.a(alt_dev_llist_insert.o)
 .bss           0x0001822c        0x0 ../New_Project_bsp/\libhal_bsp.a(alt_do_ctors.o)
 .bss           0x0001822c        0x0 ../New_Project_bsp/\libhal_bsp.a(alt_do_dtors.o)
 .bss           0x0001822c        0x0 ../New_Project_bsp/\libhal_bsp.a(alt_find_dev.o)
 .bss           0x0001822c        0x0 ../New_Project_bsp/\libhal_bsp.a(alt_icache_flush_all.o)
 .bss           0x0001822c        0x0 ../New_Project_bsp/\libhal_bsp.a(alt_io_redirect.o)
 .bss           0x0001822c        0x0 ../New_Project_bsp/\libhal_bsp.a(alt_irq_entry.o)
 .bss           0x0001822c        0x0 ../New_Project_bsp/\libhal_bsp.a(alt_irq_handler.o)
 .bss           0x0001822c        0x0 ../New_Project_bsp/\libhal_bsp.a(alt_open.o)
 .bss           0x0001822c        0x0 ../New_Project_bsp/\libhal_bsp.a(alt_tick.o)
 .bss           0x0001822c        0x0 ../New_Project_bsp/\libhal_bsp.a(alt_usleep.o)
 .bss           0x0001822c        0x0 ../New_Project_bsp/\libhal_bsp.a(altera_nios2_qsys_irq.o)
 .bss           0x0001822c        0x0 ../New_Project_bsp/\libhal_bsp.a(alt_busy_sleep.o)
 .bss           0x0001822c        0x0 ../New_Project_bsp/\libhal_bsp.a(alt_exception_entry.o)
 .bss           0x0001822c        0x0 ../New_Project_bsp/\libhal_bsp.a(alt_find_file.o)
 .bss           0x0001822c        0x0 ../New_Project_bsp/\libhal_bsp.a(alt_get_fd.o)
 .bss           0x0001822c        0x0 ../New_Project_bsp/\libhal_bsp.a(alt_icache_flush.o)
 .bss           0x0001822c        0x0 c:/altera/13.0sp1/nios2eds/bin/gnu/h-i686-mingw32/bin/../lib/gcc/nios2-elf/4.1.2/../../../../nios2-elf/lib\libc.a(lib_a-atexit.o)
 .bss           0x0001822c        0x0 c:/altera/13.0sp1/nios2eds/bin/gnu/h-i686-mingw32/bin/../lib/gcc/nios2-elf/4.1.2/../../../../nios2-elf/lib\libc.a(lib_a-exit.o)
 .bss           0x0001822c        0x0 c:/altera/13.0sp1/nios2eds/bin/gnu/h-i686-mingw32/bin/../lib/gcc/nios2-elf/4.1.2/../../../../nios2-elf/lib\libc.a(lib_a-memcmp.o)
 .bss           0x0001822c        0x0 c:/altera/13.0sp1/nios2eds/bin/gnu/h-i686-mingw32/bin/../lib/gcc/nios2-elf/4.1.2/../../../../nios2-elf/lib\libc.a(lib_a-putc.o)
 .bss           0x0001822c        0x0 c:/altera/13.0sp1/nios2eds/bin/gnu/h-i686-mingw32/bin/../lib/gcc/nios2-elf/4.1.2/../../../../nios2-elf/lib\libc.a(lib_a-wbuf.o)
 .bss           0x0001822c        0x0 c:/altera/13.0sp1/nios2eds/bin/gnu/h-i686-mingw32/bin/../lib/gcc/nios2-elf/4.1.2/../../../../nios2-elf/lib\libc.a(lib_a-__atexit.o)
 .bss           0x0001822c        0x0 c:/altera/13.0sp1/nios2eds/bin/gnu/h-i686-mingw32/bin/../lib/gcc/nios2-elf/4.1.2/../../../../nios2-elf/lib\libc.a(lib_a-__call_atexit.o)
 .bss           0x0001822c        0x0 ../New_Project_bsp/\libhal_bsp.a(alt_exit.o)
 *(COMMON)
 COMMON         0x0001822c   0x7a1220 obj/default/globals.o
                0x0001822c                up_dev
                0x0001824c                Echo_buf_l
                0x002006cc                r_buf
                0x003e8b4c                Echo_buf_r
                0x005d0fcc                l_buf
 COMMON         0x007b944c      0x258 obj/default/media_interrupt_HAL.o
                0x007b944c                Out_Ram
                0x007b94c4                Avrage_Hardware
                0x007b95b4                Average
 COMMON         0x007b96a4      0x100 ../New_Project_bsp/\libhal_bsp.a(alt_irq_handler.o)
                0x007b96a4                alt_irq
 COMMON         0x007b97a4      0x190 c:/altera/13.0sp1/nios2eds/bin/gnu/h-i686-mingw32/bin/../lib/gcc/nios2-elf/4.1.2/../../../../nios2-elf/lib\libc.a(lib_a-atexit.o)
                0x007b97a4                _atexit0
                0x007b9934                . = ALIGN (0x4)
                0x007b9934                __bss_end = ABSOLUTE (.)

.SDRAM          0x007b9934        0x0
                0x007b9934                PROVIDE (_alt_partition_SDRAM_start, ABSOLUTE (.))
 *(.SDRAM. SDRAM.*)
                0x007b9934                . = ALIGN (0x4)
                0x007b9934                PROVIDE (_alt_partition_SDRAM_end, ABSOLUTE (.))
                0x007b9934                _end = ABSOLUTE (.)
                0x007b9934                end = ABSOLUTE (.)
                0x007b9934                __alt_stack_base = ABSOLUTE (.)
                0x007b9934                PROVIDE (_alt_partition_SDRAM_load_addr, LOADADDR (.SDRAM))

.Flash_flash_data
                0x0c000000        0x0 load address 0x007b9934
                0x0c000000                PROVIDE (_alt_partition_Flash_flash_data_start, ABSOLUTE (.))
 *(.Flash_flash_data. Flash_flash_data.*)
                0x0c000000                . = ALIGN (0x4)
                0x0c000000                PROVIDE (_alt_partition_Flash_flash_data_end, ABSOLUTE (.))
                0x007b9934                PROVIDE (_alt_partition_Flash_flash_data_load_addr, LOADADDR (.Flash_flash_data))

.stab
 *(.stab)

.stabstr
 *(.stabstr)

.stab.excl
 *(.stab.excl)

.stab.exclstr
 *(.stab.exclstr)

.stab.index
 *(.stab.index)

.stab.indexstr
 *(.stab.indexstr)

.comment        0x00000000       0x26
 *(.comment)
 .comment       0x00000000       0x26 obj/default/PS2_ISR.o
                                 0x27 (size before relaxing)
 .comment       0x00000000       0x27 obj/default/amplitude_calculation.o
 .comment       0x00000000       0x27 obj/default/audio_ISR.o
 .comment       0x00000000       0x27 obj/default/globals.o
 .comment       0x00000000       0x27 obj/default/interval_timer_ISR.o
 .comment       0x00000000       0x27 obj/default/media_interrupt_HAL.o
 .comment       0x00000000       0x27 obj/default/pushbutton_ISR.o
 .comment       0x00000000       0x27 c:/altera/13.0sp1/nios2eds/bin/gnu/h-i686-mingw32/bin/../lib/gcc/nios2-elf/4.1.2\libgcc.a(_muldi3.o)
 .comment       0x00000000       0x27 c:/altera/13.0sp1/nios2eds/bin/gnu/h-i686-mingw32/bin/../lib/gcc/nios2-elf/4.1.2\libgcc.a(_divdi3.o)
 .comment       0x00000000       0x27 c:/altera/13.0sp1/nios2eds/bin/gnu/h-i686-mingw32/bin/../lib/gcc/nios2-elf/4.1.2\libgcc.a(_sf_to_df.o)
 .comment       0x00000000       0x27 c:/altera/13.0sp1/nios2eds/bin/gnu/h-i686-mingw32/bin/../lib/gcc/nios2-elf/4.1.2\libgcc.a(_usi_to_sf.o)
 .comment       0x00000000       0x27 c:/altera/13.0sp1/nios2eds/bin/gnu/h-i686-mingw32/bin/../lib/gcc/nios2-elf/4.1.2\libgcc.a(_make_df.o)
 .comment       0x00000000       0x27 c:/altera/13.0sp1/nios2eds/bin/gnu/h-i686-mingw32/bin/../lib/gcc/nios2-elf/4.1.2\libgcc.a(lib2-divmod.o)
 .comment       0x00000000       0x27 c:/altera/13.0sp1/nios2eds/bin/gnu/h-i686-mingw32/bin/../lib/gcc/nios2-elf/4.1.2\libgcc.a(_clz.o)
 .comment       0x00000000       0x27 c:/altera/13.0sp1/nios2eds/bin/gnu/h-i686-mingw32/bin/../lib/gcc/nios2-elf/4.1.2\libgcc.a(_clzsi2.o)
 .comment       0x00000000       0x27 c:/altera/13.0sp1/nios2eds/bin/gnu/h-i686-mingw32/bin/../lib/gcc/nios2-elf/4.1.2\libgcc.a(_pack_sf.o)
 .comment       0x00000000       0x27 c:/altera/13.0sp1/nios2eds/bin/gnu/h-i686-mingw32/bin/../lib/gcc/nios2-elf/4.1.2\libgcc.a(_unpack_sf.o)
 .comment       0x00000000       0x27 c:/altera/13.0sp1/nios2eds/bin/gnu/h-i686-mingw32/bin/../lib/gcc/nios2-elf/4.1.2\libgcc.a(_pack_df.o)
 .comment       0x00000000       0x27 c:/altera/13.0sp1/nios2eds/bin/gnu/h-i686-mingw32/bin/../lib/gcc/nios2-elf/4.1.2/../../../../nios2-elf/lib\libc.a(lib_a-memcpy.o)
 .comment       0x00000000       0x27 c:/altera/13.0sp1/nios2eds/bin/gnu/h-i686-mingw32/bin/../lib/gcc/nios2-elf/4.1.2/../../../../nios2-elf/lib\libc.a(lib_a-memset.o)
 .comment       0x00000000       0x27 c:/altera/13.0sp1/nios2eds/bin/gnu/h-i686-mingw32/bin/../lib/gcc/nios2-elf/4.1.2/../../../../nios2-elf/lib\libc.a(lib_a-printf.o)
 .comment       0x00000000       0x27 c:/altera/13.0sp1/nios2eds/bin/gnu/h-i686-mingw32/bin/../lib/gcc/nios2-elf/4.1.2/../../../../nios2-elf/lib\libc.a(lib_a-vfprintf.o)
 .comment       0x00000000       0x27 c:/altera/13.0sp1/nios2eds/bin/gnu/h-i686-mingw32/bin/../lib/gcc/nios2-elf/4.1.2/../../../../nios2-elf/lib\libc.a(lib_a-wsetup.o)
 .comment       0x00000000       0x27 c:/altera/13.0sp1/nios2eds/bin/gnu/h-i686-mingw32/bin/../lib/gcc/nios2-elf/4.1.2/../../../../nios2-elf/lib\libc.a(lib_a-dtoa.o)
 .comment       0x00000000       0x27 c:/altera/13.0sp1/nios2eds/bin/gnu/h-i686-mingw32/bin/../lib/gcc/nios2-elf/4.1.2/../../../../nios2-elf/lib\libc.a(lib_a-fflush.o)
 .comment       0x00000000       0x27 c:/altera/13.0sp1/nios2eds/bin/gnu/h-i686-mingw32/bin/../lib/gcc/nios2-elf/4.1.2/../../../../nios2-elf/lib\libc.a(lib_a-findfp.o)
 .comment       0x00000000       0x27 c:/altera/13.0sp1/nios2eds/bin/gnu/h-i686-mingw32/bin/../lib/gcc/nios2-elf/4.1.2/../../../../nios2-elf/lib\libc.a(lib_a-freer.o)
 .comment       0x00000000       0x27 c:/altera/13.0sp1/nios2eds/bin/gnu/h-i686-mingw32/bin/../lib/gcc/nios2-elf/4.1.2/../../../../nios2-elf/lib\libc.a(lib_a-fvwrite.o)
 .comment       0x00000000       0x27 c:/altera/13.0sp1/nios2eds/bin/gnu/h-i686-mingw32/bin/../lib/gcc/nios2-elf/4.1.2/../../../../nios2-elf/lib\libc.a(lib_a-fwalk.o)
 .comment       0x00000000       0x27 c:/altera/13.0sp1/nios2eds/bin/gnu/h-i686-mingw32/bin/../lib/gcc/nios2-elf/4.1.2/../../../../nios2-elf/lib\libc.a(lib_a-impure.o)
 .comment       0x00000000       0x27 c:/altera/13.0sp1/nios2eds/bin/gnu/h-i686-mingw32/bin/../lib/gcc/nios2-elf/4.1.2/../../../../nios2-elf/lib\libc.a(lib_a-locale.o)
 .comment       0x00000000       0x27 c:/altera/13.0sp1/nios2eds/bin/gnu/h-i686-mingw32/bin/../lib/gcc/nios2-elf/4.1.2/../../../../nios2-elf/lib\libc.a(lib_a-makebuf.o)
 .comment       0x00000000       0x27 c:/altera/13.0sp1/nios2eds/bin/gnu/h-i686-mingw32/bin/../lib/gcc/nios2-elf/4.1.2/../../../../nios2-elf/lib\libc.a(lib_a-mallocr.o)
 .comment       0x00000000       0x27 c:/altera/13.0sp1/nios2eds/bin/gnu/h-i686-mingw32/bin/../lib/gcc/nios2-elf/4.1.2/../../../../nios2-elf/lib\libc.a(lib_a-memchr.o)
 .comment       0x00000000       0x27 c:/altera/13.0sp1/nios2eds/bin/gnu/h-i686-mingw32/bin/../lib/gcc/nios2-elf/4.1.2/../../../../nios2-elf/lib\libc.a(lib_a-memmove.o)
 .comment       0x00000000       0x27 c:/altera/13.0sp1/nios2eds/bin/gnu/h-i686-mingw32/bin/../lib/gcc/nios2-elf/4.1.2/../../../../nios2-elf/lib\libc.a(lib_a-mprec.o)
 .comment       0x00000000       0x27 c:/altera/13.0sp1/nios2eds/bin/gnu/h-i686-mingw32/bin/../lib/gcc/nios2-elf/4.1.2/../../../../nios2-elf/lib\libc.a(lib_a-reallocr.o)
 .comment       0x00000000       0x27 c:/altera/13.0sp1/nios2eds/bin/gnu/h-i686-mingw32/bin/../lib/gcc/nios2-elf/4.1.2/../../../../nios2-elf/lib\libc.a(lib_a-s_isinfd.o)
 .comment       0x00000000       0x27 c:/altera/13.0sp1/nios2eds/bin/gnu/h-i686-mingw32/bin/../lib/gcc/nios2-elf/4.1.2/../../../../nios2-elf/lib\libc.a(lib_a-s_isnand.o)
 .comment       0x00000000       0x27 c:/altera/13.0sp1/nios2eds/bin/gnu/h-i686-mingw32/bin/../lib/gcc/nios2-elf/4.1.2/../../../../nios2-elf/lib\libc.a(lib_a-sbrkr.o)
 .comment       0x00000000       0x27 c:/altera/13.0sp1/nios2eds/bin/gnu/h-i686-mingw32/bin/../lib/gcc/nios2-elf/4.1.2/../../../../nios2-elf/lib\libc.a(lib_a-stdio.o)
 .comment       0x00000000       0x27 c:/altera/13.0sp1/nios2eds/bin/gnu/h-i686-mingw32/bin/../lib/gcc/nios2-elf/4.1.2/../../../../nios2-elf/lib\libc.a(lib_a-strcmp.o)
 .comment       0x00000000       0x27 c:/altera/13.0sp1/nios2eds/bin/gnu/h-i686-mingw32/bin/../lib/gcc/nios2-elf/4.1.2/../../../../nios2-elf/lib\libc.a(lib_a-strlen.o)
 .comment       0x00000000       0x27 c:/altera/13.0sp1/nios2eds/bin/gnu/h-i686-mingw32/bin/../lib/gcc/nios2-elf/4.1.2/../../../../nios2-elf/lib\libc.a(lib_a-writer.o)
 .comment       0x00000000       0x27 c:/altera/13.0sp1/nios2eds/bin/gnu/h-i686-mingw32/bin/../lib/gcc/nios2-elf/4.1.2/../../../../nios2-elf/lib\libc.a(lib_a-callocr.o)
 .comment       0x00000000       0x27 c:/altera/13.0sp1/nios2eds/bin/gnu/h-i686-mingw32/bin/../lib/gcc/nios2-elf/4.1.2/../../../../nios2-elf/lib\libc.a(lib_a-closer.o)
 .comment       0x00000000       0x27 c:/altera/13.0sp1/nios2eds/bin/gnu/h-i686-mingw32/bin/../lib/gcc/nios2-elf/4.1.2/../../../../nios2-elf/lib\libc.a(lib_a-fclose.o)
 .comment       0x00000000       0x27 c:/altera/13.0sp1/nios2eds/bin/gnu/h-i686-mingw32/bin/../lib/gcc/nios2-elf/4.1.2/../../../../nios2-elf/lib\libc.a(lib_a-fstatr.o)
 .comment       0x00000000       0x27 c:/altera/13.0sp1/nios2eds/bin/gnu/h-i686-mingw32/bin/../lib/gcc/nios2-elf/4.1.2/../../../../nios2-elf/lib\libc.a(lib_a-int_errno.o)
 .comment       0x00000000       0x27 c:/altera/13.0sp1/nios2eds/bin/gnu/h-i686-mingw32/bin/../lib/gcc/nios2-elf/4.1.2/../../../../nios2-elf/lib\libc.a(lib_a-isattyr.o)
 .comment       0x00000000       0x27 c:/altera/13.0sp1/nios2eds/bin/gnu/h-i686-mingw32/bin/../lib/gcc/nios2-elf/4.1.2/../../../../nios2-elf/lib\libc.a(lib_a-lseekr.o)
 .comment       0x00000000       0x27 c:/altera/13.0sp1/nios2eds/bin/gnu/h-i686-mingw32/bin/../lib/gcc/nios2-elf/4.1.2/../../../../nios2-elf/lib\libc.a(lib_a-readr.o)
 .comment       0x00000000       0x27 c:/altera/13.0sp1/nios2eds/bin/gnu/h-i686-mingw32/bin/../lib/gcc/nios2-elf/4.1.2\libgcc.a(_udivdi3.o)
 .comment       0x00000000       0x27 c:/altera/13.0sp1/nios2eds/bin/gnu/h-i686-mingw32/bin/../lib/gcc/nios2-elf/4.1.2\libgcc.a(_umoddi3.o)
 .comment       0x00000000       0x27 c:/altera/13.0sp1/nios2eds/bin/gnu/h-i686-mingw32/bin/../lib/gcc/nios2-elf/4.1.2\libgcc.a(_addsub_df.o)
 .comment       0x00000000       0x27 c:/altera/13.0sp1/nios2eds/bin/gnu/h-i686-mingw32/bin/../lib/gcc/nios2-elf/4.1.2\libgcc.a(_mul_df.o)
 .comment       0x00000000       0x27 c:/altera/13.0sp1/nios2eds/bin/gnu/h-i686-mingw32/bin/../lib/gcc/nios2-elf/4.1.2\libgcc.a(_div_df.o)
 .comment       0x00000000       0x27 c:/altera/13.0sp1/nios2eds/bin/gnu/h-i686-mingw32/bin/../lib/gcc/nios2-elf/4.1.2\libgcc.a(_eq_df.o)
 .comment       0x00000000       0x27 c:/altera/13.0sp1/nios2eds/bin/gnu/h-i686-mingw32/bin/../lib/gcc/nios2-elf/4.1.2\libgcc.a(_ne_df.o)
 .comment       0x00000000       0x27 c:/altera/13.0sp1/nios2eds/bin/gnu/h-i686-mingw32/bin/../lib/gcc/nios2-elf/4.1.2\libgcc.a(_gt_df.o)
 .comment       0x00000000       0x27 c:/altera/13.0sp1/nios2eds/bin/gnu/h-i686-mingw32/bin/../lib/gcc/nios2-elf/4.1.2\libgcc.a(_ge_df.o)
 .comment       0x00000000       0x27 c:/altera/13.0sp1/nios2eds/bin/gnu/h-i686-mingw32/bin/../lib/gcc/nios2-elf/4.1.2\libgcc.a(_lt_df.o)
 .comment       0x00000000       0x27 c:/altera/13.0sp1/nios2eds/bin/gnu/h-i686-mingw32/bin/../lib/gcc/nios2-elf/4.1.2\libgcc.a(_si_to_df.o)
 .comment       0x00000000       0x27 c:/altera/13.0sp1/nios2eds/bin/gnu/h-i686-mingw32/bin/../lib/gcc/nios2-elf/4.1.2\libgcc.a(_df_to_si.o)
 .comment       0x00000000       0x27 c:/altera/13.0sp1/nios2eds/bin/gnu/h-i686-mingw32/bin/../lib/gcc/nios2-elf/4.1.2\libgcc.a(_thenan_df.o)
 .comment       0x00000000       0x27 c:/altera/13.0sp1/nios2eds/bin/gnu/h-i686-mingw32/bin/../lib/gcc/nios2-elf/4.1.2\libgcc.a(_usi_to_df.o)