Archive member included because of file (symbol)

c:/altera/13.0sp1/nios2eds/bin/gnu/h-i686-mingw32/bin/../lib/gcc/nios2-elf/4.1.2\libgcc.a(_muldi3.o)
                              obj/default/media_interrupt_HAL.o (__muldi3)
c:/altera/13.0sp1/nios2eds/bin/gnu/h-i686-mingw32/bin/../lib/gcc/nios2-elf/4.1.2\libgcc.a(_divdi3.o)
                              obj/default/media_interrupt_HAL.o (__divdi3)
c:/altera/13.0sp1/nios2eds/bin/gnu/h-i686-mingw32/bin/../lib/gcc/nios2-elf/4.1.2\libgcc.a(lib2-divmod.o)
                              c:/altera/13.0sp1/nios2eds/bin/gnu/h-i686-mingw32/bin/../lib/gcc/nios2-elf/4.1.2\libgcc.a(_divdi3.o) (__udivsi3)
c:/altera/13.0sp1/nios2eds/bin/gnu/h-i686-mingw32/bin/../lib/gcc/nios2-elf/4.1.2\libgcc.a(_clz.o)
                              c:/altera/13.0sp1/nios2eds/bin/gnu/h-i686-mingw32/bin/../lib/gcc/nios2-elf/4.1.2\libgcc.a(_divdi3.o) (__clz_tab)
c:/altera/13.0sp1/nios2eds/bin/gnu/h-i686-mingw32/bin/../lib/gcc/nios2-elf/4.1.2/../../../../nios2-elf/lib\libc.a(lib_a-memcpy.o)
                              obj/default/media_interrupt_HAL.o (memcpy)
c:/altera/13.0sp1/nios2eds/bin/gnu/h-i686-mingw32/bin/../lib/gcc/nios2-elf/4.1.2/../../../../nios2-elf/lib\libc.a(lib_a-memset.o)
                              obj/default/media_interrupt_HAL.o (memset)
../VGA_Audio_PS2_bsp/\libhal_bsp.a(alt_irq_register.o)
                              obj/default/media_interrupt_HAL.o (alt_irq_register)
../VGA_Audio_PS2_bsp/\libhal_bsp.a(alt_irq_vars.o)
                              ../VGA_Audio_PS2_bsp/\libhal_bsp.a(alt_irq_register.o) (alt_irq_active)
../VGA_Audio_PS2_bsp/\libhal_bsp.a(alt_load.o)
                              ../VGA_Audio_PS2_bsp//obj/HAL/src/crt0.o (alt_load)
../VGA_Audio_PS2_bsp/\libhal_bsp.a(alt_main.o)
                              ../VGA_Audio_PS2_bsp//obj/HAL/src/crt0.o (alt_main)
../VGA_Audio_PS2_bsp/\libhal_bsp.a(alt_printf.o)
                              obj/default/media_interrupt_HAL.o (alt_printf)
../VGA_Audio_PS2_bsp/\libhal_bsp.a(alt_putchar.o)
                              ../VGA_Audio_PS2_bsp/\libhal_bsp.a(alt_printf.o) (alt_putchar)
../VGA_Audio_PS2_bsp/\libhal_bsp.a(alt_sys_init.o)
                              ../VGA_Audio_PS2_bsp/\libhal_bsp.a(alt_main.o) (alt_irq_init)
../VGA_Audio_PS2_bsp/\libhal_bsp.a(altera_avalon_jtag_uart_fd.o)
                              ../VGA_Audio_PS2_bsp/\libhal_bsp.a(alt_sys_init.o) (altera_avalon_jtag_uart_read_fd)
../VGA_Audio_PS2_bsp/\libhal_bsp.a(altera_avalon_jtag_uart_init.o)
                              ../VGA_Audio_PS2_bsp/\libhal_bsp.a(alt_sys_init.o) (altera_avalon_jtag_uart_init)
../VGA_Audio_PS2_bsp/\libhal_bsp.a(altera_avalon_jtag_uart_ioctl.o)
                              ../VGA_Audio_PS2_bsp/\libhal_bsp.a(altera_avalon_jtag_uart_fd.o) (altera_avalon_jtag_uart_ioctl)
../VGA_Audio_PS2_bsp/\libhal_bsp.a(altera_avalon_jtag_uart_read.o)
                              ../VGA_Audio_PS2_bsp/\libhal_bsp.a(altera_avalon_jtag_uart_fd.o) (altera_avalon_jtag_uart_read)
../VGA_Audio_PS2_bsp/\libhal_bsp.a(altera_avalon_jtag_uart_write.o)
                              ../VGA_Audio_PS2_bsp/\libhal_bsp.a(altera_avalon_jtag_uart_fd.o) (altera_avalon_jtag_uart_write)
../VGA_Audio_PS2_bsp/\libhal_bsp.a(altera_avalon_timer_sc.o)
                              ../VGA_Audio_PS2_bsp/\libhal_bsp.a(alt_sys_init.o) (alt_avalon_timer_sc_init)
../VGA_Audio_PS2_bsp/\libhal_bsp.a(altera_up_avalon_audio.o)
                              obj/default/media_interrupt_HAL.o (alt_up_audio_open_dev)
../VGA_Audio_PS2_bsp/\libhal_bsp.a(altera_up_avalon_character_lcd.o)
                              ../VGA_Audio_PS2_bsp/\libhal_bsp.a(alt_sys_init.o) (alt_up_character_lcd_init)
../VGA_Audio_PS2_bsp/\libhal_bsp.a(altera_up_avalon_ethernet.o)
                              ../VGA_Audio_PS2_bsp/\libhal_bsp.a(alt_sys_init.o) (alt_up_ethernet_init)
../VGA_Audio_PS2_bsp/\libhal_bsp.a(altera_up_avalon_ethernet_low_level_driver.o)
                              ../VGA_Audio_PS2_bsp/\libhal_bsp.a(altera_up_avalon_ethernet.o) (alt_up_ethernet_reg_write)
../VGA_Audio_PS2_bsp/\libhal_bsp.a(altera_up_avalon_irda.o)
                              ../VGA_Audio_PS2_bsp/\libhal_bsp.a(alt_sys_init.o) (alt_up_irda_read_fd)
../VGA_Audio_PS2_bsp/\libhal_bsp.a(altera_up_avalon_parallel_port.o)
                              obj/default/media_interrupt_HAL.o (alt_up_parallel_port_open_dev)
../VGA_Audio_PS2_bsp/\libhal_bsp.a(altera_up_avalon_ps2.o)
                              ../VGA_Audio_PS2_bsp/\libhal_bsp.a(alt_sys_init.o) (alt_up_ps2_init)
../VGA_Audio_PS2_bsp/\libhal_bsp.a(altera_up_avalon_rs232.o)
                              ../VGA_Audio_PS2_bsp/\libhal_bsp.a(alt_sys_init.o) (alt_up_rs232_read_fd)
../VGA_Audio_PS2_bsp/\libhal_bsp.a(altera_up_avalon_video_character_buffer_with_dma.o)
                              ../VGA_Audio_PS2_bsp/\libhal_bsp.a(alt_sys_init.o) (alt_up_char_buffer_init)
../VGA_Audio_PS2_bsp/\libhal_bsp.a(altera_up_avalon_video_pixel_buffer_dma.o)
[...]
Memory Configuration

Name             Origin             Length             Attributes
reset            0x00000000         0x00000020
SDRAM            0x00000020         0x007fffe0
Flash_flash_data 0x0c000000         0x00400000
*default*        0x00000000         0xffffffff

Linker script and memory map

LOAD ../VGA_Audio_PS2_bsp//obj/HAL/src/crt0.o
LOAD obj/default/PS2_ISR.o
LOAD obj/default/amplitude_calculation.o
LOAD obj/default/audio_ISR.o
LOAD obj/default/globals.o
LOAD obj/default/interval_timer_ISR.o
LOAD obj/default/media_interrupt_HAL.o
LOAD obj/default/pushbutton_ISR.o
LOAD c:/altera/13.0sp1/nios2eds/bin/gnu/h-i686-mingw32/bin/../lib/gcc/nios2-elf/4.1.2/../../../../nios2-elf/lib\libstdc++.a
LOAD c:/altera/13.0sp1/nios2eds/bin/gnu/h-i686-mingw32/bin/../lib/gcc/nios2-elf/4.1.2/../../../../nios2-elf/lib\libm.a
LOAD c:/altera/13.0sp1/nios2eds/bin/gnu/h-i686-mingw32/bin/../lib/gcc/nios2-elf/4.1.2\libgcc.a
START GROUP
LOAD c:/altera/13.0sp1/nios2eds/bin/gnu/h-i686-mingw32/bin/../lib/gcc/nios2-elf/4.1.2/../../../../nios2-elf/lib\libc.a
LOAD c:/altera/13.0sp1/nios2eds/bin/gnu/h-i686-mingw32/bin/../lib/gcc/nios2-elf/4.1.2\libgcc.a
LOAD ../VGA_Audio_PS2_bsp/\libhal_bsp.a
END GROUP
LOAD c:/altera/13.0sp1/nios2eds/bin/gnu/h-i686-mingw32/bin/../lib/gcc/nios2-elf/4.1.2\libgcc.a
                0x00000000                __alt_mem_SDRAM = 0x0
                0x0c000000                __alt_mem_Flash_flash_data = 0xc000000

.entry          0x00000000       0x20
 *(.entry)
 .entry         0x00000000       0x20 ../VGA_Audio_PS2_bsp//obj/HAL/src/crt0.o
                0x00000000                __reset

.exceptions     0x00000020      0x198
                0x00000020                PROVIDE (__ram_exceptions_start, ABSOLUTE (.))
                0x00000020                . = ALIGN (0x20)
 *(.irq)
 *(.exceptions.entry.label)
 .exceptions.entry.label
                0x00000020        0x0 ../VGA_Audio_PS2_bsp/\libhal_bsp.a(alt_irq_entry.o)
                0x00000020                alt_irq_entry
 .exceptions.entry.label
                0x00000020        0x0 ../VGA_Audio_PS2_bsp/\libhal_bsp.a(alt_exception_entry.o)
                0x00000020                alt_exception
 *(.exceptions.entry.user)
 *(.exceptions.entry)
 .exceptions.entry
                0x00000020       0x54 ../VGA_Audio_PS2_bsp/\libhal_bsp.a(alt_exception_entry.o)
 *(.exceptions.irqtest.user)
 *(.exceptions.irqtest)
 .exceptions.irqtest
                0x00000074       0x10 ../VGA_Audio_PS2_bsp/\libhal_bsp.a(alt_irq_entry.o)
 *(.exceptions.irqhandler.user)
 *(.exceptions.irqhandler)
 .exceptions.irqhandler
                0x00000084        0x4 ../VGA_Audio_PS2_bsp/\libhal_bsp.a(alt_irq_entry.o)
 *(.exceptions.irqreturn.user)
 *(.exceptions.irqreturn)
 .exceptions.irqreturn
                0x00000088        0x4 ../VGA_Audio_PS2_bsp/\libhal_bsp.a(alt_irq_entry.o)
 *(.exceptions.notirq.label)
 .exceptions.notirq.label
                0x0000008c        0x0 ../VGA_Audio_PS2_bsp/\libhal_bsp.a(alt_irq_entry.o)
 *(.exceptions.notirq.user)
 *(.exceptions.notirq)
 .exceptions.notirq
                0x0000008c        0x8 ../VGA_Audio_PS2_bsp/\libhal_bsp.a(alt_exception_entry.o)
 *(.exceptions.soft.user)
 *(.exceptions.soft)
 *(.exceptions.unknown.user)
 *(.exceptions.unknown)
 .exceptions.unknown
                0x00000094        0x4 ../VGA_Audio_PS2_bsp/\libhal_bsp.a(alt_exception_entry.o)
 *(.exceptions.exit.label)
 .exceptions.exit.label
                0x00000098        0x0 ../VGA_Audio_PS2_bsp/\libhal_bsp.a(alt_irq_entry.o)
 .exceptions.exit.label
                0x00000098        0x0 ../VGA_Audio_PS2_bsp/\libhal_bsp.a(alt_exception_entry.o)
 *(.exceptions.exit.user)
 *(.exceptions.exit)
 .exceptions.exit
                0x00000098       0x54 ../VGA_Audio_PS2_bsp/\libhal_bsp.a(alt_exception_entry.o)
 *(.exceptions)
 .exceptions    0x000000ec       0xcc ../VGA_Audio_PS2_bsp/\libhal_bsp.a(alt_irq_handler.o)
                0x000000ec                alt_irq_handler
                0x000001b8                PROVIDE (__ram_exceptions_end, ABSOLUTE (.))
                0x00000020                PROVIDE (__flash_exceptions_start, LOADADDR (.exceptions))

.text           0x000001b8     0xb918
                0x000001b8                PROVIDE (stext, ABSOLUTE (.))
 *(.interp)
 *(.hash)
 *(.dynsym)
 *(.dynstr)
 *(.gnu.version)
 *(.gnu.version_d)
 *(.gnu.version_r)
 *(.rel.init)
 *(.rela.init)
 *(.rel.text .rel.text.* .rel.gnu.linkonce.t.*)
 *(.rela.text .rela.text.* .rela.gnu.linkonce.t.*)
 *(.rel.fini)
 *(.rela.fini)
 *(.rel.rodata .rel.rodata.* .rel.gnu.linkonce.r.*)
 *(.rela.rodata .rela.rodata.* .rela.gnu.linkonce.r.*)
 *(.rel.data .rel.data.* .rel.gnu.linkonce.d.*)
 *(.rela.data .rela.data.* .rela.gnu.linkonce.d.*)
 *(.rel.tdata .rel.tdata.* .rel.gnu.linkonce.td.*)
 *(.rela.tdata .rela.tdata.* .rela.gnu.linkonce.td.*)
 *(.rel.tbss .rel.tbss.* .rel.gnu.linkonce.tb.*)
 *(.rela.tbss .rela.tbss.* .rela.gnu.linkonce.tb.*)
 *(.rel.ctors)
 *(.rela.ctors)
 *(.rel.dtors)
 *(.rela.dtors)
 *(.rel.got)
 *(.rela.got)
 *(.rel.sdata .rel.sdata.* .rel.gnu.linkonce.s.*)
 *(.rela.sdata .rela.sdata.* .rela.gnu.linkonce.s.*)
 *(.rel.sbss .rel.sbss.* .rel.gnu.linkonce.sb.*)
 *(.rela.sbss .rela.sbss.* .rela.gnu.linkonce.sb.*)
 *(.rel.sdata2 .rel.sdata2.* .rel.gnu.linkonce.s2.*)
 *(.rela.sdata2 .rela.sdata2.* .rela.gnu.linkonce.s2.*)
 *(.rel.sbss2 .rel.sbss2.* .rel.gnu.linkonce.sb2.*)
 *(.rela.sbss2 .rela.sbss2.* .rela.gnu.linkonce.sb2.*)
 *(.rel.bss .rel.bss.* .rel.gnu.linkonce.b.*)
 *(.rela.bss .rela.bss.* .rela.gnu.linkonce.b.*)
 *(.rel.plt)
 *(.rela.plt)
 *(.rel.dyn)
 *(.init)
 *(.plt)
 *(.text .stub .text.* .gnu.linkonce.t.*)
 .text          0x000001b8       0x3c ../VGA_Audio_PS2_bsp//obj/HAL/src/crt0.o
                0x000001b8                _start
 .text          0x000001f4      0x148 obj/default/PS2_ISR.o
                0x000001f4                PS2_ISR
 .text          0x0000033c      0x300 obj/default/amplitude_calculation.o
                0x0000033c                amplitude_operation
                0x000003ac                amplitude_circute_stop
                0x00000420                amplitude_circute_set_size
                0x00000494                amplitude_circute_set_num
                0x00000508                amplitude_circute_set_rbuff_addr
                0x00000538                amplitude_circute_set_lbuff_addr
                0x00000568                amplitude_circute_set_dest_addr
                0x00000598                amplitude_circute_start
                0x000005cc                amplitude_circute_get_status
 .text          0x0000063c      0x438 obj/default/audio_ISR.o
                0x0000063c                audio_ISR
 .text          0x00000a74        0x0 obj/default/globals.o
 .text          0x00000a74       0x60 obj/default/interval_timer_ISR.o
                0x00000a74                interval_timer_ISR
 .text          0x00000ad4     0x1e58 obj/default/media_interrupt_HAL.o
                0x00000ad4                main
                0x00001d8c                HEXxy_PS2
                0x00002098                Do_Soft_Echo
                0x0000223c                Plot_AudioRecord
                0x000023c8                Audio_Average
                0x000026a0                Plot_Play_Audio
                0x000027ac                Do_Hardware_Calculate
                0x000027f8                Calculate_Avrage
 .text          0x0000292c       0xb8 obj/default/pushbutton_ISR.o
                0x0000292c                pushbutton_ISR
 .text          0x000029e4       0x98 c:/altera/13.0sp1/nios2eds/bin/gnu/h-i686-mingw32/bin/../lib/gcc/nios2-elf/4.1.2\libgcc.a(_muldi3.o)
                0x000029e4                __muldi3
 .text          0x00002a7c      0x680 c:/altera/13.0sp1/nios2eds/bin/gnu/h-i686-mingw32/bin/../lib/gcc/nios2-elf/4.1.2\libgcc.a(_divdi3.o)
                0x00002a7c                __divdi3
 .text          0x000030fc      0x14c c:/altera/13.0sp1/nios2eds/bin/gnu/h-i686-mingw32/bin/../lib/gcc/nios2-elf/4.1.2\libgcc.a(lib2-divmod.o)
                0x00003178                __divsi3
                0x000031d8                __modsi3
                0x00003238                __udivsi3
                0x00003240                __umodsi3
 .text          0x00003248        0x0 c:/altera/13.0sp1/nios2eds/bin/gnu/h-i686-mingw32/bin/../lib/gcc/nios2-elf/4.1.2\libgcc.a(_clz.o)
 .text          0x00003248       0xa0 c:/altera/13.0sp1/nios2eds/bin/gnu/h-i686-mingw32/bin/../lib/gcc/nios2-elf/4.1.2/../../../../nios2-elf/lib\libc.a(lib_a-memcpy.o)
                0x00003248                memcpy
 .text          0x000032e8       0x98 c:/altera/13.0sp1/nios2eds/bin/gnu/h-i686-mingw32/bin/../lib/gcc/nios2-elf/4.1.2/../../../../nios2-elf/lib\libc.a(lib_a-memset.o)
                0x000032e8                memset
 .text          0x00003380      0x1c0 ../VGA_Audio_PS2_bsp/\libhal_bsp.a(alt_irq_register.o)
                0x00003380                alt_irq_register
 .text          0x00003540        0x0 ../VGA_Audio_PS2_bsp/\libhal_bsp.a(alt_irq_vars.o)
 .text          0x00003540       0xec ../VGA_Audio_PS2_bsp/\libhal_bsp.a(alt_load.o)
                0x00003540                alt_load
 .text          0x0000362c       0x6c ../VGA_Audio_PS2_bsp/\libhal_bsp.a(alt_main.o)
                0x0000362c                alt_main
 .text          0x00003698      0x258 ../VGA_Audio_PS2_bsp/\libhal_bsp.a(alt_printf.o)
                0x00003698                alt_printf
 .text          0x000038f0       0x40 ../VGA_Audio_PS2_bsp/\libhal_bsp.a(alt_putchar.o)
                0x000038f0                alt_putchar
 .text          0x00003930      0x46c ../VGA_Audio_PS2_bsp/\libhal_bsp.a(alt_sys_init.o)
                0x00003930                alt_irq_init
                0x00003964                alt_sys_init
 .text          0x00003d9c      0x148 ../VGA_Audio_PS2_bsp/\libhal_bsp.a(altera_avalon_jtag_uart_fd.o)
                0x00003d9c                altera_avalon_jtag_uart_read_fd
                0x00003df4                altera_avalon_jtag_uart_write_fd
                0x00003e4c                altera_avalon_jtag_uart_close_fd
                0x00003e94                altera_avalon_jtag_uart_ioctl_fd
 .text          0x00003ee4      0x408 ../VGA_Audio_PS2_bsp/\libhal_bsp.a(altera_avalon_jtag_uart_init.o)
                0x00003ee4                altera_avalon_jtag_uart_init
                0x00004278                altera_avalon_jtag_uart_close
 .text          0x000042ec       0xf4 ../VGA_Audio_PS2_bsp/\libhal_bsp.a(altera_avalon_jtag_uart_ioctl.o)
                0x000042ec                altera_avalon_jtag_uart_ioctl
 .text          0x000043e0      0x224 ../VGA_Audio_PS2_bsp/\libhal_bsp.a(altera_avalon_jtag_uart_read.o)
                0x000043e0                altera_avalon_jtag_uart_read
 .text          0x00004604      0x240 ../VGA_Audio_PS2_bsp/\libhal_bsp.a(altera_avalon_jtag_uart_write.o)
                0x00004604                altera_avalon_jtag_uart_write
 .text          0x00004844       0xfc ../VGA_Audio_PS2_bsp/\libhal_bsp.a(altera_avalon_timer_sc.o)
                0x000048b8                alt_avalon_timer_sc_init
 .text          0x00004940      0x80c ../VGA_Audio_PS2_bsp/\libhal_bsp.a(altera_up_avalon_audio.o)
                0x00004940                alt_up_audio_open_dev
                0x00004980                alt_up_audio_enable_read_interrupt
                0x000049cc                alt_up_audio_disable_read_interrupt
                0x00004a1c                alt_up_audio_enable_write_interrupt
                0x00004a68                alt_up_audio_disable_write_interrupt
                0x00004ab8                alt_up_audio_read_interrupt_pending
                0x00004af4                alt_up_audio_write_interrupt_pending
                0x00004b30                alt_up_audio_reset_audio_core
                0x00004bb8                alt_up_audio_read_fifo_avail
                0x00004c28                alt_up_audio_record_r
                0x00004c98                alt_up_audio_record_l
                0x00004d08                alt_up_audio_write_fifo_space
                0x00004d7c                alt_up_audio_play_r
                0x00004dec                alt_up_audio_play_l
                0x00004e5c                alt_up_audio_read_fifo
                0x00004f60                alt_up_audio_write_fifo
                0x0000508c                alt_up_audio_read_fifo_head
                0x000050ec                alt_up_audio_write_fifo_head
 .text          0x0000514c      0x530 ../VGA_Audio_PS2_bsp/\libhal_bsp.a(altera_up_avalon_character_lcd.o)
                0x0000514c                get_DDRAM_addr
                0x000051c8                alt_up_character_lcd_send_cmd
                0x000051fc                alt_up_character_lcd_init
                0x00005230                alt_up_character_lcd_open_dev
                0x00005270                alt_up_character_lcd_write
                0x000052e8                alt_up_character_lcd_string
                0x00005360                alt_up_character_lcd_write_fd
                0x000053ac                alt_up_character_lcd_set_cursor_pos
                0x00005424                alt_up_character_lcd_shift_cursor
                0x000054d4                alt_up_character_lcd_shift_display
                0x00005584                alt_up_character_lcd_erase_pos
                0x00005614                alt_up_character_lcd_cursor_off
                0x00005648                alt_up_character_lcd_cursor_blink_on
 .text          0x0000567c      0x150 ../VGA_Audio_PS2_bsp/\libhal_bsp.a(altera_up_avalon_ethernet.o)
                0x0000567c                alt_up_ethernet_init
                0x0000578c                alt_up_ethernet_open_dev
 .text          0x000057cc      0x238 ../VGA_Audio_PS2_bsp/\libhal_bsp.a(altera_up_avalon_ethernet_low_level_driver.o)
                0x000057cc                alt_up_ethernet_reg_read
                0x00005808                alt_up_ethernet_reg_write
                0x0000584c                alt_up_ethernet_phy_reg_read
                0x0000592c                alt_up_ethernet_phy_reg_write
 .text          0x00005a04      0x394 ../VGA_Audio_PS2_bsp/\libhal_bsp.a(altera_up_avalon_irda.o)
                0x00005a04                alt_up_irda_enable_read_interrupt
                0x00005a58                alt_up_irda_disable_read_interrupt
                0x00005ab0                alt_up_irda_get_used_space_in_read_FIFO
                0x00005aec                alt_up_irda_get_available_space_in_write_FIFO
                0x00005b2c                alt_up_irda_check_parity
                0x00005b7c                alt_up_irda_write_data
                0x00005bc4                alt_up_irda_read_data
                0x00005c38                alt_up_irda_read_fd
                0x00005cc8                alt_up_irda_write_fd
                0x00005d58                alt_up_irda_open_dev
 .text          0x00005d98       0x40 ../VGA_Audio_PS2_bsp/\libhal_bsp.a(altera_up_avalon_parallel_port.o)
                0x00005d98                alt_up_parallel_port_open_dev
 .text          0x00005dd8      0x700 ../VGA_Audio_PS2_bsp/\libhal_bsp.a(altera_up_avalon_ps2.o)
                0x00005dd8                read_RI_bit
                0x00005e0c                read_RE_bit
                0x00005e3c                read_CE_bit
                0x00005e70                read_num_bytes_available
                0x00005ea4                read_data_valid
                0x00005ed8                read_data_byte
                0x00005f04                alt_up_ps2_init
                0x00005fd0                alt_up_ps2_enable_read_interrupt
                0x00006024                alt_up_ps2_disable_read_interrupt
                0x0000607c                alt_up_ps2_write_data_byte
                0x000060f4                alt_up_ps2_wait_for_ack
                0x00006164                alt_up_ps2_write_data_byte_with_ack
                0x000061d0                alt_up_ps2_read_data_byte_timeout
                0x00006280                alt_up_ps2_read_data_byte
                0x000062fc                alt_up_ps2_clear_fifo
                0x00006354                alt_up_ps2_read_fd
                0x000063f0                alt_up_ps2_write_fd
                0x00006498                alt_up_ps2_open_dev
 .text          0x000064d8      0x398 ../VGA_Audio_PS2_bsp/\libhal_bsp.a(altera_up_avalon_rs232.o)
                0x000064d8                alt_up_rs232_enable_read_interrupt
                0x0000652c                alt_up_rs232_disable_read_interrupt
                0x00006584                alt_up_rs232_get_used_space_in_read_FIFO
                0x000065c0                alt_up_rs232_get_available_space_in_write_FIFO
                0x00006600                alt_up_rs232_check_parity
                0x00006650                alt_up_rs232_write_data
                0x00006698                alt_up_rs232_read_data
                0x0000670c                alt_up_rs232_read_fd
                0x0000679c                alt_up_rs232_write_fd
                0x00006830                alt_up_rs232_open_dev
 .text          0x00006870      0x304 ../VGA_Audio_PS2_bsp/\libhal_bsp.a(altera_up_avalon_video_character_buffer_with_dma.o)
                0x00006870                alt_up_char_buffer_init
                0x000068f4                alt_up_char_buffer_open_dev
                0x00006934                alt_up_char_buffer_draw
                0x00006a04                alt_up_char_buffer_string
                0x00006b18                alt_up_char_buffer_clear
 .text          0x00006b74     0x156c ../VGA_Audio_PS2_bsp/\libhal_bsp.a(altera_up_avalon_video_pixel_buffer_dma.o)
                0x00006b74                alt_up_pixel_buffer_dma_open_dev
                0x00006bb4                alt_up_pixel_buffer_dma_draw
                0x00006d54                alt_up_pixel_buffer_dma_change_back_buffer_address
                0x00006dac                alt_up_pixel_buffer_dma_swap_buffers
                0x00006e04                alt_up_pixel_buffer_dma_check_swap_buffers_status
                0x00006e38                alt_up_pixel_buffer_dma_clear_screen
                0x00006f9c                alt_up_pixel_buffer_dma_draw_box
                0x00007490                alt_up_pixel_buffer_dma_draw_hline
                0x000077e0                alt_up_pixel_buffer_dma_draw_vline
                0x00007bb0                alt_up_pixel_buffer_dma_draw_rectangle
                0x00007c74                helper_plot_pixel
                0x00007d44                alt_up_pixel_buffer_dma_draw_line
 .text          0x000080e0      0x154 ../VGA_Audio_PS2_bsp/\libhal_bsp.a(alt_alarm_start.o)
                0x000080e0                alt_alarm_start
 .text          0x00008234      0x15c ../VGA_Audio_PS2_bsp/\libhal_bsp.a(alt_close.o)
                0x00008234                close
 .text          0x00008390       0x1c ../VGA_Audio_PS2_bsp/\libhal_bsp.a(alt_dcache_flush_all.o)
                0x00008390                alt_dcache_flush_all
 .text          0x000083ac       0x2c ../VGA_Audio_PS2_bsp/\libhal_bsp.a(alt_dev.o)
 .text          0x000083d8      0x114 ../VGA_Audio_PS2_bsp/\libhal_bsp.a(alt_dev_llist_insert.o)
                0x000083d8                alt_dev_llist_insert
 .text          0x000084ec       0x64 ../VGA_Audio_PS2_bsp/\libhal_bsp.a(alt_do_ctors.o)
                0x000084ec                _do_ctors
 .text          0x00008550       0x64 ../VGA_Audio_PS2_bsp/\libhal_bsp.a(alt_do_dtors.o)
                0x00008550                _do_dtors
 .text          0x000085b4        0x0 ../VGA_Audio_PS2_bsp/\libhal_bsp.a(alt_errno.o)
 .text          0x000085b4       0x94 ../VGA_Audio_PS2_bsp/\libhal_bsp.a(alt_find_dev.o)
                0x000085b4                alt_find_dev
 .text          0x00008648       0x30 ../VGA_Audio_PS2_bsp/\libhal_bsp.a(alt_icache_flush_all.o)
                0x00008648                alt_icache_flush_all
 .text          0x00008678      0x13c ../VGA_Audio_PS2_bsp/\libhal_bsp.a(alt_io_redirect.o)
                0x0000873c                alt_io_redirect
 .text          0x000087b4        0x0 ../VGA_Audio_PS2_bsp/\libhal_bsp.a(alt_irq_entry.o)
 .text          0x000087b4        0x0 ../VGA_Audio_PS2_bsp/\libhal_bsp.a(alt_irq_handler.o)
 .text          0x000087b4      0x2c4 ../VGA_Audio_PS2_bsp/\libhal_bsp.a(alt_open.o)
                0x00008890                open
 .text          0x00008a78       0x60 ../VGA_Audio_PS2_bsp/\libhal_bsp.a(alt_release_fd.o)
                0x00008a78                alt_release_fd
 .text          0x00008ad8      0x1a4 ../VGA_Audio_PS2_bsp/\libhal_bsp.a(alt_tick.o)
                0x00008ad8                alt_alarm_stop
                0x00008b70                alt_tick
 .text          0x00008c7c       0x30 ../VGA_Audio_PS2_bsp/\libhal_bsp.a(alt_usleep.o)
                0x00008c7c                usleep
 .text          0x00008cac       0x20 ../VGA_Audio_PS2_bsp/\libhal_bsp.a(altera_nios2_qsys_irq.o)
                0x00008cac                altera_nios2_qsys_irq_init
 .text          0x00008ccc      0x12c ../VGA_Audio_PS2_bsp/\libhal_bsp.a(alt_busy_sleep.o)
                0x00008ccc                alt_busy_sleep
 .text          0x00008df8        0x0 ../VGA_Audio_PS2_bsp/\libhal_bsp.a(alt_exception_entry.o)
 .text          0x00008df8      0x120 ../VGA_Audio_PS2_bsp/\libhal_bsp.a(alt_find_file.o)
                0x00008df8                alt_find_file
 .text          0x00008f18       0xb8 ../VGA_Audio_PS2_bsp/\libhal_bsp.a(alt_get_fd.o)
                0x00008f18                alt_get_fd
 .text          0x00008fd0       0x90 ../VGA_Audio_PS2_bsp/\libhal_bsp.a(alt_icache_flush.o)
                0x00008fd0                alt_icache_flush
 .text          0x00009060       0x14 c:/altera/13.0sp1/nios2eds/bin/gnu/h-i686-mingw32/bin/../lib/gcc/nios2-elf/4.1.2/../../../../nios2-elf/lib\libc.a(lib_a-atexit.o)
                0x00009060                atexit
 .text          0x00009074       0x38 c:/altera/13.0sp1/nios2eds/bin/gnu/h-i686-mingw32/bin/../lib/gcc/nios2-elf/4.1.2/../../../../nios2-elf/lib\libc.a(lib_a-exit.o)
                0x00009074                exit
 .text          0x000090ac        0x0 c:/altera/13.0sp1/nios2eds/bin/gnu/h-i686-mingw32/bin/../lib/gcc/nios2-elf/4.1.2/../../../../nios2-elf/lib\libc.a(lib_a-impure.o)
 .text          0x000090ac        0x0 c:/altera/13.0sp1/nios2eds/bin/gnu/h-i686-mingw32/bin/../lib/gcc/nios2-elf/4.1.2/../../../../nios2-elf/lib\libc.a(lib_a-int_errno.o)
 .text          0x000090ac       0x74 c:/altera/13.0sp1/nios2eds/bin/gnu/h-i686-mingw32/bin/../lib/gcc/nios2-elf/4.1.2/../../../../nios2-elf/lib\libc.a(lib_a-memcmp.o)
                0x000090ac                memcmp
 .text          0x00009120      0x1ec c:/altera/13.0sp1/nios2eds/bin/gnu/h-i686-mingw32/bin/../lib/gcc/nios2-elf/4.1.2/../../../../nios2-elf/lib\libc.a(lib_a-putc.o)
                0x00009120                putc
                0x00009224                _putc_r
 .text          0x0000930c       0xbc c:/altera/13.0sp1/nios2eds/bin/gnu/h-i686-mingw32/bin/../lib/gcc/nios2-elf/4.1.2/../../../../nios2-elf/lib\libc.a(lib_a-strcmp.o)
                0x0000930c                strcmp
 .text          0x000093c8       0x74 c:/altera/13.0sp1/nios2eds/bin/gnu/h-i686-mingw32/bin/../lib/gcc/nios2-elf/4.1.2/../../../../nios2-elf/lib\libc.a(lib_a-strlen.o)
                0x000093c8                strlen
 .text          0x0000943c      0x14c c:/altera/13.0sp1/nios2eds/bin/gnu/h-i686-mingw32/bin/../lib/gcc/nios2-elf/4.1.2/../../../../nios2-elf/lib\libc.a(lib_a-wbuf.o)
                0x0000943c                __swbuf_r
                0x0000956c                __swbuf
 .text          0x00009588      0x13c c:/altera/13.0sp1/nios2eds/bin/gnu/h-i686-mingw32/bin/../lib/gcc/nios2-elf/4.1.2/../../../../nios2-elf/lib\libc.a(lib_a-wsetup.o)
                0x00009588                __swsetup_r
 .text          0x000096c4      0x134 c:/altera/13.0sp1/nios2eds/bin/gnu/h-i686-mingw32/bin/../lib/gcc/nios2-elf/4.1.2/../../../../nios2-elf/lib\libc.a(lib_a-__atexit.o)
                0x000096c4                __register_exitproc
 .text          0x000097f8      0x1b4 c:/altera/13.0sp1/nios2eds/bin/gnu/h-i686-mingw32/bin/../lib/gcc/nios2-elf/4.1.2/../../../../nios2-elf/lib\libc.a(lib_a-__call_atexit.o)
                0x000097fc                __call_exitprocs
 .text          0x000099ac      0x230 c:/altera/13.0sp1/nios2eds/bin/gnu/h-i686-mingw32/bin/../lib/gcc/nios2-elf/4.1.2/../../../../nios2-elf/lib\libc.a(lib_a-fflush.o)
                0x000099ac                _fflush_r
                0x00009ba8                fflush
 .text          0x00009bdc      0x2c0 c:/altera/13.0sp1/nios2eds/bin/gnu/h-i686-mingw32/bin/../lib/gcc/nios2-elf/4.1.2/../../../../nios2-elf/lib\libc.a(lib_a-findfp.o)
                0x00009c34                __sfp_lock_acquire
                0x00009c38                __sfp_lock_release
                0x00009c3c                __sinit_lock_acquire
                0x00009c40                __sinit_lock_release
                0x00009c44                __sinit
                0x00009cf8                __fp_unlock_all
                0x00009d10                __fp_lock_all
                0x00009d28                _cleanup_r
                0x00009d34                _cleanup
                0x00009d44                __sfmoreglue
                0x00009dac                __sfp
 .text          0x00009e9c      0x440 c:/altera/13.0sp1/nios2eds/bin/gnu/h-i686-mingw32/bin/../lib/gcc/nios2-elf/4.1.2/../../../../nios2-elf/lib\libc.a(lib_a-freer.o)
                0x00009e9c                _malloc_trim_r
                0x00009fc8                _free_r
 .text          0x0000a2dc      0x180 c:/altera/13.0sp1/nios2eds/bin/gnu/h-i686-mingw32/bin/../lib/gcc/nios2-elf/4.1.2/../../../../nios2-elf/lib\libc.a(lib_a-fwalk.o)
                0x0000a2dc                _fwalk_reent
                0x0000a3a4                _fwalk
 .text          0x0000a45c      0x194 c:/altera/13.0sp1/nios2eds/bin/gnu/h-i686-mingw32/bin/../lib/gcc/nios2-elf/4.1.2/../../../../nios2-elf/lib\libc.a(lib_a-makebuf.o)
                0x0000a45c                __smakebuf_r
 .text          0x0000a5f0      0x740 c:/altera/13.0sp1/nios2eds/bin/gnu/h-i686-mingw32/bin/../lib/gcc/nios2-elf/4.1.2/../../../../nios2-elf/lib\libc.a(lib_a-mallocr.o)
                0x0000a5f0                _malloc_r
 .text          0x0000ad30       0x70 c:/altera/13.0sp1/nios2eds/bin/gnu/h-i686-mingw32/bin/../lib/gcc/nios2-elf/4.1.2/../../../../nios2-elf/lib\libc.a(lib_a-sbrkr.o)
                0x0000ad30                _sbrk_r
 .text          0x0000ada0      0x14c c:/altera/13.0sp1/nios2eds/bin/gnu/h-i686-mingw32/bin/../lib/gcc/nios2-elf/4.1.2/../../../../nios2-elf/lib\libc.a(lib_a-stdio.o)
                0x0000ada0                __sclose
                0x0000ada8                __sseek
                0x0000ae10                __swrite
                0x0000ae8c                __sread
 .text          0x0000aeec       0x78 c:/altera/13.0sp1/nios2eds/bin/gnu/h-i686-mingw32/bin/../lib/gcc/nios2-elf/4.1.2/../../../../nios2-elf/lib\libc.a(lib_a-writer.o)
                0x0000aeec                _write_r
 .text          0x0000af64       0x70 c:/altera/13.0sp1/nios2eds/bin/gnu/h-i686-mingw32/bin/../lib/gcc/nios2-elf/4.1.2/../../../../nios2-elf/lib\libc.a(lib_a-closer.o)
                0x0000af64                _close_r
 .text          0x0000afd4      0x124 c:/altera/13.0sp1/nios2eds/bin/gnu/h-i686-mingw32/bin/../lib/gcc/nios2-elf/4.1.2/../../../../nios2-elf/lib\libc.a(lib_a-fclose.o)
                0x0000afd4                _fclose_r
                0x0000b0e4                fclose
 .text          0x0000b0f8       0x74 c:/altera/13.0sp1/nios2eds/bin/gnu/h-i686-mingw32/bin/../lib/gcc/nios2-elf/4.1.2/../../../../nios2-elf/lib\libc.a(lib_a-fstatr.o)
                0x0000b0f8                _fstat_r
 .text          0x0000b16c       0x70 c:/altera/13.0sp1/nios2eds/bin/gnu/h-i686-mingw32/bin/../lib/gcc/nios2-elf/4.1.2/../../../../nios2-elf/lib\libc.a(lib_a-isattyr.o)
                0x0000b16c                _isatty_r
 .text          0x0000b1dc       0x78 c:/altera/13.0sp1/nios2eds/bin/gnu/h-i686-mingw32/bin/../lib/gcc/nios2-elf/4.1.2/../../../../nios2-elf/lib\libc.a(lib_a-lseekr.o)
                0x0000b1dc                _lseek_r
 .text          0x0000b254       0x78 c:/altera/13.0sp1/nios2eds/bin/gnu/h-i686-mingw32/bin/../lib/gcc/nios2-elf/4.1.2/../../../../nios2-elf/lib\libc.a(lib_a-readr.o)
                0x0000b254                _read_r
 .text          0x0000b2cc       0x60 ../VGA_Audio_PS2_bsp/\libhal_bsp.a(alt_exit.o)
                0x0000b30c                _exit
 .text          0x0000b32c      0x134 ../VGA_Audio_PS2_bsp/\libhal_bsp.a(alt_fstat.o)
                0x0000b32c                fstat
 .text          0x0000b460      0x120 ../VGA_Audio_PS2_bsp/\libhal_bsp.a(alt_isatty.o)
                0x0000b460                isatty
 .text          0x0000b580      0x150 ../VGA_Audio_PS2_bsp/\libhal_bsp.a(alt_lseek.o)
                0x0000b580                lseek
 .text          0x0000b6d0       0x40 ../VGA_Audio_PS2_bsp/\libhal_bsp.a(alt_malloc_lock.o)
                0x0000b6d0                __malloc_lock
                0x0000b6f0                __malloc_unlock
 .text          0x0000b710      0x180 ../VGA_Audio_PS2_bsp/\libhal_bsp.a(alt_read.o)
                0x0000b710                read
 .text          0x0000b890       0xbc ../VGA_Audio_PS2_bsp/\libhal_bsp.a(alt_sbrk.o)
                0x0000b890                sbrk
 .text          0x0000b94c      0x180 ../VGA_Audio_PS2_bsp/\libhal_bsp.a(alt_write.o)
                0x0000b94c                write
 *(.gnu.warning.*)
 *(.fini)
                0x0000bacc                PROVIDE (__etext, ABSOLUTE (.))
                0x0000bacc                PROVIDE (_etext, ABSOLUTE (.))
                0x0000bacc                PROVIDE (etext, ABSOLUTE (.))
 *(.eh_frame_hdr)
                0x0000bacc                . = ALIGN (0x4)
                0x0000bacc                PROVIDE (__preinit_array_start, ABSOLUTE (.))
 *(.preinit_array)
                0x0000bacc                PROVIDE (__preinit_array_end, ABSOLUTE (.))
                0x0000bacc                PROVIDE (__init_array_start, ABSOLUTE (.))
 *(.init_array)
                0x0000bacc                PROVIDE (__init_array_end, ABSOLUTE (.))
                0x0000bacc                PROVIDE (__fini_array_start, ABSOLUTE (.))
 *(.fini_array)
                0x0000bacc                PROVIDE (__fini_array_end, ABSOLUTE (.))
 *(.eh_frame)
 *(.gcc_except_table)
 *(.dynamic)
                0x0000bacc                PROVIDE (__CTOR_LIST__, ABSOLUTE (.))
 *(.ctors)
 *(SORT(.ctors.*))
 .ctors.65535   0x0000bacc        0x4 c:/altera/13.0sp1/nios2eds/bin/gnu/h-i686-mingw32/bin/../lib/gcc/nios2-elf/4.1.2/../../../../nios2-elf/lib\libc.a(lib_a-__call_atexit.o)
                0x0000bad0                PROVIDE (__CTOR_END__, ABSOLUTE (.))
                0x0000bad0                PROVIDE (__DTOR_LIST__, ABSOLUTE (.))
 *(.dtors)
 *(SORT(.dtors.*))
                0x0000bad0                PROVIDE (__DTOR_END__, ABSOLUTE (.))
 *(.jcr)
                0x0000bad0                . = ALIGN (0x4)

.rodata         0x0000bad0      0x62c
                0x0000bad0                PROVIDE (__ram_rodata_start, ABSOLUTE (.))
                0x0000bad0                . = ALIGN (0x4)
 *(.rodata .rodata.* .gnu.linkonce.r.*)
 .rodata        0x0000bad0      0x374 obj/default/media_interrupt_HAL.o
 .rodata        0x0000be44      0x100 c:/altera/13.0sp1/nios2eds/bin/gnu/h-i686-mingw32/bin/../lib/gcc/nios2-elf/4.1.2\libgcc.a(_clz.o)
                0x0000be44                __clz_tab
 .rodata        0x0000bf44       0x10 ../VGA_Audio_PS2_bsp/\libhal_bsp.a(alt_main.o)
 .rodata        0x0000bf54      0x17c ../VGA_Audio_PS2_bsp/\libhal_bsp.a(alt_sys_init.o)
 .rodata        0x0000c0d0       0x1c ../VGA_Audio_PS2_bsp/\libhal_bsp.a(altera_up_avalon_video_character_buffer_with_dma.o)
 .rodata        0x0000c0ec        0xc ../VGA_Audio_PS2_bsp/\libhal_bsp.a(alt_dev.o)
 .rodata.str1.4
                0x0000c0f8        0x4 c:/altera/13.0sp1/nios2eds/bin/gnu/h-i686-mingw32/bin/../lib/gcc/nios2-elf/4.1.2/../../../../nios2-elf/lib\libc.a(lib_a-impure.o)
 *(.rodata1)
                0x0000c0fc                . = ALIGN (0x4)
                0x0000c0fc                PROVIDE (__ram_rodata_end, ABSOLUTE (.))
                0x0000bad0                PROVIDE (__flash_rodata_start, LOADADDR (.rodata))

.rwdata         0x0000c0fc     0x207c load address 0x0000e178
                0x0000c0fc                PROVIDE (__ram_rwdata_start, ABSOLUTE (.))
                0x0000c0fc                . = ALIGN (0x4)
 *(.got.plt)
 *(.got)
 *(.data1)
 *(.data .data.* .gnu.linkonce.d.*)
 .data          0x0000c0fc        0x0 ../VGA_Audio_PS2_bsp//obj/HAL/src/crt0.o
 .data          0x0000c0fc        0x0 obj/default/PS2_ISR.o
 .data          0x0000c0fc        0x0 obj/default/amplitude_calculation.o
 .data          0x0000c0fc        0x0 obj/default/audio_ISR.o
 .data          0x0000c0fc        0x0 obj/default/globals.o
 .data          0x0000c0fc        0x0 obj/default/interval_timer_ISR.o
 .data          0x0000c0fc      0x280 obj/default/media_interrupt_HAL.o
                0x0000c0fc                coeff
                0x0000c17c                Mouse_Icon
 .data          0x0000c37c        0x0 obj/default/pushbutton_ISR.o
 .data          0x0000c37c        0x0 c:/altera/13.0sp1/nios2eds/bin/gnu/h-i686-mingw32/bin/../lib/gcc/nios2-elf/4.1.2\libgcc.a(_muldi3.o)
 .data          0x0000c37c        0x0 c:/altera/13.0sp1/nios2eds/bin/gnu/h-i686-mingw32/bin/../lib/gcc/nios2-elf/4.1.2\libgcc.a(_divdi3.o)
 .data          0x0000c37c        0x0 c:/altera/13.0sp1/nios2eds/bin/gnu/h-i686-mingw32/bin/../lib/gcc/nios2-elf/4.1.2\libgcc.a(lib2-divmod.o)
 .data          0x0000c37c        0x0 c:/altera/13.0sp1/nios2eds/bin/gnu/h-i686-mingw32/bin/../lib/gcc/nios2-elf/4.1.2\libgcc.a(_clz.o)
 .data          0x0000c37c        0x0 c:/altera/13.0sp1/nios2eds/bin/gnu/h-i686-mingw32/bin/../lib/gcc/nios2-elf/4.1.2/../../../../nios2-elf/lib\libc.a(lib_a-memcpy.o)
 .data          0x0000c37c        0x0 c:/altera/13.0sp1/nios2eds/bin/gnu/h-i686-mingw32/bin/../lib/gcc/nios2-elf/4.1.2/../../../../nios2-elf/lib\libc.a(lib_a-memset.o)
 .data          0x0000c37c        0x0 ../VGA_Audio_PS2_bsp/\libhal_bsp.a(alt_irq_register.o)
 .data          0x0000c37c        0x0 ../VGA_Audio_PS2_bsp/\libhal_bsp.a(alt_irq_vars.o)
 .data          0x0000c37c        0x0 ../VGA_Audio_PS2_bsp/\libhal_bsp.a(alt_load.o)
 .data          0x0000c37c        0x0 ../VGA_Audio_PS2_bsp/\libhal_bsp.a(alt_main.o)
 .data          0x0000c37c        0x0 ../VGA_Audio_PS2_bsp/\libhal_bsp.a(alt_printf.o)
 .data          0x0000c37c        0x0 ../VGA_Audio_PS2_bsp/\libhal_bsp.a(alt_putchar.o)
 .data          0x0000c37c     0x1414 ../VGA_Audio_PS2_bsp/\libhal_bsp.a(alt_sys_init.o)
 .data          0x0000d790        0x0 ../VGA_Audio_PS2_bsp/\libhal_bsp.a(altera_avalon_jtag_uart_fd.o)
 .data          0x0000d790        0x0 ../VGA_Audio_PS2_bsp/\libhal_bsp.a(altera_avalon_jtag_uart_init.o)
 .data          0x0000d790        0x0 ../VGA_Audio_PS2_bsp/\libhal_bsp.a(altera_avalon_jtag_uart_ioctl.o)
 .data          0x0000d790        0x0 ../VGA_Audio_PS2_bsp/\libhal_bsp.a(altera_avalon_jtag_uart_read.o)
 .data          0x0000d790        0x0 ../VGA_Audio_PS2_bsp/\libhal_bsp.a(altera_avalon_jtag_uart_write.o)
 .data          0x0000d790        0x0 ../VGA_Audio_PS2_bsp/\libhal_bsp.a(altera_avalon_timer_sc.o)
 .data          0x0000d790        0x0 ../VGA_Audio_PS2_bsp/\libhal_bsp.a(altera_up_avalon_audio.o)
 .data          0x0000d790        0x0 ../VGA_Audio_PS2_bsp/\libhal_bsp.a(altera_up_avalon_character_lcd.o)
 .data          0x0000d790        0x0 ../VGA_Audio_PS2_bsp/\libhal_bsp.a(altera_up_avalon_ethernet.o)
 .data          0x0000d790        0x0 ../VGA_Audio_PS2_bsp/\libhal_bsp.a(altera_up_avalon_ethernet_low_level_driver.o)
 .data          0x0000d790        0x0 ../VGA_Audio_PS2_bsp/\libhal_bsp.a(altera_up_avalon_irda.o)
 .data          0x0000d790        0x0 ../VGA_Audio_PS2_bsp/\libhal_bsp.a(altera_up_avalon_parallel_port.o)
 .data          0x0000d790        0x0 ../VGA_Audio_PS2_bsp/\libhal_bsp.a(altera_up_avalon_ps2.o)
 .data          0x0000d790        0x0 ../VGA_Audio_PS2_bsp/\libhal_bsp.a(altera_up_avalon_rs232.o)
 .data          0x0000d790        0x0 ../VGA_Audio_PS2_bsp/\libhal_bsp.a(altera_up_avalon_video_character_buffer_with_dma.o)
 .data          0x0000d790        0x0 ../VGA_Audio_PS2_bsp/\libhal_bsp.a(altera_up_avalon_video_pixel_buffer_dma.o)
 .data          0x0000d790        0x0 ../VGA_Audio_PS2_bsp/\libhal_bsp.a(alt_alarm_start.o)
 .data          0x0000d790        0x0 ../VGA_Audio_PS2_bsp/\libhal_bsp.a(alt_close.o)
 .data          0x0000d790        0x0 ../VGA_Audio_PS2_bsp/\libhal_bsp.a(alt_dcache_flush_all.o)
 .data          0x0000d790      0x1a8 ../VGA_Audio_PS2_bsp/\libhal_bsp.a(alt_dev.o)
                0x0000d790                alt_dev_null
                0x0000d7b8                alt_fd_list
 .data          0x0000d938        0x0 ../VGA_Audio_PS2_bsp/\libhal_bsp.a(alt_dev_llist_insert.o)
 .data          0x0000d938        0x0 ../VGA_Audio_PS2_bsp/\libhal_bsp.a(alt_do_ctors.o)
 .data          0x0000d938        0x0 ../VGA_Audio_PS2_bsp/\libhal_bsp.a(alt_do_dtors.o)
 .data          0x0000d938        0x0 ../VGA_Audio_PS2_bsp/\libhal_bsp.a(alt_errno.o)
 .data          0x0000d938        0x0 ../VGA_Audio_PS2_bsp/\libhal_bsp.a(alt_find_dev.o)
 .data          0x0000d938        0x0 ../VGA_Audio_PS2_bsp/\libhal_bsp.a(alt_icache_flush_all.o)
 .data          0x0000d938        0x0 ../VGA_Audio_PS2_bsp/\libhal_bsp.a(alt_io_redirect.o)
 .data          0x0000d938        0x0 ../VGA_Audio_PS2_bsp/\libhal_bsp.a(alt_irq_entry.o)
 .data          0x0000d938        0x0 ../VGA_Audio_PS2_bsp/\libhal_bsp.a(alt_irq_handler.o)
 .data          0x0000d938        0x0 ../VGA_Audio_PS2_bsp/\libhal_bsp.a(alt_open.o)
 .data          0x0000d938        0x0 ../VGA_Audio_PS2_bsp/\libhal_bsp.a(alt_release_fd.o)
 .data          0x0000d938        0x0 ../VGA_Audio_PS2_bsp/\libhal_bsp.a(alt_tick.o)
 .data          0x0000d938        0x0 ../VGA_Audio_PS2_bsp/\libhal_bsp.a(alt_usleep.o)
 .data          0x0000d938        0x0 ../VGA_Audio_PS2_bsp/\libhal_bsp.a(altera_nios2_qsys_irq.o)
 .data          0x0000d938        0x0 ../VGA_Audio_PS2_bsp/\libhal_bsp.a(alt_busy_sleep.o)
 .data          0x0000d938        0x0 ../VGA_Audio_PS2_bsp/\libhal_bsp.a(alt_exception_entry.o)
 .data          0x0000d938        0x0 ../VGA_Audio_PS2_bsp/\libhal_bsp.a(alt_find_file.o)
 .data          0x0000d938        0x0 ../VGA_Audio_PS2_bsp/\libhal_bsp.a(alt_get_fd.o)
 .data          0x0000d938        0x0 ../VGA_Audio_PS2_bsp/\libhal_bsp.a(alt_icache_flush.o)
 .data          0x0000d938        0x0 c:/altera/13.0sp1/nios2eds/bin/gnu/h-i686-mingw32/bin/../lib/gcc/nios2-elf/4.1.2/../../../../nios2-elf/lib\libc.a(lib_a-atexit.o)
 .data          0x0000d938        0x0 c:/altera/13.0sp1/nios2eds/bin/gnu/h-i686-mingw32/bin/../lib/gcc/nios2-elf/4.1.2/../../../../nios2-elf/lib\libc.a(lib_a-exit.o)
 .data          0x0000d938      0x400 c:/altera/13.0sp1/nios2eds/bin/gnu/h-i686-mingw32/bin/../lib/gcc/nios2-elf/4.1.2/../../../../nios2-elf/lib\libc.a(lib_a-impure.o)
 .data          0x0000dd38        0x0 c:/altera/13.0sp1/nios2eds/bin/gnu/h-i686-mingw32/bin/../lib/gcc/nios2-elf/4.1.2/../../../../nios2-elf/lib\libc.a(lib_a-int_errno.o)
 .data          0x0000dd38        0x0 c:/altera/13.0sp1/nios2eds/bin/gnu/h-i686-mingw32/bin/../lib/gcc/nios2-elf/4.1.2/../../../../nios2-elf/lib\libc.a(lib_a-memcmp.o)
 .data          0x0000dd38        0x0 c:/altera/13.0sp1/nios2eds/bin/gnu/h-i686-mingw32/bin/../lib/gcc/nios2-elf/4.1.2/../../../../nios2-elf/lib\libc.a(lib_a-putc.o)
 .data          0x0000dd38        0x0 c:/altera/13.0sp1/nios2eds/bin/gnu/h-i686-mingw32/bin/../lib/gcc/nios2-elf/4.1.2/../../../../nios2-elf/lib\libc.a(lib_a-strcmp.o)
 .data          0x0000dd38        0x0 c:/altera/13.0sp1/nios2eds/bin/gnu/h-i686-mingw32/bin/../lib/gcc/nios2-elf/4.1.2/../../../../nios2-elf/lib\libc.a(lib_a-strlen.o)
 .data          0x0000dd38        0x0 c:/altera/13.0sp1/nios2eds/bin/gnu/h-i686-mingw32/bin/../lib/gcc/nios2-elf/4.1.2/../../../../nios2-elf/lib\libc.a(lib_a-wbuf.o)
 .data          0x0000dd38        0x0 c:/altera/13.0sp1/nios2eds/bin/gnu/h-i686-mingw32/bin/../lib/gcc/nios2-elf/4.1.2/../../../../nios2-elf/lib\libc.a(lib_a-wsetup.o)
 .data          0x0000dd38        0x0 c:/altera/13.0sp1/nios2eds/bin/gnu/h-i686-mingw32/bin/../lib/gcc/nios2-elf/4.1.2/../../../../nios2-elf/lib\libc.a(lib_a-__atexit.o)
 .data          0x0000dd38        0x0 c:/altera/13.0sp1/nios2eds/bin/gnu/h-i686-mingw32/bin/../lib/gcc/nios2-elf/4.1.2/../../../../nios2-elf/lib\libc.a(lib_a-__call_atexit.o)
 .data          0x0000dd38        0x0 c:/altera/13.0sp1/nios2eds/bin/gnu/h-i686-mingw32/bin/../lib/gcc/nios2-elf/4.1.2/../../../../nios2-elf/lib\libc.a(lib_a-fflush.o)
 .data          0x0000dd38        0x0 c:/altera/13.0sp1/nios2eds/bin/gnu/h-i686-mingw32/bin/../lib/gcc/nios2-elf/4.1.2/../../../../nios2-elf/lib\libc.a(lib_a-findfp.o)
 .data          0x0000dd38        0x0 c:/altera/13.0sp1/nios2eds/bin/gnu/h-i686-mingw32/bin/../lib/gcc/nios2-elf/4.1.2/../../../../nios2-elf/lib\libc.a(lib_a-freer.o)
 .data          0x0000dd38        0x0 c:/altera/13.0sp1/nios2eds/bin/gnu/h-i686-mingw32/bin/../lib/gcc/nios2-elf/4.1.2/../../../../nios2-elf/lib\libc.a(lib_a-fwalk.o)
 .data          0x0000dd38        0x0 c:/altera/13.0sp1/nios2eds/bin/gnu/h-i686-mingw32/bin/../lib/gcc/nios2-elf/4.1.2/../../../../nios2-elf/lib\libc.a(lib_a-makebuf.o)
 .data          0x0000dd38      0x408 c:/altera/13.0sp1/nios2eds/bin/gnu/h-i686-mingw32/bin/../lib/gcc/nios2-elf/4.1.2/../../../../nios2-elf/lib\libc.a(lib_a-mallocr.o)
                0x0000dd38                __malloc_av_
 .data          0x0000e140        0x0 c:/altera/13.0sp1/nios2eds/bin/gnu/h-i686-mingw32/bin/../lib/gcc/nios2-elf/4.1.2/../../../../nios2-elf/lib\libc.a(lib_a-sbrkr.o)
 .data          0x0000e140        0x0 c:/altera/13.0sp1/nios2eds/bin/gnu/h-i686-mingw32/bin/../lib/gcc/nios2-elf/4.1.2/../../../../nios2-elf/lib\libc.a(lib_a-stdio.o)
 .data          0x0000e140        0x0 c:/altera/13.0sp1/nios2eds/bin/gnu/h-i686-mingw32/bin/../lib/gcc/nios2-elf/4.1.2/../../../../nios2-elf/lib\libc.a(lib_a-writer.o)
 .data          0x0000e140        0x0 c:/altera/13.0sp1/nios2eds/bin/gnu/h-i686-mingw32/bin/../lib/gcc/nios2-elf/4.1.2/../../../../nios2-elf/lib\libc.a(lib_a-closer.o)
 .data          0x0000e140        0x0 c:/altera/13.0sp1/nios2eds/bin/gnu/h-i686-mingw32/bin/../lib/gcc/nios2-elf/4.1.2/../../../../nios2-elf/lib\libc.a(lib_a-fclose.o)
 .data          0x0000e140        0x0 c:/altera/13.0sp1/nios2eds/bin/gnu/h-i686-mingw32/bin/../lib/gcc/nios2-elf/4.1.2/../../../../nios2-elf/lib\libc.a(lib_a-fstatr.o)
 .data          0x0000e140        0x0 c:/altera/13.0sp1/nios2eds/bin/gnu/h-i686-mingw32/bin/../lib/gcc/nios2-elf/4.1.2/../../../../nios2-elf/lib\libc.a(lib_a-isattyr.o)
 .data          0x0000e140        0x0 c:/altera/13.0sp1/nios2eds/bin/gnu/h-i686-mingw32/bin/../lib/gcc/nios2-elf/4.1.2/../../../../nios2-elf/lib\libc.a(lib_a-lseekr.o)
 .data          0x0000e140        0x0 c:/altera/13.0sp1/nios2eds/bin/gnu/h-i686-mingw32/bin/../lib/gcc/nios2-elf/4.1.2/../../../../nios2-elf/lib\libc.a(lib_a-readr.o)
 .data          0x0000e140        0x0 ../VGA_Audio_PS2_bsp/\libhal_bsp.a(alt_exit.o)
 .data          0x0000e140        0x0 ../VGA_Audio_PS2_bsp/\libhal_bsp.a(alt_fstat.o)
 .data          0x0000e140        0x0 ../VGA_Audio_PS2_bsp/\libhal_bsp.a(alt_isatty.o)
 .data          0x0000e140        0x0 ../VGA_Audio_PS2_bsp/\libhal_bsp.a(alt_lseek.o)
 .data          0x0000e140        0x0 ../VGA_Audio_PS2_bsp/\libhal_bsp.a(alt_malloc_lock.o)
 .data          0x0000e140        0x0 ../VGA_Audio_PS2_bsp/\libhal_bsp.a(alt_read.o)
 .data          0x0000e140        0x0 ../VGA_Audio_PS2_bsp/\libhal_bsp.a(alt_sbrk.o)
 .data          0x0000e140        0x0 ../VGA_Audio_PS2_bsp/\libhal_bsp.a(alt_write.o)
                0x00016140                _gp = ABSOLUTE ((. + 0x8000))
                0x00016140                PROVIDE (gp, _gp)
 *(.rwdata .rwdata.*)
 *(.sdata .sdata.* .gnu.linkonce.s.*)
 .sdata         0x0000e140        0x4 ../VGA_Audio_PS2_bsp/\libhal_bsp.a(alt_irq_vars.o)
                0x0000e140                alt_priority_mask
 .sdata         0x0000e144       0x14 ../VGA_Audio_PS2_bsp/\libhal_bsp.a(alt_dev.o)
                0x0000e144                alt_fs_list
                0x0000e14c                alt_dev_list
                0x0000e154                alt_max_fd
 .sdata         0x0000e158        0x4 ../VGA_Audio_PS2_bsp/\libhal_bsp.a(alt_errno.o)
                0x0000e158                alt_errno
 .sdata         0x0000e15c        0x8 ../VGA_Audio_PS2_bsp/\libhal_bsp.a(alt_tick.o)
                0x0000e15c                alt_alarm_list
 .sdata         0x0000e164        0x8 c:/altera/13.0sp1/nios2eds/bin/gnu/h-i686-mingw32/bin/../lib/gcc/nios2-elf/4.1.2/../../../../nios2-elf/lib\libc.a(lib_a-impure.o)
                0x0000e164                _impure_ptr
                0x0000e168                _global_impure_ptr
 .sdata         0x0000e16c        0x8 c:/altera/13.0sp1/nios2eds/bin/gnu/h-i686-mingw32/bin/../lib/gcc/nios2-elf/4.1.2/../../../../nios2-elf/lib\libc.a(lib_a-mallocr.o)
                0x0000e16c                __malloc_trim_threshold
                0x0000e170                __malloc_sbrk_base
 .sdata         0x0000e174        0x4 ../VGA_Audio_PS2_bsp/\libhal_bsp.a(alt_sbrk.o)
 *(.sdata2 .sdata2.* .gnu.linkonce.s2.*)
                0x0000e178                . = ALIGN (0x4)
                0x0000e178                _edata = ABSOLUTE (.)
                0x0000e178                PROVIDE (edata, ABSOLUTE (.))
                0x0000e178                PROVIDE (__ram_rwdata_end, ABSOLUTE (.))
                0x0000e178                PROVIDE (__flash_rwdata_start, LOADADDR (.rwdata))

.bss            0x000101f4   0x7a18e4
                0x000101f4                __bss_start = ABSOLUTE (.)
                0x000101f4                PROVIDE (__sbss_start, ABSOLUTE (.))
                0x000101f4                PROVIDE (___sbss_start, ABSOLUTE (.))
 *(.dynsbss)
 *(.sbss .sbss.* .gnu.linkonce.sb.*)
 .sbss          0x000101f4        0x4 obj/default/amplitude_calculation.o
                0x000101f4                Base_Data
 .sbss          0x000101f8        0xc obj/default/amplitude_calculation.o
                0x000101f8                Read_Data
                0x000101fc                Read_Reg0
                0x00010200                Done_Bit
 .sbss          0x00010204       0x38 obj/default/globals.o
                0x00010204                byte2
                0x00010205                byte3
                0x00010208                Play_Index
                0x0001020c                byte1
                0x0001020d                local_b2
                0x0001020e                local_b1
                0x00010210                Echo_End
                0x00010214                Echo_complete
                0x00010218                Play_Flag
                0x0001021c                Clear_Play_Plot
                0x00010220                End_Record
                0x00010224                timeout
                0x00010228                count
                0x0001022c                buf_index_play
                0x00010230                local_b3
                0x00010234                buf_index_record
                0x00010238                Click_Echo
 .sbss          0x0001023c       0x3c obj/default/media_interrupt_HAL.o
                0x0001023c                Echo
                0x00010240                anita0
                0x00010244                anita1
                0x00010248                anita2
                0x0001024c                XoverFlow
                0x00010250                MiddleBtn
                0x00010254                index_Echo
                0x00010258                nibble_TempY
                0x0001025c                nibble_TempX
                0x00010260                RightBtn
                0x00010264                Xsign
                0x00010268                Temp_Sign
                0x0001026c                LeftBtn
                0x00010270                YoverFlow
                0x00010274                Ysign
 .sbss          0x00010278        0x4 ../VGA_Audio_PS2_bsp/\libhal_bsp.a(alt_irq_vars.o)
                0x00010278                alt_irq_active
 .sbss          0x0001027c        0xc ../VGA_Audio_PS2_bsp/\libhal_bsp.a(alt_main.o)
                0x0001027c                alt_argc
                0x00010280                alt_argv
                0x00010284                alt_envp
 .sbss          0x00010288        0x8 ../VGA_Audio_PS2_bsp/\libhal_bsp.a(alt_tick.o)
                0x00010288                _alt_tick_rate
                0x0001028c                _alt_nticks
 .sbss          0x00010290        0x4 c:/altera/13.0sp1/nios2eds/bin/gnu/h-i686-mingw32/bin/../lib/gcc/nios2-elf/4.1.2/../../../../nios2-elf/lib\libc.a(lib_a-int_errno.o)
                0x00010290                errno
 .sbss          0x00010294        0xc c:/altera/13.0sp1/nios2eds/bin/gnu/h-i686-mingw32/bin/../lib/gcc/nios2-elf/4.1.2/../../../../nios2-elf/lib\libc.a(lib_a-mallocr.o)
                0x00010294                __malloc_top_pad
                0x00010298                __malloc_max_sbrked_mem
                0x0001029c                __malloc_max_total_mem
 *(.sbss2 .sbss2.* .gnu.linkonce.sb2.*)
 *(.scommon)
                0x000102a0                PROVIDE (__sbss_end, ABSOLUTE (.))
                0x000102a0                PROVIDE (___sbss_end, ABSOLUTE (.))
 *(.dynbss)
 *(.bss .bss.* .gnu.linkonce.b.*)
 .bss           0x000102a0        0x0 ../VGA_Audio_PS2_bsp//obj/HAL/src/crt0.o
 .bss           0x000102a0        0x0 obj/default/PS2_ISR.o
 .bss           0x000102a0        0x0 obj/default/amplitude_calculation.o
 .bss           0x000102a0        0x0 obj/default/audio_ISR.o
 .bss           0x000102a0        0x0 obj/default/globals.o
 .bss           0x000102a0        0x0 obj/default/interval_timer_ISR.o
 .bss           0x000102a0        0x0 obj/default/media_interrupt_HAL.o
 .bss           0x000102a0        0x0 obj/default/pushbutton_ISR.o
 .bss           0x000102a0        0x0 c:/altera/13.0sp1/nios2eds/bin/gnu/h-i686-mingw32/bin/../lib/gcc/nios2-elf/4.1.2\libgcc.a(_muldi3.o)
 .bss           0x000102a0        0x0 c:/altera/13.0sp1/nios2eds/bin/gnu/h-i686-mingw32/bin/../lib/gcc/nios2-elf/4.1.2\libgcc.a(_divdi3.o)
 .bss           0x000102a0        0x0 c:/altera/13.0sp1/nios2eds/bin/gnu/h-i686-mingw32/bin/../lib/gcc/nios2-elf/4.1.2\libgcc.a(lib2-divmod.o)
 .bss           0x000102a0        0x0 c:/altera/13.0sp1/nios2eds/bin/gnu/h-i686-mingw32/bin/../lib/gcc/nios2-elf/4.1.2\libgcc.a(_clz.o)
 .bss           0x000102a0        0x0 c:/altera/13.0sp1/nios2eds/bin/gnu/h-i686-mingw32/bin/../lib/gcc/nios2-elf/4.1.2/../../../../nios2-elf/lib\libc.a(lib_a-memcpy.o)
 .bss           0x000102a0        0x0 c:/altera/13.0sp1/nios2eds/bin/gnu/h-i686-mingw32/bin/../lib/gcc/nios2-elf/4.1.2/../../../../nios2-elf/lib\libc.a(lib_a-memset.o)
 .bss           0x000102a0        0x0 ../VGA_Audio_PS2_bsp/\libhal_bsp.a(alt_irq_register.o)
 .bss           0x000102a0        0x0 ../VGA_Audio_PS2_bsp/\libhal_bsp.a(alt_irq_vars.o)
 .bss           0x000102a0        0x0 ../VGA_Audio_PS2_bsp/\libhal_bsp.a(alt_load.o)
 .bss           0x000102a0        0x0 ../VGA_Audio_PS2_bsp/\libhal_bsp.a(alt_main.o)
 .bss           0x000102a0        0x0 ../VGA_Audio_PS2_bsp/\libhal_bsp.a(alt_printf.o)
 .bss           0x000102a0        0x0 ../VGA_Audio_PS2_bsp/\libhal_bsp.a(alt_putchar.o)
 .bss           0x000102a0        0x0 ../VGA_Audio_PS2_bsp/\libhal_bsp.a(alt_sys_init.o)
 .bss           0x000102a0        0x0 ../VGA_Audio_PS2_bsp/\libhal_bsp.a(altera_avalon_jtag_uart_fd.o)
 .bss           0x000102a0        0x0 ../VGA_Audio_PS2_bsp/\libhal_bsp.a(altera_avalon_jtag_uart_init.o)
 .bss           0x000102a0        0x0 ../VGA_Audio_PS2_bsp/\libhal_bsp.a(altera_avalon_jtag_uart_ioctl.o)
 .bss           0x000102a0        0x0 ../VGA_Audio_PS2_bsp/\libhal_bsp.a(altera_avalon_jtag_uart_read.o)
 .bss           0x000102a0        0x0 ../VGA_Audio_PS2_bsp/\libhal_bsp.a(altera_avalon_jtag_uart_write.o)
 .bss           0x000102a0        0x0 ../VGA_Audio_PS2_bsp/\libhal_bsp.a(altera_avalon_timer_sc.o)
 .bss           0x000102a0        0x0 ../VGA_Audio_PS2_bsp/\libhal_bsp.a(altera_up_avalon_audio.o)
 .bss           0x000102a0        0x0 ../VGA_Audio_PS2_bsp/\libhal_bsp.a(altera_up_avalon_character_lcd.o)
 .bss           0x000102a0        0x0 ../VGA_Audio_PS2_bsp/\libhal_bsp.a(altera_up_avalon_ethernet.o)
 .bss           0x000102a0        0x0 ../VGA_Audio_PS2_bsp/\libhal_bsp.a(altera_up_avalon_ethernet_low_level_driver.o)
 .bss           0x000102a0        0x0 ../VGA_Audio_PS2_bsp/\libhal_bsp.a(altera_up_avalon_irda.o)
 .bss           0x000102a0        0x0 ../VGA_Audio_PS2_bsp/\libhal_bsp.a(altera_up_avalon_parallel_port.o)
 .bss           0x000102a0        0x0 ../VGA_Audio_PS2_bsp/\libhal_bsp.a(altera_up_avalon_ps2.o)
 .bss           0x000102a0        0x0 ../VGA_Audio_PS2_bsp/\libhal_bsp.a(altera_up_avalon_rs232.o)
 .bss           0x000102a0        0x0 ../VGA_Audio_PS2_bsp/\libhal_bsp.a(altera_up_avalon_video_character_buffer_with_dma.o)
 .bss           0x000102a0        0x0 ../VGA_Audio_PS2_bsp/\libhal_bsp.a(altera_up_avalon_video_pixel_buffer_dma.o)
 .bss           0x000102a0        0x0 ../VGA_Audio_PS2_bsp/\libhal_bsp.a(alt_alarm_start.o)
 .bss           0x000102a0        0x0 ../VGA_Audio_PS2_bsp/\libhal_bsp.a(alt_close.o)
 .bss           0x000102a0        0x0 ../VGA_Audio_PS2_bsp/\libhal_bsp.a(alt_dcache_flush_all.o)
 .bss           0x000102a0        0x0 ../VGA_Audio_PS2_bsp/\libhal_bsp.a(alt_dev.o)
 .bss           0x000102a0        0x0 ../VGA_Audio_PS2_bsp/\libhal_bsp.a(alt_dev_llist_insert.o)
 .bss           0x000102a0        0x0 ../VGA_Audio_PS2_bsp/\libhal_bsp.a(alt_do_ctors.o)
 .bss           0x000102a0        0x0 ../VGA_Audio_PS2_bsp/\libhal_bsp.a(alt_do_dtors.o)
 .bss           0x000102a0        0x0 ../VGA_Audio_PS2_bsp/\libhal_bsp.a(alt_errno.o)
 .bss           0x000102a0        0x0 ../VGA_Audio_PS2_bsp/\libhal_bsp.a(alt_find_dev.o)
 .bss           0x000102a0        0x0 ../VGA_Audio_PS2_bsp/\libhal_bsp.a(alt_icache_flush_all.o)
 .bss           0x000102a0        0x0 ../VGA_Audio_PS2_bsp/\libhal_bsp.a(alt_io_redirect.o)
 .bss           0x000102a0        0x0 ../VGA_Audio_PS2_bsp/\libhal_bsp.a(alt_irq_entry.o)
 .bss           0x000102a0        0x0 ../VGA_Audio_PS2_bsp/\libhal_bsp.a(alt_irq_handler.o)
 .bss           0x000102a0        0x0 ../VGA_Audio_PS2_bsp/\libhal_bsp.a(alt_open.o)
 .bss           0x000102a0        0x0 ../VGA_Audio_PS2_bsp/\libhal_bsp.a(alt_release_fd.o)
 .bss           0x000102a0        0x0 ../VGA_Audio_PS2_bsp/\libhal_bsp.a(alt_tick.o)
 .bss           0x000102a0        0x0 ../VGA_Audio_PS2_bsp/\libhal_bsp.a(alt_usleep.o)
 .bss           0x000102a0        0x0 ../VGA_Audio_PS2_bsp/\libhal_bsp.a(altera_nios2_qsys_irq.o)
 .bss           0x000102a0        0x0 ../VGA_Audio_PS2_bsp/\libhal_bsp.a(alt_busy_sleep.o)
 .bss           0x000102a0        0x0 ../VGA_Audio_PS2_bsp/\libhal_bsp.a(alt_exception_entry.o)
 .bss           0x000102a0        0x0 ../VGA_Audio_PS2_bsp/\libhal_bsp.a(alt_find_file.o)
 .bss           0x000102a0        0x0 ../VGA_Audio_PS2_bsp/\libhal_bsp.a(alt_get_fd.o)
 .bss           0x000102a0        0x0 ../VGA_Audio_PS2_bsp/\libhal_bsp.a(alt_icache_flush.o)
 .bss           0x000102a0        0x0 c:/altera/13.0sp1/nios2eds/bin/gnu/h-i686-mingw32/bin/../lib/gcc/nios2-elf/4.1.2/../../../../nios2-elf/lib\libc.a(lib_a-atexit.o)
 .bss           0x000102a0        0x0 c:/altera/13.0sp1/nios2eds/bin/gnu/h-i686-mingw32/bin/../lib/gcc/nios2-elf/4.1.2/../../../../nios2-elf/lib\libc.a(lib_a-exit.o)
 .bss           0x000102a0        0x0 c:/altera/13.0sp1/nios2eds/bin/gnu/h-i686-mingw32/bin/../lib/gcc/nios2-elf/4.1.2/../../../../nios2-elf/lib\libc.a(lib_a-impure.o)
 .bss           0x000102a0        0x0 c:/altera/13.0sp1/nios2eds/bin/gnu/h-i686-mingw32/bin/../lib/gcc/nios2-elf/4.1.2/../../../../nios2-elf/lib\libc.a(lib_a-int_errno.o)
 .bss           0x000102a0        0x0 c:/altera/13.0sp1/nios2eds/bin/gnu/h-i686-mingw32/bin/../lib/gcc/nios2-elf/4.1.2/../../../../nios2-elf/lib\libc.a(lib_a-memcmp.o)
 .bss           0x000102a0        0x0 c:/altera/13.0sp1/nios2eds/bin/gnu/h-i686-mingw32/bin/../lib/gcc/nios2-elf/4.1.2/../../../../nios2-elf/lib\libc.a(lib_a-putc.o)
 .bss           0x000102a0        0x0 c:/altera/13.0sp1/nios2eds/bin/gnu/h-i686-mingw32/bin/../lib/gcc/nios2-elf/4.1.2/../../../../nios2-elf/lib\libc.a(lib_a-strcmp.o)
 .bss           0x000102a0        0x0 c:/altera/13.0sp1/nios2eds/bin/gnu/h-i686-mingw32/bin/../lib/gcc/nios2-elf/4.1.2/../../../../nios2-elf/lib\libc.a(lib_a-strlen.o)
 .bss           0x000102a0        0x0 c:/altera/13.0sp1/nios2eds/bin/gnu/h-i686-mingw32/bin/../lib/gcc/nios2-elf/4.1.2/../../../../nios2-elf/lib\libc.a(lib_a-wbuf.o)
 .bss           0x000102a0        0x0 c:/altera/13.0sp1/nios2eds/bin/gnu/h-i686-mingw32/bin/../lib/gcc/nios2-elf/4.1.2/../../../../nios2-elf/lib\libc.a(lib_a-wsetup.o)
 .bss           0x000102a0        0x0 c:/altera/13.0sp1/nios2eds/bin/gnu/h-i686-mingw32/bin/../lib/gcc/nios2-elf/4.1.2/../../../../nios2-elf/lib\libc.a(lib_a-__atexit.o)
 .bss           0x000102a0        0x0 c:/altera/13.0sp1/nios2eds/bin/gnu/h-i686-mingw32/bin/../lib/gcc/nios2-elf/4.1.2/../../../../nios2-elf/lib\libc.a(lib_a-__call_atexit.o)
 .bss           0x000102a0        0x0 c:/altera/13.0sp1/nios2eds/bin/gnu/h-i686-mingw32/bin/../lib/gcc/nios2-elf/4.1.2/../../../../nios2-elf/lib\libc.a(lib_a-fflush.o)
 .bss           0x000102a0        0x0 c:/altera/13.0sp1/nios2eds/bin/gnu/h-i686-mingw32/bin/../lib/gcc/nios2-elf/4.1.2/../../../../nios2-elf/lib\libc.a(lib_a-findfp.o)
 .bss           0x000102a0        0x0 c:/altera/13.0sp1/nios2eds/bin/gnu/h-i686-mingw32/bin/../lib/gcc/nios2-elf/4.1.2/../../../../nios2-elf/lib\libc.a(lib_a-freer.o)
 .bss           0x000102a0        0x0 c:/altera/13.0sp1/nios2eds/bin/gnu/h-i686-mingw32/bin/../lib/gcc/nios2-elf/4.1.2/../../../../nios2-elf/lib\libc.a(lib_a-fwalk.o)
 .bss           0x000102a0        0x0 c:/altera/13.0sp1/nios2eds/bin/gnu/h-i686-mingw32/bin/../lib/gcc/nios2-elf/4.1.2/../../../../nios2-elf/lib\libc.a(lib_a-makebuf.o)
 .bss           0x000102a0       0x28 c:/altera/13.0sp1/nios2eds/bin/gnu/h-i686-mingw32/bin/../lib/gcc/nios2-elf/4.1.2/../../../../nios2-elf/lib\libc.a(lib_a-mallocr.o)
                0x000102a0                __malloc_current_mallinfo
 .bss           0x000102c8        0x0 c:/altera/13.0sp1/nios2eds/bin/gnu/h-i686-mingw32/bin/../lib/gcc/nios2-elf/4.1.2/../../../../nios2-elf/lib\libc.a(lib_a-sbrkr.o)
 .bss           0x000102c8        0x0 c:/altera/13.0sp1/nios2eds/bin/gnu/h-i686-mingw32/bin/../lib/gcc/nios2-elf/4.1.2/../../../../nios2-elf/lib\libc.a(lib_a-stdio.o)
 .bss           0x000102c8        0x0 c:/altera/13.0sp1/nios2eds/bin/gnu/h-i686-mingw32/bin/../lib/gcc/nios2-elf/4.1.2/../../../../nios2-elf/lib\libc.a(lib_a-writer.o)
 .bss           0x000102c8        0x0 c:/altera/13.0sp1/nios2eds/bin/gnu/h-i686-mingw32/bin/../lib/gcc/nios2-elf/4.1.2/../../../../nios2-elf/lib\libc.a(lib_a-closer.o)
 .bss           0x000102c8        0x0 c:/altera/13.0sp1/nios2eds/bin/gnu/h-i686-mingw32/bin/../lib/gcc/nios2-elf/4.1.2/../../../../nios2-elf/lib\libc.a(lib_a-fclose.o)
 .bss           0x000102c8        0x0 c:/altera/13.0sp1/nios2eds/bin/gnu/h-i686-mingw32/bin/../lib/gcc/nios2-elf/4.1.2/../../../../nios2-elf/lib\libc.a(lib_a-fstatr.o)
 .bss           0x000102c8        0x0 c:/altera/13.0sp1/nios2eds/bin/gnu/h-i686-mingw32/bin/../lib/gcc/nios2-elf/4.1.2/../../../../nios2-elf/lib\libc.a(lib_a-isattyr.o)
 .bss           0x000102c8        0x0 c:/altera/13.0sp1/nios2eds/bin/gnu/h-i686-mingw32/bin/../lib/gcc/nios2-elf/4.1.2/../../../../nios2-elf/lib\libc.a(lib_a-lseekr.o)
 .bss           0x000102c8        0x0 c:/altera/13.0sp1/nios2eds/bin/gnu/h-i686-mingw32/bin/../lib/gcc/nios2-elf/4.1.2/../../../../nios2-elf/lib\libc.a(lib_a-readr.o)
 .bss           0x000102c8        0x0 ../VGA_Audio_PS2_bsp/\libhal_bsp.a(alt_exit.o)
 .bss           0x000102c8        0x0 ../VGA_Audio_PS2_bsp/\libhal_bsp.a(alt_fstat.o)
 .bss           0x000102c8        0x0 ../VGA_Audio_PS2_bsp/\libhal_bsp.a(alt_isatty.o)
 .bss           0x000102c8        0x0 ../VGA_Audio_PS2_bsp/\libhal_bsp.a(alt_lseek.o)
 .bss           0x000102c8        0x0 ../VGA_Audio_PS2_bsp/\libhal_bsp.a(alt_malloc_lock.o)
 .bss           0x000102c8        0x0 ../VGA_Audio_PS2_bsp/\libhal_bsp.a(alt_read.o)
 .bss           0x000102c8        0x0 ../VGA_Audio_PS2_bsp/\libhal_bsp.a(alt_sbrk.o)
 .bss           0x000102c8        0x0 ../VGA_Audio_PS2_bsp/\libhal_bsp.a(alt_write.o)
 *(COMMON)
 COMMON         0x000102c8   0x7a1220 obj/default/globals.o
                0x000102c8                up_dev
                0x000102e8                Echo_buf_l
                0x001f8768                r_buf
                0x003e0be8                Echo_buf_r
                0x005c9068                l_buf
 COMMON         0x007b14e8      0x360 obj/default/media_interrupt_HAL.o
                0x007b14e8                Out_Ram
                0x007b1568                Right_Ram
                0x007b15e8                Avrage_Hardware
                0x007b16d8                Average
                0x007b17c8                Left_Ram
 COMMON         0x007b1848      0x100 ../VGA_Audio_PS2_bsp/\libhal_bsp.a(alt_irq_handler.o)
                0x007b1848                alt_irq
 COMMON         0x007b1948      0x190 c:/altera/13.0sp1/nios2eds/bin/gnu/h-i686-mingw32/bin/../lib/gcc/nios2-elf/4.1.2/../../../../nios2-elf/lib\libc.a(lib_a-atexit.o)
                0x007b1948                _atexit0
                0x007b1ad8                . = ALIGN (0x4)
                0x007b1ad8                __bss_end = ABSOLUTE (.)

.SDRAM          0x007b1ad8        0x0
                0x007b1ad8                PROVIDE (_alt_partition_SDRAM_start, ABSOLUTE (.))
 *(.SDRAM. SDRAM.*)
                0x007b1ad8                . = ALIGN (0x4)
                0x007b1ad8                PROVIDE (_alt_partition_SDRAM_end, ABSOLUTE (.))
                0x007b1ad8                _end = ABSOLUTE (.)
                0x007b1ad8                end = ABSOLUTE (.)
                0x007b1ad8                __alt_stack_base = ABSOLUTE (.)
                0x007b1ad8                PROVIDE (_alt_partition_SDRAM_load_addr, LOADADDR (.SDRAM))

.Flash_flash_data
                0x0c000000        0x0 load address 0x007b1ad8
                0x0c000000                PROVIDE (_alt_partition_Flash_flash_data_start, ABSOLUTE (.))
 *(.Flash_flash_data. Flash_flash_data.*)
                0x0c000000                . = ALIGN (0x4)
                0x0c000000                PROVIDE (_alt_partition_Flash_flash_data_end, ABSOLUTE (.))
                0x007b1ad8                PROVIDE (_alt_partition_Flash_flash_data_load_addr, LOADADDR (.Flash_flash_data))

.stab
 *(.stab)

.stabstr
 *(.stabstr)

.stab.excl
 *(.stab.excl)

.stab.exclstr
 *(.stab.exclstr)

.stab.index
 *(.stab.index)

.stab.indexstr
 *(.stab.indexstr)

.comment        0x00000000       0x26
 *(.comment)
 .comment       0x00000000       0x26 obj/default/PS2_ISR.o
                                 0x27 (size before relaxing)
 .comment       0x00000000       0x27 obj/default/amplitude_calculation.o
 .comment       0x00000000       0x27 obj/default/audio_ISR.o
 .comment       0x00000000       0x27 obj/default/globals.o
 .comment       0x00000000       0x27 obj/default/interval_timer_ISR.o
 .comment       0x00000000       0x27 obj/default/media_interrupt_HAL.o
 .comment       0x00000000       0x27 obj/default/pushbutton_ISR.o
 .comment       0x00000000       0x27 c:/altera/13.0sp1/nios2eds/bin/gnu/h-i686-mingw32/bin/../lib/gcc/nios2-elf/4.1.2\libgcc.a(_muldi3.o)
 .comment       0x00000000       0x27 c:/altera/13.0sp1/nios2eds/bin/gnu/h-i686-mingw32/bin/../lib/gcc/nios2-elf/4.1.2\libgcc.a(_divdi3.o)
 .comment       0x00000000       0x27 c:/altera/13.0sp1/nios2eds/bin/gnu/h-i686-mingw32/bin/../lib/gcc/nios2-elf/4.1.2\libgcc.a(lib2-divmod.o)
 .comment       0x00000000       0x27 c:/altera/13.0sp1/nios2eds/bin/gnu/h-i686-mingw32/bin/../lib/gcc/nios2-elf/4.1.2\libgcc.a(_clz.o)
 .comment       0x00000000       0x27 c:/altera/13.0sp1/nios2eds/bin/gnu/h-i686-mingw32/bin/../lib/gcc/nios2-elf/4.1.2/../../../../nios2-elf/lib\libc.a(lib_a-memcpy.o)
 .comment       0x00000000       0x27 c:/altera/13.0sp1/nios2eds/bin/gnu/h-i686-mingw32/bin/../lib/gcc/nios2-elf/4.1.2/../../../../nios2-elf/lib\libc.a(lib_a-memset.o)
 .comment       0x00000000       0x27 ../VGA_Audio_PS2_bsp/\libhal_bsp.a(alt_irq_register.o)
 .comment       0x00000000       0x27 ../VGA_Audio_PS2_bsp/\libhal_bsp.a(alt_irq_vars.o)
 .comment       0x00000000       0x27 ../VGA_Audio_PS2_bsp/\libhal_bsp.a(alt_load.o)
 .comment       0x00000000       0x27 ../VGA_Audio_PS2_bsp/\libhal_bsp.a(alt_main.o)
 .comment       0x00000000       0x27 ../VGA_Audio_PS2_bsp/\libhal_bsp.a(alt_printf.o)
 .comment       0x00000000       0x27 ../VGA_Audio_PS2_bsp/\libhal_bsp.a(alt_putchar.o)
 .comment       0x00000000       0x27 ../VGA_Audio_PS2_bsp/\libhal_bsp.a(alt_sys_init.o)
 .comment       0x00000000       0x27 ../VGA_Audio_PS2_bsp/\libhal_bsp.a(altera_avalon_jtag_uart_fd.o)
 .comment       0x00000000       0x27 ../VGA_Audio_PS2_bsp/\libhal_bsp.a(altera_avalon_jtag_uart_init.o)
 .comment       0x00000000       0x27 ../VGA_Audio_PS2_bsp/\libhal_bsp.a(altera_avalon_jtag_uart_ioctl.o)
 .comment       0x00000000       0x27 ../VGA_Audio_PS2_bsp/\libhal_bsp.a(altera_avalon_jtag_uart_read.o)
 .comment       0x00000000       0x27 ../VGA_Audio_PS2_bsp/\libhal_bsp.a(altera_avalon_jtag_uart_write.o)
 .comment       0x00000000       0x27 ../VGA_Audio_PS2_bsp/\libhal_bsp.a(altera_avalon_timer_sc.o)
 .comment       0x00000000       0x27 ../VGA_Audio_PS2_bsp/\libhal_bsp.a(altera_up_avalon_audio.o)
 .comment       0x00000000       0x27 ../VGA_Audio_PS2_bsp/\libhal_bsp.a(altera_up_avalon_character_lcd.o)
 .comment       0x00000000       0x27 ../VGA_Audio_PS2_bsp/\libhal_bsp.a(altera_up_avalon_ethernet.o)
 .comment       0x00000000       0x27 ../VGA_Audio_PS2_bsp/\libhal_bsp.a(altera_up_avalon_ethernet_low_level_driver.o)
 .comment       0x00000000       0x27 ../VGA_Audio_PS2_bsp/\libhal_bsp.a(altera_up_avalon_irda.o)
 .comment       0x00000000       0x27 ../VGA_Audio_PS2_bsp/\libhal_bsp.a(altera_up_avalon_parallel_port.o)
 .comment       0x00000000       0x27 ../VGA_Audio_PS2_bsp/\libhal_bsp.a(altera_up_avalon_ps2.o)
 .comment       0x00000000       0x27 ../VGA_Audio_PS2_bsp/\libhal_bsp.a(altera_up_avalon_rs232.o)
 .comment       0x00000000       0x27 ../VGA_Audio_PS2_bsp/\libhal_bsp.a(altera_up_avalon_video_character_buffer_with_dma.o)
 .comment       0x00000000       0x27 ../VGA_Audio_PS2_bsp/\libhal_bsp.a(altera_up_avalon_video_pixel_buffer_dma.o)
 .comment       0x00000000       0x27 ../VGA_Audio_PS2_bsp/\libhal_bsp.a(alt_alarm_start.o)
 .comment       0x00000000       0x27 ../VGA_Audio_PS2_bsp/\libhal_bsp.a(alt_close.o)
 .comment       0x00000000       0x27 ../VGA_Audio_PS2_bsp/\libhal_bsp.a(alt_dcache_flush_all.o)
 .comment       0x00000000       0x27 ../VGA_Audio_PS2_bsp/\libhal_bsp.a(alt_dev.o)
 .comment       0x00000000       0x27 ../VGA_Audio_PS2_bsp/\libhal_bsp.a(alt_dev_llist_insert.o)
 .comment       0x00000000       0x27 ../VGA_Audio_PS2_bsp/\libhal_bsp.a(alt_do_ctors.o)
 .comment       0x00000000       0x27 ../VGA_Audio_PS2_bsp/\libhal_bsp.a(alt_do_dtors.o)
 .comment       0x00000000       0x27 ../VGA_Audio_PS2_bsp/\libhal_bsp.a(alt_errno.o)
 .comment       0x00000000       0x27 ../VGA_Audio_PS2_bsp/\libhal_bsp.a(alt_find_dev.o)
 .comment       0x00000000       0x27 ../VGA_Audio_PS2_bsp/\libhal_bsp.a(alt_icache_flush_all.o)
 .comment       0x00000000       0x27 ../VGA_Audio_PS2_bsp/\libhal_bsp.a(alt_io_redirect.o)
 .comment       0x00000000       0x27 ../VGA_Audio_PS2_bsp/\libhal_bsp.a(alt_irq_handler.o)
 .comment       0x00000000       0x27 ../VGA_Audio_PS2_bsp/\libhal_bsp.a(alt_open.o)
 .comment       0x00000000       0x27 ../VGA_Audio_PS2_bsp/\libhal_bsp.a(alt_release_fd.o)
 .comment       0x00000000       0x27 ../VGA_Audio_PS2_bsp/\libhal_bsp.a(alt_tick.o)
 .comment       0x00000000       0x27 ../VGA_Audio_PS2_bsp/\libhal_bsp.a(alt_usleep.o)
 .comment       0x00000000       0x27 ../VGA_Audio_PS2_bsp/\libhal_bsp.a(altera_nios2_qsys_irq.o)
 .comment       0x00000000       0x27 ../VGA_Audio_PS2_bsp/\libhal_bsp.a(alt_busy_sleep.o)
 .comment       0x00000000       0x27 ../VGA_Audio_PS2_bsp/\libhal_bsp.a(alt_find_file.o)
 .comment       0x00000000       0x27 ../VGA_Audio_PS2_bsp/\libhal_bsp.a(alt_get_fd.o)
 .comment       0x00000000       0x27 ../VGA_Audio_PS2_bsp/\libhal_bsp.a(alt_icache_flush.o)
 .comment       0x00000000       0x27 c:/altera/13.0sp1/nios2eds/bin/gnu/h-i686-mingw32/bin/../lib/gcc/nios2-elf/4.1.2/../../../../nios2-elf/lib\libc.a(lib_a-atexit.o)
 .comment       0x00000000       0x27 c:/altera/13.0sp1/nios2eds/bin/gnu/h-i686-mingw32/bin/../lib/gcc/nios2-elf/4.1.2/../../../../nios2-elf/lib\libc.a(lib_a-exit.o)
 .comment       0x00000000       0x27 c:/altera/13.0sp1/nios2eds/bin/gnu/h-i686-mingw32/bin/../lib/gcc/nios2-elf/4.1.2/../../../../nios2-elf/lib\libc.a(lib_a-impure.o)
 .comment       0x00000000       0x27 c:/altera/13.0sp1/nios2eds/bin/gnu/h-i686-mingw32/bin/../lib/gcc/nios2-elf/4.1.2/../../../../nios2-elf/lib\libc.a(lib_a-int_errno.o)
 .comment       0x00000000       0x27 c:/altera/13.0sp1/nios2eds/bin/gnu/h-i686-mingw32/bin/../lib/gcc/nios2-elf/4.1.2/../../../../nios2-elf/lib\libc.a(lib_a-memcmp.o)
 .comment       0x00000000       0x27 c:/altera/13.0sp1/nios2eds/bin/gnu/h-i686-mingw32/bin/../lib/gcc/nios2-elf/4.1.2/../../../../nios2-elf/lib\libc.a(lib_a-putc.o)
 .comment       0x00000000       0x27 c:/altera/13.0sp1/nios2eds/bin/gnu/h-i686-mingw32/bin/../lib/gcc/nios2-elf/4.1.2/../../../../nios2-elf/lib\libc.a(lib_a-strcmp.o)
 .comment       0x00000000       0x27 c:/altera/13.0sp1/nios2eds/bin/gnu/h-i686-mingw32/bin/../lib/gcc/nios2-elf/4.1.2/../../../../nios2-elf/lib\libc.a(lib_a-strlen.o)
 .comment       0x00000000       0x27 c:/altera/13.0sp1/nios2eds/bin/gnu/h-i686-mingw32/bin/../lib/gcc/nios2-elf/4.1.2/../../../../nios2-elf/lib\libc.a(lib_a-wbuf.o)
 .comment       0x00000000       0x27 c:/altera/13.0sp1/nios2eds/bin/gnu/h-i686-mingw32/bin/../lib/gcc/nios2-elf/4.1.2/../../../../nios2-elf/lib\libc.a(lib_a-wsetup.o)
 .comment       0x00000000       0x27 c:/altera/13.0sp1/nios2eds/bin/gnu/h-i686-mingw32/bin/../lib/gcc/nios2-elf/4.1.2/../../../../nios2-elf/lib\libc.a(lib_a-__atexit.o)
 .comment       0x00000000       0x27 c:/altera/13.0sp1/nios2eds/bin/gnu/h-i686-mingw32/bin/../lib/gcc/nios2-elf/4.1.2/../../../../nios2-elf/lib\libc.a(lib_a-__call_atexit.o)
 .comment       0x00000000       0x27 c:/altera/13.0sp1/nios2eds/bin/gnu/h-i686-mingw32/bin/../lib/gcc/nios2-elf/4.1.2/../../../../nios2-elf/lib\libc.a(lib_a-fflush.o)
 .comment       0x00000000       0x27 c:/altera/13.0sp1/nios2eds/bin/gnu/h-i686-mingw32/bin/../lib/gcc/nios2-elf/4.1.2/../../../../nios2-elf/lib\libc.a(lib_a-findfp.o)
 .comment       0x00000000       0x27 c:/altera/13.0sp1/nios2eds/bin/gnu/h-i686-mingw32/bin/../lib/gcc/nios2-elf/4.1.2/../../../../nios2-elf/lib\libc.a(lib_a-freer.o)
 .comment       0x00000000       0x27 c:/altera/13.0sp1/nios2eds/bin/gnu/h-i686-mingw32/bin/../lib/gcc/nios2-elf/4.1.2/../../../../nios2-elf/lib\libc.a(lib_a-fwalk.o)
 .comment       0x00000000       0x27 c:/altera/13.0sp1/nios2eds/bin/gnu/h-i686-mingw32/bin/../lib/gcc/nios2-elf/4.1.2/../../../../nios2-elf/lib\libc.a(lib_a-makebuf.o)
 .comment       0x00000000       0x27 c:/altera/13.0sp1/nios2eds/bin/gnu/h-i686-mingw32/bin/../lib/gcc/nios2-elf/4.1.2/../../../../nios2-elf/lib\libc.a(lib_a-mallocr.o)
 .comment       0x00000000       0x27 c:/altera/13.0sp1/nios2eds/bin/gnu/h-i686-mingw32/bin/../lib/gcc/nios2-elf/4.1.2/../../../../nios2-elf/lib\libc.a(lib_a-sbrkr.o)
 .comment       0x00000000       0x27 c:/altera/13.0sp1/nios2eds/bin/gnu/h-i686-mingw32/bin/../lib/gcc/nios2-elf/4.1.2/../../../../nios2-elf/lib\libc.a(lib_a-stdio.o)
 .comment       0x00000000       0x27 c:/altera/13.0sp1/nios2eds/bin/gnu/h-i686-mingw32/bin/../lib/gcc/nios2-elf/4.1.2/../../../../nios2-elf/lib\libc.a(lib_a-writer.o)
 .comment       0x00000000       0x27 c:/altera/13.0sp1/nios2eds/bin/gnu/h-i686-mingw32/bin/../lib/gcc/nios2-elf/4.1.2/../../../../nios2-elf/lib\libc.a(lib_a-closer.o)
 .comment       0x00000000       0x27 c:/altera/13.0sp1/nios2eds/bin/gnu/h-i686-mingw32/bin/../lib/gcc/nios2-elf/4.1.2/../../../../nios2-elf/lib\libc.a(lib_a-fclose.o)
 .comment       0x00000000       0x27 c:/altera/13.0sp1/nios2eds/bin/gnu/h-i686-mingw32/bin/../lib/gcc/nios2-elf/4.1.2/../../../../nios2-elf/lib\libc.a(lib_a-fstatr.o)
 .comment       0x00000000       0x27 c:/altera/13.0sp1/nios2eds/bin/gnu/h-i686-mingw32/bin/../lib/gcc/nios2-elf/4.1.2/../../../../nios2-elf/lib\libc.a(lib_a-isattyr.o)
 .comment       0x00000000       0x27 c:/altera/13.0sp1/nios2eds/bin/gnu/h-i686-mingw32/bin/../lib/gcc/nios2-elf/4.1.2/../../../../nios2-elf/lib\libc.a(lib_a-lseekr.o)
 .comment       0x00000000       0x27 c:/altera/13.0sp1/nios2eds/bin/gnu/h-i686-mingw32/bin/../lib/gcc/nios2-elf/4.1.2/../../../../nios2-elf/lib\libc.a(lib_a-readr.o)
 .comment       0x00000000       0x27 ../VGA_Audio_PS2_bsp/\libhal_bsp.a(alt_exit.o)
 .comment       0x00000000       0x27 ../VGA_Audio_PS2_bsp/\libhal_bsp.a(alt_fstat.o)
 .comment       0x00000000       0x27 ../VGA_Audio_PS2_bsp/\libhal_bsp.a(alt_isatty.o)
 .comment       0x00000000       0x27 ../VGA_Audio_PS2_bsp/\libhal_bsp.a(alt_lseek.o)
 .comment       0x00000000       0x27 ../VGA_Audio_PS2_bsp/\libhal_bsp.a(alt_malloc_lock.o)
 .comment       0x00000000       0x27 ../VGA_Audio_PS2_bsp/\libhal_bsp.a(alt_read.o)
 .comment       0x00000000       0x27 ../VGA_Audio_PS2_bsp/\libhal_bsp.a(alt_sbrk.o)
 .comment       0x00000000       0x27 ../VGA_Audio_PS2_bsp/\libhal_bsp.a(alt_write.o)

.debug
 *(.debug)

.line
 *(.line)

.debug_srcinfo
 *(.debug_srcinfo)

.debug_sfnames
 *(.debug_sfnames)

.debug_aranges  0x00000000      0xb58
 *(.debug_aranges)
 .debug_aranges
                0x00000000       0x28 ../VGA_Audio_PS2_bsp//obj/HAL/src/crt0.o
 .debug_aranges
                0x00000028       0x20 obj/default/PS2_ISR.o
 .debug_aranges
                0x00000048       0x20 obj/default/amplitude_calculation.o
 .debug_aranges
                0x00000068       0x20 obj/default/audio_ISR.o
 .debug_aranges
                0x00000088       0x20 obj/default/interval_timer_ISR.o
 .debug_aranges
                0x000000a8       0x20 obj/default/media_interrupt_HAL.o
 .debug_aranges
                0x000000c8       0x20 obj/default/pushbutton_ISR.o
 .debug_aranges
                0x000000e8       0x20 c:/altera/13.0sp1/nios2eds/bin/gnu/h-i686-mingw32/bin/../lib/gcc/nios2-elf/4.1.2\libgcc.a(_muldi3.o)
 .debug_aranges
                0x00000108       0x20 c:/altera/13.0sp1/nios2eds/bin/gnu/h-i686-mingw32/bin/../lib/gcc/nios2-elf/4.1.2\libgcc.a(_divdi3.o)
 .debug_aranges
                0x00000128       0x20 c:/altera/13.0sp1/nios2eds/bin/gnu/h-i686-mingw32/bin/../lib/gcc/nios2-elf/4.1.2\libgcc.a(lib2-divmod.o)
 .debug_aranges
                0x00000148       0x20 c:/altera/13.0sp1/nios2eds/bin/gnu/h-i686-mingw32/bin/../lib/gcc/nios2-elf/4.1.2/../../../../nios2-elf/lib\libc.a(lib_a-memcpy.o)
 .debug_aranges
                0x00000168       0x20 c:/altera/13.0sp1/nios2eds/bin/gnu/h-i686-mingw32/bin/../lib/gcc/nios2-elf/4.1.2/../../../../nios2-elf/lib\libc.a(lib_a-memset.o)
 .debug_aranges
                0x00000188       0x20 ../VGA_Audio_PS2_bsp/\libhal_bsp.a(alt_irq_register.o)
 .debug_aranges
                0x000001a8       0x20 ../VGA_Audio_PS2_bsp/\libhal_bsp.a(alt_load.o)
 .debug_aranges
                0x000001c8       0x20 ../VGA_Audio_PS2_bsp/\libhal_bsp.a(alt_main.o)
 .debug_aranges
                0x000001e8       0x20 ../VGA_Audio_PS2_bsp/\libhal_bsp.a(alt_printf.o)
 .debug_aranges
                0x00000208       0x20 ../VGA_Audio_PS2_bsp/\libhal_bsp.a(alt_putchar.o)
 .debug_aranges
                0x00000228       0x20 ../VGA_Audio_PS2_bsp/\libhal_bsp.a(alt_sys_init.o)
 .debug_aranges
                0x00000248       0x20 ../VGA_Audio_PS2_bsp/\libhal_bsp.a(altera_avalon_jtag_uart_fd.o)
 .debug_aranges
                0x00000268       0x20 ../VGA_Audio_PS2_bsp/\libhal_bsp.a(altera_avalon_jtag_uart_init.o)
 .debug_aranges
                0x00000288       0x20 ../VGA_Audio_PS2_bsp/\libhal_bsp.a(altera_avalon_jtag_uart_ioctl.o)
 .debug_aranges
                0x000002a8       0x20 ../VGA_Audio_PS2_bsp/\libhal_bsp.a(altera_avalon_jtag_uart_read.o)
 .debug_aranges
                0x000002c8       0x20 ../VGA_Audio_PS2_bsp/\libhal_bsp.a(altera_avalon_jtag_uart_write.o)
 .debug_aranges
                0x000002e8       0x20 ../VGA_Audio_PS2_bsp/\libhal_bsp.a(altera_avalon_timer_sc.o)
 .debug_aranges
                0x00000308       0x20 ../VGA_Audio_PS2_bsp/\libhal_bsp.a(altera_up_avalon_audio.o)
 .debug_aranges
                0x00000328       0x20 ../VGA_Audio_PS2_bsp/\libhal_bsp.a(altera_up_avalon_character_lcd.o)
 .debug_aranges
                0x00000348       0x20 ../VGA_Audio_PS2_bsp/\libhal_bsp.a(altera_up_avalon_ethernet.o)
 .debug_aranges
                0x00000368       0x20 ../VGA_Audio_PS2_bsp/\libhal_bsp.a(altera_up_avalon_ethernet_low_level_driver.o)
 .debug_aranges
                0x00000388       0x20 ../VGA_Audio_PS2_bsp/\libhal_bsp.a(altera_up_avalon_irda.o)
 .debug_aranges
                0x000003a8       0x20 ../VGA_Audio_PS2_bsp/\libhal_bsp.a(altera_up_avalon_parallel_port.o)
 .debug_aranges
                0x000003c8       0x20 ../VGA_Audio_PS2_bsp/\libhal_bsp.a(altera_up_avalon_ps2.o)
 .debug_aranges
                0x000003e8       0x20 ../VGA_Audio_PS2_bsp/\libhal_bsp.a(altera_up_avalon_rs232.o)
 .debug_aranges
                0x00000408       0x20 ../VGA_Audio_PS2_bsp/\libhal_bsp.a(altera_up_avalon_video_character_buffer_with_dma.o)
 .debug_aranges
                0x00000428       0x20 ../VGA_Audio_PS2_bsp/\libhal_bsp.a(altera_up_avalon_video_pixel_buffer_dma.o)
 .debug_aranges
                0x00000448       0x20 ../VGA_Audio_PS2_bsp/\libhal_bsp.a(alt_alarm_start.o)
 .debug_aranges
                0x00000468       0x20 ../VGA_Audio_PS2_bsp/\libhal_bsp.a(alt_close.o)
 .debug_aranges
                0x00000488       0x20 ../VGA_Audio_PS2_bsp/\libhal_bsp.a(alt_dcache_flush_all.o)
 .debug_aranges
                0x000004a8       0x20 ../VGA_Audio_PS2_bsp/\libhal_bsp.a(alt_dev.o)
 .debug_aranges
                0x000004c8       0x20 ../VGA_Audio_PS2_bsp/\libhal_bsp.a(alt_dev_llist_insert.o)
 .debug_aranges
                0x000004e8       0x20 ../VGA_Audio_PS2_bsp/\libhal_bsp.a(alt_do_ctors.o)
 .debug_aranges
                0x00000508       0x20 ../VGA_Audio_PS2_bsp/\libhal_bsp.a(alt_do_dtors.o)
 .debug_aranges
                0x00000528       0x20 ../VGA_Audio_PS2_bsp/\libhal_bsp.a(alt_find_dev.o)
 .debug_aranges
                0x00000548       0x20 ../VGA_Audio_PS2_bsp/\libhal_bsp.a(alt_icache_flush_all.o)
 .debug_aranges
                0x00000568       0x20 ../VGA_Audio_PS2_bsp/\libhal_bsp.a(alt_io_redirect.o)
 .debug_aranges
                0x00000588       0x30 ../VGA_Audio_PS2_bsp/\libhal_bsp.a(alt_irq_entry.o)
 .debug_aranges
                0x000005b8       0x28 ../VGA_Audio_PS2_bsp/\libhal_bsp.a(alt_irq_handler.o)
 .debug_aranges
                0x000005e0       0x20 ../VGA_Audio_PS2_bsp/\libhal_bsp.a(alt_open.o)
 .debug_aranges
                0x00000600       0x20 ../VGA_Audio_PS2_bsp/\libhal_bsp.a(alt_release_fd.o)
 .debug_aranges
                0x00000620       0x20 ../VGA_Audio_PS2_bsp/\libhal_bsp.a(alt_tick.o)
 .debug_aranges
                0x00000640       0x20 ../VGA_Audio_PS2_bsp/\libhal_bsp.a(alt_usleep.o)
 .debug_aranges
                0x00000660       0x20 ../VGA_Audio_PS2_bsp/\libhal_bsp.a(altera_nios2_qsys_irq.o)
 .debug_aranges
                0x00000680       0x20 ../VGA_Audio_PS2_bsp/\libhal_bsp.a(alt_busy_sleep.o)
 .debug_aranges
                0x000006a0       0x38 ../VGA_Audio_PS2_bsp/\libhal_bsp.a(alt_exception_entry.o)
 .debug_aranges
                0x000006d8       0x20 ../VGA_Audio_PS2_bsp/\libhal_bsp.a(alt_find_file.o)
 .debug_aranges
                0x000006f8       0x20 ../VGA_Audio_PS2_bsp/\libhal_bsp.a(alt_get_fd.o)
 .debug_aranges
                0x00000718       0x20 ../VGA_Audio_PS2_bsp/\libhal_bsp.a(alt_icache_flush.o)
 .debug_aranges
                0x00000738       0x20 c:/altera/13.0sp1/nios2eds/bin/gnu/h-i686-mingw32/bin/../lib/gcc/nios2-elf/4.1.2/../../../../nios2-elf/lib\libc.a(lib_a-atexit.o)
 .debug_aranges
                0x00000758       0x20 c:/altera/13.0sp1/nios2eds/bin/gnu/h-i686-mingw32/bin/../lib/gcc/nios2-elf/4.1.2/../../../../nios2-elf/lib\libc.a(lib_a-exit.o)
 .debug_aranges
                0x00000778       0x20 c:/altera/13.0sp1/nios2eds/bin/gnu/h-i686-mingw32/bin/../lib/gcc/nios2-elf/4.1.2/../../../../nios2-elf/lib\libc.a(lib_a-memcmp.o)
 .debug_aranges
                0x00000798       0x20 c:/altera/13.0sp1/nios2eds/bin/gnu/h-i686-mingw32/bin/../lib/gcc/nios2-elf/4.1.2/../../../../nios2-elf/lib\libc.a(lib_a-putc.o)
 .debug_aranges
                0x000007b8       0x20 c:/altera/13.0sp1/nios2eds/bin/gnu/h-i686-mingw32/bin/../lib/gcc/nios2-elf/4.1.2/../../../../nios2-elf/lib\libc.a(lib_a-strcmp.o)
 .debug_aranges
                0x000007d8       0x20 c:/altera/13.0sp1/nios2eds/bin/gnu/h-i686-mingw32/bin/../lib/gcc/nios2-elf/4.1.2/../../../../nios2-elf/lib\libc.a(lib_a-strlen.o)
 .debug_aranges
                0x000007f8       0x20 c:/altera/13.0sp1/nios2eds/bin/gnu/h-i686-mingw32/bin/../lib/gcc/nios2-elf/4.1.2/../../../../nios2-elf/lib\libc.a(lib_a-wbuf.o)
 .debug_aranges
                0x00000818       0x20 c:/altera/13.0sp1/nios2eds/bin/gnu/h-i686-mingw32/bin/../lib/gcc/nios2-elf/4.1.2/../../../../nios2-elf/lib\libc.a(lib_a-wsetup.o)
 .debug_aranges
                0x00000838       0x20 c:/altera/13.0sp1/nios2eds/bin/gnu/h-i686-mingw32/bin/../lib/gcc/nios2-elf/4.1.2/../../../../nios2-elf/lib\libc.a(lib_a-__atexit.o)
 .debug_aranges
                0x00000858       0x20 c:/altera/13.0sp1/nios2eds/bin/gnu/h-i686-mingw32/bin/../lib/gcc/nios2-elf/4.1.2/../../../../nios2-elf/lib\libc.a(lib_a-__call_atexit.o)
 .debug_aranges
                0x00000878       0x20 c:/altera/13.0sp1/nios2eds/bin/gnu/h-i686-mingw32/bin/../lib/gcc/nios2-elf/4.1.2/../../../../nios2-elf/lib\libc.a(lib_a-fflush.o)
 .debug_aranges
                0x00000898       0x20 c:/altera/13.0sp1/nios2eds/bin/gnu/h-i686-mingw32/bin/../lib/gcc/nios2-elf/4.1.2/../../../../nios2-elf/lib\libc.a(lib_a-findfp.o)
 .debug_aranges
                0x000008b8       0x20 c:/altera/13.0sp1/nios2eds/bin/gnu/h-i686-mingw32/bin/../lib/gcc/nios2-elf/4.1.2/../../../../nios2-elf/lib\libc.a(lib_a-freer.o)
 .debug_aranges
                0x000008d8       0x20 c:/altera/13.0sp1/nios2eds/bin/gnu/h-i686-mingw32/bin/../lib/gcc/nios2-elf/4.1.2/../../../../nios2-elf/lib\libc.a(lib_a-fwalk.o)
 .debug_aranges
                0x000008f8       0x20 c:/altera/13.0sp1/nios2eds/bin/gnu/h-i686-mingw32/bin/../lib/gcc/nios2-elf/4.1.2/../../../../nios2-elf/lib\libc.a(lib_a-makebuf.o)
 .debug_aranges
                0x00000918       0x20 c:/altera/13.0sp1/nios2eds/bin/gnu/h-i686-mingw32/bin/../lib/gcc/nios2-elf/4.1.2/../../../../nios2-elf/lib\libc.a(lib_a-mallocr.o)
 .debug_aranges
                0x00000938       0x20 c:/altera/13.0sp1/nios2eds/bin/gnu/h-i686-mingw32/bin/../lib/gcc/nios2-elf/4.1.2/../../../../nios2-elf/lib\libc.a(lib_a-sbrkr.o)
 .debug_aranges
                0x00000958       0x20 c:/altera/13.0sp1/nios2eds/bin/gnu/h-i686-mingw32/bin/../lib/gcc/nios2-elf/4.1.2/../../../../nios2-elf/lib\libc.a(lib_a-stdio.o)
 .debug_aranges
                0x00000978       0x20 c:/altera/13.0sp1/nios2eds/bin/gnu/h-i686-mingw32/bin/../lib/gcc/nios2-elf/4.1.2/../../../../nios2-elf/lib\libc.a(lib_a-writer.o)
 .debug_aranges
                0x00000998       0x20 c:/altera/13.0sp1/nios2eds/bin/gnu/h-i686-mingw32/bin/../lib/gcc/nios2-elf/4.1.2/../../../../nios2-elf/lib\libc.a(lib_a-closer.o)
 .debug_aranges
                0x000009b8       0x20 c:/altera/13.0sp1/nios2eds/bin/gnu/h-i686-mingw32/bin/../lib/gcc/nios2-elf/4.1.2/../../../../nios2-elf/lib\libc.a(lib_a-fclose.o)
 .debug_aranges
                0x000009d8       0x20 c:/altera/13.0sp1/nios2eds/bin/gnu/h-i686-mingw32/bin/../lib/gcc/nios2-elf/4.1.2/../../../../nios2-elf/lib\libc.a(lib_a-fstatr.o)
 .debug_aranges
                0x000009f8       0x20 c:/altera/13.0sp1/nios2eds/bin/gnu/h-i686-mingw32/bin/../lib/gcc/nios2-elf/4.1.2/../../../../nios2-elf/lib\libc.a(lib_a-isattyr.o)
 .debug_aranges
                0x00000a18       0x20 c:/altera/13.0sp1/nios2eds/bin/gnu/h-i686-mingw32/bin/../lib/gcc/nios2-elf/4.1.2/../../../../nios2-elf/lib\libc.a(lib_a-lseekr.o)
 .debug_aranges
                0x00000a38       0x20 c:/altera/13.0sp1/nios2eds/bin/gnu/h-i686-mingw32/bin/../lib/gcc/nios2-elf/4.1.2/../../../../nios2-elf/lib\libc.a(lib_a-readr.o)
 .debug_aranges
                0x00000a58       0x20 ../VGA_Audio_PS2_bsp/\libhal_bsp.a(alt_exit.o)
 .debug_aranges
                0x00000a78       0x20 ../VGA_Audio_PS2_bsp/\libhal_bsp.a(alt_fstat.o)
 .debug_aranges
                0x00000a98       0x20 ../VGA_Audio_PS2_bsp/\libhal_bsp.a(alt_isatty.o)
 .debug_aranges
                0x00000ab8       0x20 ../VGA_Audio_PS2_bsp/\libhal_bsp.a(alt_lseek.o)
 .debug_aranges
                0x00000ad8       0x20 ../VGA_Audio_PS2_bsp/\libhal_bsp.a(alt_malloc_lock.o)
 .debug_aranges
                0x00000af8       0x20 ../VGA_Audio_PS2_bsp/\libhal_bsp.a(alt_read.o)
 .debug_aranges
                0x00000b18       0x20 ../VGA_Audio_PS2_bsp/\libhal_bsp.a(alt_sbrk.o)
 .debug_aranges
                0x00000b38       0x20 ../VGA_Audio_PS2_bsp/\libhal_bsp.a(alt_write.o)

.debug_pubnames
                0x00000000     0x1f23
 *(.debug_pubnames)
 .debug_pubnames
                0x00000000       0x1e obj/default/PS2_ISR.o
 .debug_pubnames
                0x0000001e      0x164 obj/default/amplitude_calculation.o
 .debug_pubnames
                0x00000182       0x20 obj/default/audio_ISR.o
 .debug_pubnames
                0x000001a2      0x140 obj/default/globals.o
 .debug_pubnames
                0x000002e2       0x29 obj/default/interval_timer_ISR.o
 .debug_pubnames
                0x0000030b      0x1c4 obj/default/media_interrupt_HAL.o
 .debug_pubnames
                0x000004cf       0x25 obj/default/pushbutton_ISR.o
 .debug_pubnames
                0x000004f4       0x1f c:/altera/13.0sp1/nios2eds/bin/gnu/h-i686-mingw32/bin/../lib/gcc/nios2-elf/4.1.2\libgcc.a(_muldi3.o)
 .debug_pubnames
                0x00000513       0x1f c:/altera/13.0sp1/nios2eds/bin/gnu/h-i686-mingw32/bin/../lib/gcc/nios2-elf/4.1.2\libgcc.a(_divdi3.o)
 .debug_pubnames
                0x00000532       0x48 c:/altera/13.0sp1/nios2eds/bin/gnu/h-i686-mingw32/bin/../lib/gcc/nios2-elf/4.1.2\libgcc.a(lib2-divmod.o)
 .debug_pubnames
                0x0000057a       0x20 c:/altera/13.0sp1/nios2eds/bin/gnu/h-i686-mingw32/bin/../lib/gcc/nios2-elf/4.1.2\libgcc.a(_clz.o)
 .debug_pubnames
                0x0000059a       0x1d c:/altera/13.0sp1/nios2eds/bin/gnu/h-i686-mingw32/bin/../lib/gcc/nios2-elf/4.1.2/../../../../nios2-elf/lib\libc.a(lib_a-memcpy.o)
 .debug_pubnames
                0x000005b7       0x1d c:/altera/13.0sp1/nios2eds/bin/gnu/h-i686-mingw32/bin/../lib/gcc/nios2-elf/4.1.2/../../../../nios2-elf/lib\libc.a(lib_a-memset.o)
 .debug_pubnames
                0x000005d4       0x27 ../VGA_Audio_PS2_bsp/\libhal_bsp.a(alt_irq_register.o)
 .debug_pubnames
                0x000005fb       0x3b ../VGA_Audio_PS2_bsp/\libhal_bsp.a(alt_irq_vars.o)
 .debug_pubnames
                0x00000636       0x1f ../VGA_Audio_PS2_bsp/\libhal_bsp.a(alt_load.o)
 .debug_pubnames
                0x00000655       0x46 ../VGA_Audio_PS2_bsp/\libhal_bsp.a(alt_main.o)
 .debug_pubnames
                0x0000069b       0x21 ../VGA_Audio_PS2_bsp/\libhal_bsp.a(alt_printf.o)
 .debug_pubnames
                0x000006bc       0x22 ../VGA_Audio_PS2_bsp/\libhal_bsp.a(alt_putchar.o)
 .debug_pubnames
                0x000006de       0x34 ../VGA_Audio_PS2_bsp/\libhal_bsp.a(alt_sys_init.o)
 .debug_pubnames
                0x00000712       0xa5 ../VGA_Audio_PS2_bsp/\libhal_bsp.a(altera_avalon_jtag_uart_fd.o)
 .debug_pubnames
                0x000007b7       0x55 ../VGA_Audio_PS2_bsp/\libhal_bsp.a(altera_avalon_jtag_uart_init.o)
 .debug_pubnames
                0x0000080c       0x34 ../VGA_Audio_PS2_bsp/\libhal_bsp.a(altera_avalon_jtag_uart_ioctl.o)
 .debug_pubnames
                0x00000840       0x33 ../VGA_Audio_PS2_bsp/\libhal_bsp.a(altera_avalon_jtag_uart_read.o)
 .debug_pubnames
                0x00000873       0x34 ../VGA_Audio_PS2_bsp/\libhal_bsp.a(altera_avalon_jtag_uart_write.o)
 .debug_pubnames
                0x000008a7       0x2f ../VGA_Audio_PS2_bsp/\libhal_bsp.a(altera_avalon_timer_sc.o)
 .debug_pubnames
                0x000008d6      0x25e ../VGA_Audio_PS2_bsp/\libhal_bsp.a(altera_up_avalon_audio.o)
 .debug_pubnames
                0x00000b34      0x1cd ../VGA_Audio_PS2_bsp/\libhal_bsp.a(altera_up_avalon_character_lcd.o)
 .debug_pubnames
                0x00000d01       0x48 ../VGA_Audio_PS2_bsp/\libhal_bsp.a(altera_up_avalon_ethernet.o)
 .debug_pubnames
                0x00000d49       0x90 ../VGA_Audio_PS2_bsp/\libhal_bsp.a(altera_up_avalon_ethernet_low_level_driver.o)
 .debug_pubnames
                0x00000dd9      0x159 ../VGA_Audio_PS2_bsp/\libhal_bsp.a(altera_up_avalon_irda.o)
 .debug_pubnames
                0x00000f32       0x34 ../VGA_Audio_PS2_bsp/\libhal_bsp.a(altera_up_avalon_parallel_port.o)
 .debug_pubnames
                0x00000f66      0x1ed ../VGA_Audio_PS2_bsp/\libhal_bsp.a(altera_up_avalon_ps2.o)
 .debug_pubnames
                0x00001153      0x163 ../VGA_Audio_PS2_bsp/\libhal_bsp.a(altera_up_avalon_rs232.o)
 .debug_pubnames
                0x000012b6       0xa5 ../VGA_Audio_PS2_bsp/\libhal_bsp.a(altera_up_avalon_video_character_buffer_with_dma.o)
 .debug_pubnames
                0x0000135b      0x1f1 ../VGA_Audio_PS2_bsp/\libhal_bsp.a(altera_up_avalon_video_pixel_buffer_dma.o)
 .debug_pubnames
                0x0000154c       0x26 ../VGA_Audio_PS2_bsp/\libhal_bsp.a(alt_alarm_start.o)
 .debug_pubnames
                0x00001572       0x1c ../VGA_Audio_PS2_bsp/\libhal_bsp.a(alt_close.o)
 .debug_pubnames
                0x0000158e       0x2b ../VGA_Audio_PS2_bsp/\libhal_bsp.a(alt_dcache_flush_all.o)
 .debug_pubnames
                0x000015b9       0x63 ../VGA_Audio_PS2_bsp/\libhal_bsp.a(alt_dev.o)
 .debug_pubnames
                0x0000161c       0x2b ../VGA_Audio_PS2_bsp/\libhal_bsp.a(alt_dev_llist_insert.o)
 .debug_pubnames
                0x00001647       0x20 ../VGA_Audio_PS2_bsp/\libhal_bsp.a(alt_do_ctors.o)
 .debug_pubnames
                0x00001667       0x20 ../VGA_Audio_PS2_bsp/\libhal_bsp.a(alt_do_dtors.o)
 .debug_pubnames
                0x00001687       0x20 ../VGA_Audio_PS2_bsp/\libhal_bsp.a(alt_errno.o)
 .debug_pubnames
                0x000016a7       0x23 ../VGA_Audio_PS2_bsp/\libhal_bsp.a(alt_find_dev.o)
 .debug_pubnames
                0x000016ca       0x2b ../VGA_Audio_PS2_bsp/\libhal_bsp.a(alt_icache_flush_all.o)
 .debug_pubnames
                0x000016f5       0x26 ../VGA_Audio_PS2_bsp/\libhal_bsp.a(alt_io_redirect.o)
 .debug_pubnames
                0x0000171b       0x32 ../VGA_Audio_PS2_bsp/\libhal_bsp.a(alt_irq_handler.o)
 .debug_pubnames
                0x0000174d       0x1b ../VGA_Audio_PS2_bsp/\libhal_bsp.a(alt_open.o)
 .debug_pubnames
                0x00001768       0x25 ../VGA_Audio_PS2_bsp/\libhal_bsp.a(alt_release_fd.o)
 .debug_pubnames
                0x0000178d       0x68 ../VGA_Audio_PS2_bsp/\libhal_bsp.a(alt_tick.o)
 .debug_pubnames
                0x000017f5       0x1d ../VGA_Audio_PS2_bsp/\libhal_bsp.a(alt_usleep.o)
 .debug_pubnames
                0x00001812       0x31 ../VGA_Audio_PS2_bsp/\libhal_bsp.a(altera_nios2_qsys_irq.o)
 .debug_pubnames
                0x00001843       0x25 ../VGA_Audio_PS2_bsp/\libhal_bsp.a(alt_busy_sleep.o)
 .debug_pubnames
                0x00001868       0x24 ../VGA_Audio_PS2_bsp/\libhal_bsp.a(alt_find_file.o)
 .debug_pubnames
                0x0000188c       0x21 ../VGA_Audio_PS2_bsp/\libhal_bsp.a(alt_get_fd.o)
 .debug_pubnames
                0x000018ad       0x27 ../VGA_Audio_PS2_bsp/\libhal_bsp.a(alt_icache_flush.o)
 .debug_pubnames
                0x000018d4       0x2a c:/altera/13.0sp1/nios2eds/bin/gnu/h-i686-mingw32/bin/../lib/gcc/nios2-elf/4.1.2/../../../../nios2-elf/lib\libc.a(lib_a-atexit.o)
 .debug_pubnames
                0x000018fe       0x1b c:/altera/13.0sp1/nios2eds/bin/gnu/h-i686-mingw32/bin/../lib/gcc/nios2-elf/4.1.2/../../../../nios2-elf/lib\libc.a(lib_a-exit.o)
 .debug_pubnames
                0x00001919       0x39 c:/altera/13.0sp1/nios2eds/bin/gnu/h-i686-mingw32/bin/../lib/gcc/nios2-elf/4.1.2/../../../../nios2-elf/lib\libc.a(lib_a-impure.o)
 .debug_pubnames
                0x00001952       0x1c c:/altera/13.0sp1/nios2eds/bin/gnu/h-i686-mingw32/bin/../lib/gcc/nios2-elf/4.1.2/../../../../nios2-elf/lib\libc.a(lib_a-int_errno.o)
 .debug_pubnames
                0x0000196e       0x1d c:/altera/13.0sp1/nios2eds/bin/gnu/h-i686-mingw32/bin/../lib/gcc/nios2-elf/4.1.2/../../../../nios2-elf/lib\libc.a(lib_a-memcmp.o)
 .debug_pubnames
                0x0000198b       0x27 c:/altera/13.0sp1/nios2eds/bin/gnu/h-i686-mingw32/bin/../lib/gcc/nios2-elf/4.1.2/../../../../nios2-elf/lib\libc.a(lib_a-putc.o)
 .debug_pubnames
                0x000019b2       0x1d c:/altera/13.0sp1/nios2eds/bin/gnu/h-i686-mingw32/bin/../lib/gcc/nios2-elf/4.1.2/../../../../nios2-elf/lib\libc.a(lib_a-strcmp.o)
 .debug_pubnames
                0x000019cf       0x1d c:/altera/13.0sp1/nios2eds/bin/gnu/h-i686-mingw32/bin/../lib/gcc/nios2-elf/4.1.2/../../../../nios2-elf/lib\libc.a(lib_a-strlen.o)
 .debug_pubnames
                0x000019ec       0x2c c:/altera/13.0sp1/nios2eds/bin/gnu/h-i686-mingw32/bin/../lib/gcc/nios2-elf/4.1.2/../../../../nios2-elf/lib\libc.a(lib_a-wbuf.o)
 .debug_pubnames