------------------------------------------------------------
TimeQuest Timing Analyzer Summary
------------------------------------------------------------

Type  : Slow Model Setup 'NiosII|external_clocks|DE_Clock_Generator_System|pll|clk[0]'
Slack : 5.033
TNS   : 0.000

Type  : Slow Model Setup 'NiosII|external_clocks|DE_Clock_Generator_System|pll|clk[2]'
Slack : 33.422
TNS   : 0.000

Type  : Slow Model Hold 'NiosII|external_clocks|DE_Clock_Generator_System|pll|clk[0]'
Slack : 0.391
TNS   : 0.000

Type  : Slow Model Hold 'NiosII|external_clocks|DE_Clock_Generator_System|pll|clk[2]'
Slack : 0.391
TNS   : 0.000

Type  : Slow Model Recovery 'NiosII|external_clocks|DE_Clock_Generator_System|pll|clk[0]'
Slack : 4.724
TNS   : 0.000

Type  : Slow Model Recovery 'NiosII|external_clocks|DE_Clock_Generator_System|pll|clk[2]'
Slack : 18.055
TNS   : 0.000

Type  : Slow Model Removal 'NiosII|external_clocks|DE_Clock_Generator_System|pll|clk[0]'
Slack : 1.242
TNS   : 0.000

Type  : Slow Model Removal 'NiosII|external_clocks|DE_Clock_Generator_System|pll|clk[2]'
Slack : 21.232
TNS   : 0.000

Type  : Slow Model Minimum Pulse Width 'NiosII|external_clocks|DE_Clock_Generator_System|pll|clk[0]'
Slack : 7.873
TNS   : 0.000

Type  : Slow Model Minimum Pulse Width 'CLOCK_50'
Slack : 10.000
TNS   : 0.000

Type  : Slow Model Minimum Pulse Width 'NiosII|external_clocks|DE_Clock_Generator_System|pll|clk[2]'
Slack : 17.873
TNS   : 0.000

Type  : Slow Model Minimum Pulse Width 'CLOCK_27'
Slack : 18.518
TNS   : 0.000

Type  : Slow Model Minimum Pulse Width 'altera_reserved_tck'
Slack : 97.778
TNS   : 0.000

Type  : Fast Model Setup 'NiosII|external_clocks|DE_Clock_Generator_System|pll|clk[0]'
Slack : 8.298
TNS   : 0.000

Type  : Fast Model Setup 'NiosII|external_clocks|DE_Clock_Generator_System|pll|clk[2]'
Slack : 36.465
TNS   : 0.000

Type  : Fast Model Hold 'NiosII|external_clocks|DE_Clock_Generator_System|pll|clk[0]'
Slack : 0.215
TNS   : 0.000

Type  : Fast Model Hold 'NiosII|external_clocks|DE_Clock_Generator_System|pll|clk[2]'
Slack : 0.215
TNS   : 0.000

Type  : Fast Model Recovery 'NiosII|external_clocks|DE_Clock_Generator_System|pll|clk[0]'
Slack : 7.129
TNS   : 0.000

Type  : Fast Model Recovery 'NiosII|external_clocks|DE_Clock_Generator_System|pll|clk[2]'
Slack : 18.990
TNS   : 0.000

Type  : Fast Model Removal 'NiosII|external_clocks|DE_Clock_Generator_System|pll|clk[0]'
Slack : 0.679
TNS   : 0.000

Type  : Fast Model Removal 'NiosII|external_clocks|DE_Clock_Generator_System|pll|clk[2]'
Slack : 20.670
TNS   : 0.000

Type  : Fast Model Minimum Pulse Width 'NiosII|external_clocks|DE_Clock_Generator_System|pll|clk[0]'
Slack : 7.873
TNS   : 0.000

Type  : Fast Model Minimum Pulse Width 'CLOCK_50'
Slack : 10.000
TNS   : 0.000

Type  : Fast Model Minimum Pulse Width 'NiosII|external_clocks|DE_Clock_Generator_System|pll|clk[2]'
Slack : 17.873
TNS   : 0.000

Type  : Fast Model Minimum Pulse Width 'CLOCK_27'
Slack : 18.518
TNS   : 0.000

Type  : Fast Model Minimum Pulse Width 'altera_reserved_tck'
Slack : 97.778
TNS   : 0.000

------------------------------------------------------------
