Archive member included because of file (symbol)

c:/altera/13.0sp1/nios2eds/bin/gnu/h-i686-mingw32/bin/../lib/gcc/nios2-elf/4.1.2\libgcc.a(_muldi3.o)
                              obj/default/media_interrupt_HAL.o (__muldi3)
c:/altera/13.0sp1/nios2eds/bin/gnu/h-i686-mingw32/bin/../lib/gcc/nios2-elf/4.1.2\libgcc.a(_divdi3.o)
                              obj/default/media_interrupt_HAL.o (__divdi3)
c:/altera/13.0sp1/nios2eds/bin/gnu/h-i686-mingw32/bin/../lib/gcc/nios2-elf/4.1.2\libgcc.a(lib2-divmod.o)
                              c:/altera/13.0sp1/nios2eds/bin/gnu/h-i686-mingw32/bin/../lib/gcc/nios2-elf/4.1.2\libgcc.a(_divdi3.o) (__udivsi3)
c:/altera/13.0sp1/nios2eds/bin/gnu/h-i686-mingw32/bin/../lib/gcc/nios2-elf/4.1.2\libgcc.a(_clz.o)
                              c:/altera/13.0sp1/nios2eds/bin/gnu/h-i686-mingw32/bin/../lib/gcc/nios2-elf/4.1.2\libgcc.a(_divdi3.o) (__clz_tab)
c:/altera/13.0sp1/nios2eds/bin/gnu/h-i686-mingw32/bin/../lib/gcc/nios2-elf/4.1.2/../../../../nios2-elf/lib\libc.a(lib_a-memcpy.o)
                              obj/default/media_interrupt_HAL.o (memcpy)
c:/altera/13.0sp1/nios2eds/bin/gnu/h-i686-mingw32/bin/../lib/gcc/nios2-elf/4.1.2/../../../../nios2-elf/lib\libc.a(lib_a-memset.o)
                              obj/default/media_interrupt_HAL.o (memset)
../p5_Temp_bsp/\libhal_bsp.a(alt_irq_register.o)
                              obj/default/media_interrupt_HAL.o (alt_irq_register)
../p5_Temp_bsp/\libhal_bsp.a(alt_irq_vars.o)
                              ../p5_Temp_bsp/\libhal_bsp.a(alt_irq_register.o) (alt_irq_active)
../p5_Temp_bsp/\libhal_bsp.a(alt_load.o)
                              ../p5_Temp_bsp//obj/HAL/src/crt0.o (alt_load)
../p5_Temp_bsp/\libhal_bsp.a(alt_main.o)
                              ../p5_Temp_bsp//obj/HAL/src/crt0.o (alt_main)
../p5_Temp_bsp/\libhal_bsp.a(alt_printf.o)
                              obj/default/media_interrupt_HAL.o (alt_printf)
../p5_Temp_bsp/\libhal_bsp.a(alt_putchar.o)
                              ../p5_Temp_bsp/\libhal_bsp.a(alt_printf.o) (alt_putchar)
../p5_Temp_bsp/\libhal_bsp.a(alt_sys_init.o)
                              ../p5_Temp_bsp/\libhal_bsp.a(alt_main.o) (alt_irq_init)
../p5_Temp_bsp/\libhal_bsp.a(altera_avalon_jtag_uart_fd.o)
                              ../p5_Temp_bsp/\libhal_bsp.a(alt_sys_init.o) (altera_avalon_jtag_uart_read_fd)
../p5_Temp_bsp/\libhal_bsp.a(altera_avalon_jtag_uart_init.o)
                              ../p5_Temp_bsp/\libhal_bsp.a(alt_sys_init.o) (altera_avalon_jtag_uart_init)
../p5_Temp_bsp/\libhal_bsp.a(altera_avalon_jtag_uart_ioctl.o)
                              ../p5_Temp_bsp/\libhal_bsp.a(altera_avalon_jtag_uart_fd.o) (altera_avalon_jtag_uart_ioctl)
../p5_Temp_bsp/\libhal_bsp.a(altera_avalon_jtag_uart_read.o)
                              ../p5_Temp_bsp/\libhal_bsp.a(altera_avalon_jtag_uart_fd.o) (altera_avalon_jtag_uart_read)
../p5_Temp_bsp/\libhal_bsp.a(altera_avalon_jtag_uart_write.o)
                              ../p5_Temp_bsp/\libhal_bsp.a(altera_avalon_jtag_uart_fd.o) (altera_avalon_jtag_uart_write)
../p5_Temp_bsp/\libhal_bsp.a(altera_avalon_timer_sc.o)
                              ../p5_Temp_bsp/\libhal_bsp.a(alt_sys_init.o) (alt_avalon_timer_sc_init)
../p5_Temp_bsp/\libhal_bsp.a(altera_up_avalon_audio.o)
                              obj/default/media_interrupt_HAL.o (alt_up_audio_open_dev)
../p5_Temp_bsp/\libhal_bsp.a(altera_up_avalon_character_lcd.o)
                              ../p5_Temp_bsp/\libhal_bsp.a(alt_sys_init.o) (alt_up_character_lcd_init)
../p5_Temp_bsp/\libhal_bsp.a(altera_up_avalon_ethernet.o)
                              ../p5_Temp_bsp/\libhal_bsp.a(alt_sys_init.o) (alt_up_ethernet_init)
../p5_Temp_bsp/\libhal_bsp.a(altera_up_avalon_ethernet_low_level_driver.o)
                              ../p5_Temp_bsp/\libhal_bsp.a(altera_up_avalon_ethernet.o) (alt_up_ethernet_reg_write)
../p5_Temp_bsp/\libhal_bsp.a(altera_up_avalon_irda.o)
                              ../p5_Temp_bsp/\libhal_bsp.a(alt_sys_init.o) (alt_up_irda_read_fd)
../p5_Temp_bsp/\libhal_bsp.a(altera_up_avalon_parallel_port.o)
                              obj/default/media_interrupt_HAL.o (alt_up_parallel_port_open_dev)
../p5_Temp_bsp/\libhal_bsp.a(altera_up_avalon_ps2.o)
                              ../p5_Temp_bsp/\libhal_bsp.a(alt_sys_init.o) (alt_up_ps2_init)
../p5_Temp_bsp/\libhal_bsp.a(altera_up_avalon_rs232.o)
                              ../p5_Temp_bsp/\libhal_bsp.a(alt_sys_init.o) (alt_up_rs232_read_fd)
../p5_Temp_bsp/\libhal_bsp.a(altera_up_avalon_video_character_buffer_with_dma.o)
                              ../p5_Temp_bsp/\libhal_bsp.a(alt_sys_init.o) (alt_up_char_buffer_init)
../p5_Temp_bsp/\libhal_bsp.a(altera_up_avalon_video_pixel_buffer_dma.o)
                              obj/default/media_interrupt_HAL.o (alt_up_pixel_buffer_dma_open_dev)
../p5_Temp_bsp/\libhal_bsp.a(alt_alarm_start.o)
                              ../p5_Temp_bsp/\libhal_bsp.a(altera_avalon_jtag_uart_init.o) (alt_alarm_start)
[...]
Memory Configuration

Name             Origin             Length             Attributes
reset            0x00000000         0x00000020
SDRAM            0x00000020         0x007fffe0
Flash_flash_data 0x0c000000         0x00400000
*default*        0x00000000         0xffffffff

Linker script and memory map

LOAD ../p5_Temp_bsp//obj/HAL/src/crt0.o
LOAD obj/default/PS2_ISR.o
LOAD obj/default/audio_ISR.o
LOAD obj/default/globals.o
LOAD obj/default/interval_timer_ISR.o
LOAD obj/default/media_interrupt_HAL.o
LOAD obj/default/pushbutton_ISR.o
LOAD c:/altera/13.0sp1/nios2eds/bin/gnu/h-i686-mingw32/bin/../lib/gcc/nios2-elf/4.1.2/../../../../nios2-elf/lib\libstdc++.a
LOAD c:/altera/13.0sp1/nios2eds/bin/gnu/h-i686-mingw32/bin/../lib/gcc/nios2-elf/4.1.2/../../../../nios2-elf/lib\libm.a
LOAD c:/altera/13.0sp1/nios2eds/bin/gnu/h-i686-mingw32/bin/../lib/gcc/nios2-elf/4.1.2\libgcc.a
START GROUP
LOAD c:/altera/13.0sp1/nios2eds/bin/gnu/h-i686-mingw32/bin/../lib/gcc/nios2-elf/4.1.2/../../../../nios2-elf/lib\libc.a
LOAD c:/altera/13.0sp1/nios2eds/bin/gnu/h-i686-mingw32/bin/../lib/gcc/nios2-elf/4.1.2\libgcc.a
LOAD ../p5_Temp_bsp/\libhal_bsp.a
END GROUP
LOAD c:/altera/13.0sp1/nios2eds/bin/gnu/h-i686-mingw32/bin/../lib/gcc/nios2-elf/4.1.2\libgcc.a
                0x00000000                __alt_mem_SDRAM = 0x0
                0x0c000000                __alt_mem_Flash_flash_data = 0xc000000

.entry          0x00000000       0x20
 *(.entry)
 .entry         0x00000000       0x20 ../p5_Temp_bsp//obj/HAL/src/crt0.o
                0x00000000                __reset

.exceptions     0x00000020      0x198
                0x00000020                PROVIDE (__ram_exceptions_start, ABSOLUTE (.))
                0x00000020                . = ALIGN (0x20)
 *(.irq)
 *(.exceptions.entry.label)
 .exceptions.entry.label
                0x00000020        0x0 ../p5_Temp_bsp/\libhal_bsp.a(alt_irq_entry.o)
                0x00000020                alt_irq_entry
 .exceptions.entry.label
                0x00000020        0x0 ../p5_Temp_bsp/\libhal_bsp.a(alt_exception_entry.o)
                0x00000020                alt_exception
 *(.exceptions.entry.user)
 *(.exceptions.entry)
 .exceptions.entry
                0x00000020       0x54 ../p5_Temp_bsp/\libhal_bsp.a(alt_exception_entry.o)
 *(.exceptions.irqtest.user)
 *(.exceptions.irqtest)
 .exceptions.irqtest
                0x00000074       0x10 ../p5_Temp_bsp/\libhal_bsp.a(alt_irq_entry.o)
 *(.exceptions.irqhandler.user)
 *(.exceptions.irqhandler)
 .exceptions.irqhandler
                0x00000084        0x4 ../p5_Temp_bsp/\libhal_bsp.a(alt_irq_entry.o)
 *(.exceptions.irqreturn.user)
 *(.exceptions.irqreturn)
 .exceptions.irqreturn
                0x00000088        0x4 ../p5_Temp_bsp/\libhal_bsp.a(alt_irq_entry.o)
 *(.exceptions.notirq.label)
 .exceptions.notirq.label
                0x0000008c        0x0 ../p5_Temp_bsp/\libhal_bsp.a(alt_irq_entry.o)
 *(.exceptions.notirq.user)
 *(.exceptions.notirq)
 .exceptions.notirq
                0x0000008c        0x8 ../p5_Temp_bsp/\libhal_bsp.a(alt_exception_entry.o)
 *(.exceptions.soft.user)
 *(.exceptions.soft)
 *(.exceptions.unknown.user)
 *(.exceptions.unknown)
 .exceptions.unknown
                0x00000094        0x4 ../p5_Temp_bsp/\libhal_bsp.a(alt_exception_entry.o)
 *(.exceptions.exit.label)
 .exceptions.exit.label
                0x00000098        0x0 ../p5_Temp_bsp/\libhal_bsp.a(alt_irq_entry.o)
 .exceptions.exit.label
                0x00000098        0x0 ../p5_Temp_bsp/\libhal_bsp.a(alt_exception_entry.o)
 *(.exceptions.exit.user)
 *(.exceptions.exit)
 .exceptions.exit
                0x00000098       0x54 ../p5_Temp_bsp/\libhal_bsp.a(alt_exception_entry.o)
 *(.exceptions)
 .exceptions    0x000000ec       0xcc ../p5_Temp_bsp/\libhal_bsp.a(alt_irq_handler.o)
                0x000000ec                alt_irq_handler
                0x000001b8                PROVIDE (__ram_exceptions_end, ABSOLUTE (.))
                0x00000020                PROVIDE (__flash_exceptions_start, LOADADDR (.exceptions))

.text           0x000001b8     0xb494
                0x000001b8                PROVIDE (stext, ABSOLUTE (.))
 *(.interp)
 *(.hash)
 *(.dynsym)
 *(.dynstr)
 *(.gnu.version)
 *(.gnu.version_d)
 *(.gnu.version_r)
 *(.rel.init)
 *(.rela.init)
 *(.rel.text .rel.text.* .rel.gnu.linkonce.t.*)
 *(.rela.text .rela.text.* .rela.gnu.linkonce.t.*)
 *(.rel.fini)
 *(.rela.fini)
 *(.rel.rodata .rel.rodata.* .rel.gnu.linkonce.r.*)
 *(.rela.rodata .rela.rodata.* .rela.gnu.linkonce.r.*)
 *(.rel.data .rel.data.* .rel.gnu.linkonce.d.*)
 *(.rela.data .rela.data.* .rela.gnu.linkonce.d.*)
 *(.rel.tdata .rel.tdata.* .rel.gnu.linkonce.td.*)
 *(.rela.tdata .rela.tdata.* .rela.gnu.linkonce.td.*)
 *(.rel.tbss .rel.tbss.* .rel.gnu.linkonce.tb.*)
 *(.rela.tbss .rela.tbss.* .rela.gnu.linkonce.tb.*)
 *(.rel.ctors)
 *(.rela.ctors)
 *(.rel.dtors)
 *(.rela.dtors)
 *(.rel.got)
 *(.rela.got)
 *(.rel.sdata .rel.sdata.* .rel.gnu.linkonce.s.*)
 *(.rela.sdata .rela.sdata.* .rela.gnu.linkonce.s.*)
 *(.rel.sbss .rel.sbss.* .rel.gnu.linkonce.sb.*)
 *(.rela.sbss .rela.sbss.* .rela.gnu.linkonce.sb.*)
 *(.rel.sdata2 .rel.sdata2.* .rel.gnu.linkonce.s2.*)
 *(.rela.sdata2 .rela.sdata2.* .rela.gnu.linkonce.s2.*)
 *(.rel.sbss2 .rel.sbss2.* .rel.gnu.linkonce.sb2.*)
 *(.rela.sbss2 .rela.sbss2.* .rela.gnu.linkonce.sb2.*)
 *(.rel.bss .rel.bss.* .rel.gnu.linkonce.b.*)
 *(.rela.bss .rela.bss.* .rela.gnu.linkonce.b.*)
 *(.rel.plt)
 *(.rela.plt)
 *(.rel.dyn)
 *(.init)
 *(.plt)
 *(.text .stub .text.* .gnu.linkonce.t.*)
 .text          0x000001b8       0x3c ../p5_Temp_bsp//obj/HAL/src/crt0.o
                0x000001b8                _start
 .text          0x000001f4      0x148 obj/default/PS2_ISR.o
                0x000001f4                PS2_ISR
 .text          0x0000033c      0x438 obj/default/audio_ISR.o
                0x0000033c                audio_ISR
 .text          0x00000774        0x0 obj/default/globals.o
 .text          0x00000774       0x60 obj/default/interval_timer_ISR.o
                0x00000774                interval_timer_ISR
 .text          0x000007d4     0x1cd4 obj/default/media_interrupt_HAL.o
                0x000007d4                main
                0x00001a88                HEXxy_PS2
                0x00001d94                Do_Soft_Echo
                0x00001f38                Plot_AudioRecord
                0x000020c4                Audio_Average
                0x0000239c                Plot_Play_Audio
 .text          0x000024a8       0xb8 obj/default/pushbutton_ISR.o
                0x000024a8                pushbutton_ISR
 .text          0x00002560       0x98 c:/altera/13.0sp1/nios2eds/bin/gnu/h-i686-mingw32/bin/../lib/gcc/nios2-elf/4.1.2\libgcc.a(_muldi3.o)
                0x00002560                __muldi3
 .text          0x000025f8      0x680 c:/altera/13.0sp1/nios2eds/bin/gnu/h-i686-mingw32/bin/../lib/gcc/nios2-elf/4.1.2\libgcc.a(_divdi3.o)
                0x000025f8                __divdi3
 .text          0x00002c78      0x14c c:/altera/13.0sp1/nios2eds/bin/gnu/h-i686-mingw32/bin/../lib/gcc/nios2-elf/4.1.2\libgcc.a(lib2-divmod.o)
                0x00002cf4                __divsi3
                0x00002d54                __modsi3
                0x00002db4                __udivsi3
                0x00002dbc                __umodsi3
 .text          0x00002dc4        0x0 c:/altera/13.0sp1/nios2eds/bin/gnu/h-i686-mingw32/bin/../lib/gcc/nios2-elf/4.1.2\libgcc.a(_clz.o)
 .text          0x00002dc4       0xa0 c:/altera/13.0sp1/nios2eds/bin/gnu/h-i686-mingw32/bin/../lib/gcc/nios2-elf/4.1.2/../../../../nios2-elf/lib\libc.a(lib_a-memcpy.o)
                0x00002dc4                memcpy
 .text          0x00002e64       0x98 c:/altera/13.0sp1/nios2eds/bin/gnu/h-i686-mingw32/bin/../lib/gcc/nios2-elf/4.1.2/../../../../nios2-elf/lib\libc.a(lib_a-memset.o)
                0x00002e64                memset
 .text          0x00002efc      0x1c0 ../p5_Temp_bsp/\libhal_bsp.a(alt_irq_register.o)
                0x00002efc                alt_irq_register
 .text          0x000030bc        0x0 ../p5_Temp_bsp/\libhal_bsp.a(alt_irq_vars.o)
 .text          0x000030bc       0xec ../p5_Temp_bsp/\libhal_bsp.a(alt_load.o)
                0x000030bc                alt_load
 .text          0x000031a8       0x6c ../p5_Temp_bsp/\libhal_bsp.a(alt_main.o)
                0x000031a8                alt_main
 .text          0x00003214      0x258 ../p5_Temp_bsp/\libhal_bsp.a(alt_printf.o)
                0x00003214                alt_printf
 .text          0x0000346c       0x40 ../p5_Temp_bsp/\libhal_bsp.a(alt_putchar.o)
                0x0000346c                alt_putchar
 .text          0x000034ac      0x46c ../p5_Temp_bsp/\libhal_bsp.a(alt_sys_init.o)
                0x000034ac                alt_irq_init
                0x000034e0                alt_sys_init
 .text          0x00003918      0x148 ../p5_Temp_bsp/\libhal_bsp.a(altera_avalon_jtag_uart_fd.o)
                0x00003918                altera_avalon_jtag_uart_read_fd
                0x00003970                altera_avalon_jtag_uart_write_fd
                0x000039c8                altera_avalon_jtag_uart_close_fd
                0x00003a10                altera_avalon_jtag_uart_ioctl_fd
 .text          0x00003a60      0x408 ../p5_Temp_bsp/\libhal_bsp.a(altera_avalon_jtag_uart_init.o)
                0x00003a60                altera_avalon_jtag_uart_init
                0x00003df4                altera_avalon_jtag_uart_close
 .text          0x00003e68       0xf4 ../p5_Temp_bsp/\libhal_bsp.a(altera_avalon_jtag_uart_ioctl.o)
                0x00003e68                altera_avalon_jtag_uart_ioctl
 .text          0x00003f5c      0x224 ../p5_Temp_bsp/\libhal_bsp.a(altera_avalon_jtag_uart_read.o)
                0x00003f5c                altera_avalon_jtag_uart_read
 .text          0x00004180      0x240 ../p5_Temp_bsp/\libhal_bsp.a(altera_avalon_jtag_uart_write.o)
                0x00004180                altera_avalon_jtag_uart_write
 .text          0x000043c0       0xfc ../p5_Temp_bsp/\libhal_bsp.a(altera_avalon_timer_sc.o)
                0x00004434                alt_avalon_timer_sc_init
 .text          0x000044bc      0x80c ../p5_Temp_bsp/\libhal_bsp.a(altera_up_avalon_audio.o)
                0x000044bc                alt_up_audio_open_dev
                0x000044fc                alt_up_audio_enable_read_interrupt
                0x00004548                alt_up_audio_disable_read_interrupt
                0x00004598                alt_up_audio_enable_write_interrupt
                0x000045e4                alt_up_audio_disable_write_interrupt
                0x00004634                alt_up_audio_read_interrupt_pending
                0x00004670                alt_up_audio_write_interrupt_pending
                0x000046ac                alt_up_audio_reset_audio_core
                0x00004734                alt_up_audio_read_fifo_avail
                0x000047a4                alt_up_audio_record_r
                0x00004814                alt_up_audio_record_l
                0x00004884                alt_up_audio_write_fifo_space
                0x000048f8                alt_up_audio_play_r
                0x00004968                alt_up_audio_play_l
                0x000049d8                alt_up_audio_read_fifo
                0x00004adc                alt_up_audio_write_fifo
                0x00004c08                alt_up_audio_read_fifo_head
                0x00004c68                alt_up_audio_write_fifo_head
 .text          0x00004cc8      0x530 ../p5_Temp_bsp/\libhal_bsp.a(altera_up_avalon_character_lcd.o)
                0x00004cc8                get_DDRAM_addr
                0x00004d44                alt_up_character_lcd_send_cmd
                0x00004d78                alt_up_character_lcd_init
                0x00004dac                alt_up_character_lcd_open_dev
                0x00004dec                alt_up_character_lcd_write
                0x00004e64                alt_up_character_lcd_string
                0x00004edc                alt_up_character_lcd_write_fd
                0x00004f28                alt_up_character_lcd_set_cursor_pos
                0x00004fa0                alt_up_character_lcd_shift_cursor
                0x00005050                alt_up_character_lcd_shift_display
                0x00005100                alt_up_character_lcd_erase_pos
                0x00005190                alt_up_character_lcd_cursor_off
                0x000051c4                alt_up_character_lcd_cursor_blink_on
 .text          0x000051f8      0x150 ../p5_Temp_bsp/\libhal_bsp.a(altera_up_avalon_ethernet.o)
                0x000051f8                alt_up_ethernet_init
                0x00005308                alt_up_ethernet_open_dev
 .text          0x00005348      0x238 ../p5_Temp_bsp/\libhal_bsp.a(altera_up_avalon_ethernet_low_level_driver.o)
                0x00005348                alt_up_ethernet_reg_read
                0x00005384                alt_up_ethernet_reg_write
                0x000053c8                alt_up_ethernet_phy_reg_read
                0x000054a8                alt_up_ethernet_phy_reg_write
 .text          0x00005580      0x394 ../p5_Temp_bsp/\libhal_bsp.a(altera_up_avalon_irda.o)
                0x00005580                alt_up_irda_enable_read_interrupt
                0x000055d4                alt_up_irda_disable_read_interrupt
                0x0000562c                alt_up_irda_get_used_space_in_read_FIFO
                0x00005668                alt_up_irda_get_available_space_in_write_FIFO
                0x000056a8                alt_up_irda_check_parity
                0x000056f8                alt_up_irda_write_data
                0x00005740                alt_up_irda_read_data
                0x000057b4                alt_up_irda_read_fd
                0x00005844                alt_up_irda_write_fd
                0x000058d4                alt_up_irda_open_dev
 .text          0x00005914       0x40 ../p5_Temp_bsp/\libhal_bsp.a(altera_up_avalon_parallel_port.o)
                0x00005914                alt_up_parallel_port_open_dev
 .text          0x00005954      0x700 ../p5_Temp_bsp/\libhal_bsp.a(altera_up_avalon_ps2.o)
                0x00005954                read_RI_bit
                0x00005988                read_RE_bit
                0x000059b8                read_CE_bit
                0x000059ec                read_num_bytes_available
                0x00005a20                read_data_valid
                0x00005a54                read_data_byte
                0x00005a80                alt_up_ps2_init
                0x00005b4c                alt_up_ps2_enable_read_interrupt
                0x00005ba0                alt_up_ps2_disable_read_interrupt
                0x00005bf8                alt_up_ps2_write_data_byte
                0x00005c70                alt_up_ps2_wait_for_ack
                0x00005ce0                alt_up_ps2_write_data_byte_with_ack
                0x00005d4c                alt_up_ps2_read_data_byte_timeout
                0x00005dfc                alt_up_ps2_read_data_byte
                0x00005e78                alt_up_ps2_clear_fifo
                0x00005ed0                alt_up_ps2_read_fd
                0x00005f6c                alt_up_ps2_write_fd
                0x00006014                alt_up_ps2_open_dev
 .text          0x00006054      0x398 ../p5_Temp_bsp/\libhal_bsp.a(altera_up_avalon_rs232.o)
                0x00006054                alt_up_rs232_enable_read_interrupt
                0x000060a8                alt_up_rs232_disable_read_interrupt
                0x00006100                alt_up_rs232_get_used_space_in_read_FIFO
                0x0000613c                alt_up_rs232_get_available_space_in_write_FIFO
                0x0000617c                alt_up_rs232_check_parity
                0x000061cc                alt_up_rs232_write_data
                0x00006214                alt_up_rs232_read_data
                0x00006288                alt_up_rs232_read_fd
                0x00006318                alt_up_rs232_write_fd
                0x000063ac                alt_up_rs232_open_dev
 .text          0x000063ec      0x304 ../p5_Temp_bsp/\libhal_bsp.a(altera_up_avalon_video_character_buffer_with_dma.o)
                0x000063ec                alt_up_char_buffer_init
                0x00006470                alt_up_char_buffer_open_dev
                0x000064b0                alt_up_char_buffer_draw
                0x00006580                alt_up_char_buffer_string
                0x00006694                alt_up_char_buffer_clear
 .text          0x000066f0     0x156c ../p5_Temp_bsp/\libhal_bsp.a(altera_up_avalon_video_pixel_buffer_dma.o)
                0x000066f0                alt_up_pixel_buffer_dma_open_dev
                0x00006730                alt_up_pixel_buffer_dma_draw
                0x000068d0                alt_up_pixel_buffer_dma_change_back_buffer_address
                0x00006928                alt_up_pixel_buffer_dma_swap_buffers
                0x00006980                alt_up_pixel_buffer_dma_check_swap_buffers_status
                0x000069b4                alt_up_pixel_buffer_dma_clear_screen
                0x00006b18                alt_up_pixel_buffer_dma_draw_box
                0x0000700c                alt_up_pixel_buffer_dma_draw_hline
                0x0000735c                alt_up_pixel_buffer_dma_draw_vline
                0x0000772c                alt_up_pixel_buffer_dma_draw_rectangle
                0x000077f0                helper_plot_pixel
                0x000078c0                alt_up_pixel_buffer_dma_draw_line
 .text          0x00007c5c      0x154 ../p5_Temp_bsp/\libhal_bsp.a(alt_alarm_start.o)
                0x00007c5c                alt_alarm_start
 .text          0x00007db0      0x15c ../p5_Temp_bsp/\libhal_bsp.a(alt_close.o)
                0x00007db0                close
 .text          0x00007f0c       0x1c ../p5_Temp_bsp/\libhal_bsp.a(alt_dcache_flush_all.o)
                0x00007f0c                alt_dcache_flush_all
 .text          0x00007f28       0x2c ../p5_Temp_bsp/\libhal_bsp.a(alt_dev.o)
 .text          0x00007f54      0x114 ../p5_Temp_bsp/\libhal_bsp.a(alt_dev_llist_insert.o)
                0x00007f54                alt_dev_llist_insert
 .text          0x00008068       0x64 ../p5_Temp_bsp/\libhal_bsp.a(alt_do_ctors.o)
                0x00008068                _do_ctors
 .text          0x000080cc       0x64 ../p5_Temp_bsp/\libhal_bsp.a(alt_do_dtors.o)
                0x000080cc                _do_dtors
 .text          0x00008130        0x0 ../p5_Temp_bsp/\libhal_bsp.a(alt_errno.o)
 .text          0x00008130       0x94 ../p5_Temp_bsp/\libhal_bsp.a(alt_find_dev.o)
                0x00008130                alt_find_dev
 .text          0x000081c4       0x30 ../p5_Temp_bsp/\libhal_bsp.a(alt_icache_flush_all.o)
                0x000081c4                alt_icache_flush_all
 .text          0x000081f4      0x13c ../p5_Temp_bsp/\libhal_bsp.a(alt_io_redirect.o)
                0x000082b8                alt_io_redirect
 .text          0x00008330        0x0 ../p5_Temp_bsp/\libhal_bsp.a(alt_irq_entry.o)
 .text          0x00008330        0x0 ../p5_Temp_bsp/\libhal_bsp.a(alt_irq_handler.o)
 .text          0x00008330      0x2c4 ../p5_Temp_bsp/\libhal_bsp.a(alt_open.o)
                0x0000840c                open
 .text          0x000085f4       0x60 ../p5_Temp_bsp/\libhal_bsp.a(alt_release_fd.o)
                0x000085f4                alt_release_fd
 .text          0x00008654      0x1a4 ../p5_Temp_bsp/\libhal_bsp.a(alt_tick.o)
                0x00008654                alt_alarm_stop
                0x000086ec                alt_tick
 .text          0x000087f8       0x30 ../p5_Temp_bsp/\libhal_bsp.a(alt_usleep.o)
                0x000087f8                usleep
 .text          0x00008828       0x20 ../p5_Temp_bsp/\libhal_bsp.a(altera_nios2_qsys_irq.o)
                0x00008828                altera_nios2_qsys_irq_init
 .text          0x00008848      0x12c ../p5_Temp_bsp/\libhal_bsp.a(alt_busy_sleep.o)
                0x00008848                alt_busy_sleep
 .text          0x00008974        0x0 ../p5_Temp_bsp/\libhal_bsp.a(alt_exception_entry.o)
 .text          0x00008974      0x120 ../p5_Temp_bsp/\libhal_bsp.a(alt_find_file.o)
                0x00008974                alt_find_file
 .text          0x00008a94       0xb8 ../p5_Temp_bsp/\libhal_bsp.a(alt_get_fd.o)
                0x00008a94                alt_get_fd
 .text          0x00008b4c       0x90 ../p5_Temp_bsp/\libhal_bsp.a(alt_icache_flush.o)
                0x00008b4c                alt_icache_flush
 .text          0x00008bdc       0x14 c:/altera/13.0sp1/nios2eds/bin/gnu/h-i686-mingw32/bin/../lib/gcc/nios2-elf/4.1.2/../../../../nios2-elf/lib\libc.a(lib_a-atexit.o)
                0x00008bdc                atexit
 .text          0x00008bf0       0x38 c:/altera/13.0sp1/nios2eds/bin/gnu/h-i686-mingw32/bin/../lib/gcc/nios2-elf/4.1.2/../../../../nios2-elf/lib\libc.a(lib_a-exit.o)
                0x00008bf0                exit
 .text          0x00008c28        0x0 c:/altera/13.0sp1/nios2eds/bin/gnu/h-i686-mingw32/bin/../lib/gcc/nios2-elf/4.1.2/../../../../nios2-elf/lib\libc.a(lib_a-impure.o)
 .text          0x00008c28        0x0 c:/altera/13.0sp1/nios2eds/bin/gnu/h-i686-mingw32/bin/../lib/gcc/nios2-elf/4.1.2/../../../../nios2-elf/lib\libc.a(lib_a-int_errno.o)
 .text          0x00008c28       0x74 c:/altera/13.0sp1/nios2eds/bin/gnu/h-i686-mingw32/bin/../lib/gcc/nios2-elf/4.1.2/../../../../nios2-elf/lib\libc.a(lib_a-memcmp.o)
                0x00008c28                memcmp
 .text          0x00008c9c      0x1ec c:/altera/13.0sp1/nios2eds/bin/gnu/h-i686-mingw32/bin/../lib/gcc/nios2-elf/4.1.2/../../../../nios2-elf/lib\libc.a(lib_a-putc.o)
                0x00008c9c                putc
                0x00008da0                _putc_r
 .text          0x00008e88       0xbc c:/altera/13.0sp1/nios2eds/bin/gnu/h-i686-mingw32/bin/../lib/gcc/nios2-elf/4.1.2/../../../../nios2-elf/lib\libc.a(lib_a-strcmp.o)
                0x00008e88                strcmp
 .text          0x00008f44       0x74 c:/altera/13.0sp1/nios2eds/bin/gnu/h-i686-mingw32/bin/../lib/gcc/nios2-elf/4.1.2/../../../../nios2-elf/lib\libc.a(lib_a-strlen.o)
                0x00008f44                strlen
 .text          0x00008fb8      0x14c c:/altera/13.0sp1/nios2eds/bin/gnu/h-i686-mingw32/bin/../lib/gcc/nios2-elf/4.1.2/../../../../nios2-elf/lib\libc.a(lib_a-wbuf.o)
                0x00008fb8                __swbuf_r
                0x000090e8                __swbuf
 .text          0x00009104      0x13c c:/altera/13.0sp1/nios2eds/bin/gnu/h-i686-mingw32/bin/../lib/gcc/nios2-elf/4.1.2/../../../../nios2-elf/lib\libc.a(lib_a-wsetup.o)
                0x00009104                __swsetup_r
 .text          0x00009240      0x134 c:/altera/13.0sp1/nios2eds/bin/gnu/h-i686-mingw32/bin/../lib/gcc/nios2-elf/4.1.2/../../../../nios2-elf/lib\libc.a(lib_a-__atexit.o)
                0x00009240                __register_exitproc
 .text          0x00009374      0x1b4 c:/altera/13.0sp1/nios2eds/bin/gnu/h-i686-mingw32/bin/../lib/gcc/nios2-elf/4.1.2/../../../../nios2-elf/lib\libc.a(lib_a-__call_atexit.o)
                0x00009378                __call_exitprocs
 .text          0x00009528      0x230 c:/altera/13.0sp1/nios2eds/bin/gnu/h-i686-mingw32/bin/../lib/gcc/nios2-elf/4.1.2/../../../../nios2-elf/lib\libc.a(lib_a-fflush.o)
                0x00009528                _fflush_r
                0x00009724                fflush
 .text          0x00009758      0x2c0 c:/altera/13.0sp1/nios2eds/bin/gnu/h-i686-mingw32/bin/../lib/gcc/nios2-elf/4.1.2/../../../../nios2-elf/lib\libc.a(lib_a-findfp.o)
                0x000097b0                __sfp_lock_acquire
                0x000097b4                __sfp_lock_release
                0x000097b8                __sinit_lock_acquire
                0x000097bc                __sinit_lock_release
                0x000097c0                __sinit
                0x00009874                __fp_unlock_all
                0x0000988c                __fp_lock_all
                0x000098a4                _cleanup_r
                0x000098b0                _cleanup
                0x000098c0                __sfmoreglue
                0x00009928                __sfp
 .text          0x00009a18      0x440 c:/altera/13.0sp1/nios2eds/bin/gnu/h-i686-mingw32/bin/../lib/gcc/nios2-elf/4.1.2/../../../../nios2-elf/lib\libc.a(lib_a-freer.o)
                0x00009a18                _malloc_trim_r
                0x00009b44                _free_r
 .text          0x00009e58      0x180 c:/altera/13.0sp1/nios2eds/bin/gnu/h-i686-mingw32/bin/../lib/gcc/nios2-elf/4.1.2/../../../../nios2-elf/lib\libc.a(lib_a-fwalk.o)
                0x00009e58                _fwalk_reent
                0x00009f20                _fwalk
 .text          0x00009fd8      0x194 c:/altera/13.0sp1/nios2eds/bin/gnu/h-i686-mingw32/bin/../lib/gcc/nios2-elf/4.1.2/../../../../nios2-elf/lib\libc.a(lib_a-makebuf.o)
                0x00009fd8                __smakebuf_r
 .text          0x0000a16c      0x740 c:/altera/13.0sp1/nios2eds/bin/gnu/h-i686-mingw32/bin/../lib/gcc/nios2-elf/4.1.2/../../../../nios2-elf/lib\libc.a(lib_a-mallocr.o)
                0x0000a16c                _malloc_r
 .text          0x0000a8ac       0x70 c:/altera/13.0sp1/nios2eds/bin/gnu/h-i686-mingw32/bin/../lib/gcc/nios2-elf/4.1.2/../../../../nios2-elf/lib\libc.a(lib_a-sbrkr.o)
                0x0000a8ac                _sbrk_r
 .text          0x0000a91c      0x14c c:/altera/13.0sp1/nios2eds/bin/gnu/h-i686-mingw32/bin/../lib/gcc/nios2-elf/4.1.2/../../../../nios2-elf/lib\libc.a(lib_a-stdio.o)
                0x0000a91c                __sclose
                0x0000a924                __sseek
                0x0000a98c                __swrite
                0x0000aa08                __sread
 .text          0x0000aa68       0x78 c:/altera/13.0sp1/nios2eds/bin/gnu/h-i686-mingw32/bin/../lib/gcc/nios2-elf/4.1.2/../../../../nios2-elf/lib\libc.a(lib_a-writer.o)
                0x0000aa68                _write_r
 .text          0x0000aae0       0x70 c:/altera/13.0sp1/nios2eds/bin/gnu/h-i686-mingw32/bin/../lib/gcc/nios2-elf/4.1.2/../../../../nios2-elf/lib\libc.a(lib_a-closer.o)
                0x0000aae0                _close_r
 .text          0x0000ab50      0x124 c:/altera/13.0sp1/nios2eds/bin/gnu/h-i686-mingw32/bin/../lib/gcc/nios2-elf/4.1.2/../../../../nios2-elf/lib\libc.a(lib_a-fclose.o)
                0x0000ab50                _fclose_r
                0x0000ac60                fclose
 .text          0x0000ac74       0x74 c:/altera/13.0sp1/nios2eds/bin/gnu/h-i686-mingw32/bin/../lib/gcc/nios2-elf/4.1.2/../../../../nios2-elf/lib\libc.a(lib_a-fstatr.o)
                0x0000ac74                _fstat_r
 .text          0x0000ace8       0x70 c:/altera/13.0sp1/nios2eds/bin/gnu/h-i686-mingw32/bin/../lib/gcc/nios2-elf/4.1.2/../../../../nios2-elf/lib\libc.a(lib_a-isattyr.o)
                0x0000ace8                _isatty_r
 .text          0x0000ad58       0x78 c:/altera/13.0sp1/nios2eds/bin/gnu/h-i686-mingw32/bin/../lib/gcc/nios2-elf/4.1.2/../../../../nios2-elf/lib\libc.a(lib_a-lseekr.o)
                0x0000ad58                _lseek_r
 .text          0x0000add0       0x78 c:/altera/13.0sp1/nios2eds/bin/gnu/h-i686-mingw32/bin/../lib/gcc/nios2-elf/4.1.2/../../../../nios2-elf/lib\libc.a(lib_a-readr.o)
                0x0000add0                _read_r
 .text          0x0000ae48       0x60 ../p5_Temp_bsp/\libhal_bsp.a(alt_exit.o)
                0x0000ae88                _exit
 .text          0x0000aea8      0x134 ../p5_Temp_bsp/\libhal_bsp.a(alt_fstat.o)
                0x0000aea8                fstat
 .text          0x0000afdc      0x120 ../p5_Temp_bsp/\libhal_bsp.a(alt_isatty.o)
                0x0000afdc                isatty
 .text          0x0000b0fc      0x150 ../p5_Temp_bsp/\libhal_bsp.a(alt_lseek.o)
                0x0000b0fc                lseek
 .text          0x0000b24c       0x40 ../p5_Temp_bsp/\libhal_bsp.a(alt_malloc_lock.o)
                0x0000b24c                __malloc_lock
                0x0000b26c                __malloc_unlock
 .text          0x0000b28c      0x180 ../p5_Temp_bsp/\libhal_bsp.a(alt_read.o)
                0x0000b28c                read
 .text          0x0000b40c       0xbc ../p5_Temp_bsp/\libhal_bsp.a(alt_sbrk.o)
                0x0000b40c                sbrk
 .text          0x0000b4c8      0x180 ../p5_Temp_bsp/\libhal_bsp.a(alt_write.o)
                0x0000b4c8                write
 *(.gnu.warning.*)
 *(.fini)
                0x0000b648                PROVIDE (__etext, ABSOLUTE (.))
                0x0000b648                PROVIDE (_etext, ABSOLUTE (.))
                0x0000b648                PROVIDE (etext, ABSOLUTE (.))
 *(.eh_frame_hdr)
                0x0000b648                . = ALIGN (0x4)
                0x0000b648                PROVIDE (__preinit_array_start, ABSOLUTE (.))
 *(.preinit_array)
                0x0000b648                PROVIDE (__preinit_array_end, ABSOLUTE (.))
                0x0000b648                PROVIDE (__init_array_start, ABSOLUTE (.))
 *(.init_array)
                0x0000b648                PROVIDE (__init_array_end, ABSOLUTE (.))
                0x0000b648                PROVIDE (__fini_array_start, ABSOLUTE (.))
 *(.fini_array)
                0x0000b648                PROVIDE (__fini_array_end, ABSOLUTE (.))
 *(.eh_frame)
 *(.gcc_except_table)
 *(.dynamic)
                0x0000b648                PROVIDE (__CTOR_LIST__, ABSOLUTE (.))
 *(.ctors)
 *(SORT(.ctors.*))
 .ctors.65535   0x0000b648        0x4 c:/altera/13.0sp1/nios2eds/bin/gnu/h-i686-mingw32/bin/../lib/gcc/nios2-elf/4.1.2/../../../../nios2-elf/lib\libc.a(lib_a-__call_atexit.o)
                0x0000b64c                PROVIDE (__CTOR_END__, ABSOLUTE (.))
                0x0000b64c                PROVIDE (__DTOR_LIST__, ABSOLUTE (.))
 *(.dtors)
 *(SORT(.dtors.*))
                0x0000b64c                PROVIDE (__DTOR_END__, ABSOLUTE (.))
 *(.jcr)
                0x0000b64c                . = ALIGN (0x4)

.rodata         0x0000b64c      0x62c
                0x0000b64c                PROVIDE (__ram_rodata_start, ABSOLUTE (.))
                0x0000b64c                . = ALIGN (0x4)
 *(.rodata .rodata.* .gnu.linkonce.r.*)
 .rodata        0x0000b64c      0x374 obj/default/media_interrupt_HAL.o
 .rodata        0x0000b9c0      0x100 c:/altera/13.0sp1/nios2eds/bin/gnu/h-i686-mingw32/bin/../lib/gcc/nios2-elf/4.1.2\libgcc.a(_clz.o)
                0x0000b9c0                __clz_tab
 .rodata        0x0000bac0       0x10 ../p5_Temp_bsp/\libhal_bsp.a(alt_main.o)
 .rodata        0x0000bad0      0x17c ../p5_Temp_bsp/\libhal_bsp.a(alt_sys_init.o)
 .rodata        0x0000bc4c       0x1c ../p5_Temp_bsp/\libhal_bsp.a(altera_up_avalon_video_character_buffer_with_dma.o)
 .rodata        0x0000bc68        0xc ../p5_Temp_bsp/\libhal_bsp.a(alt_dev.o)
 .rodata.str1.4
                0x0000bc74        0x4 c:/altera/13.0sp1/nios2eds/bin/gnu/h-i686-mingw32/bin/../lib/gcc/nios2-elf/4.1.2/../../../../nios2-elf/lib\libc.a(lib_a-impure.o)
 *(.rodata1)
                0x0000bc78                . = ALIGN (0x4)
                0x0000bc78                PROVIDE (__ram_rodata_end, ABSOLUTE (.))
                0x0000b64c                PROVIDE (__flash_rodata_start, LOADADDR (.rodata))

.rwdata         0x0000bc78     0x207c load address 0x0000dcf4
                0x0000bc78                PROVIDE (__ram_rwdata_start, ABSOLUTE (.))
                0x0000bc78                . = ALIGN (0x4)
 *(.got.plt)
 *(.got)
 *(.data1)
 *(.data .data.* .gnu.linkonce.d.*)
 .data          0x0000bc78        0x0 ../p5_Temp_bsp//obj/HAL/src/crt0.o
 .data          0x0000bc78        0x0 obj/default/PS2_ISR.o
 .data          0x0000bc78        0x0 obj/default/audio_ISR.o
 .data          0x0000bc78        0x0 obj/default/globals.o
 .data          0x0000bc78        0x0 obj/default/interval_timer_ISR.o
 .data          0x0000bc78      0x280 obj/default/media_interrupt_HAL.o
                0x0000bc78                coeff
                0x0000bcf8                Mouse_Icon
 .data          0x0000bef8        0x0 obj/default/pushbutton_ISR.o
 .data          0x0000bef8        0x0 c:/altera/13.0sp1/nios2eds/bin/gnu/h-i686-mingw32/bin/../lib/gcc/nios2-elf/4.1.2\libgcc.a(_muldi3.o)
 .data          0x0000bef8        0x0 c:/altera/13.0sp1/nios2eds/bin/gnu/h-i686-mingw32/bin/../lib/gcc/nios2-elf/4.1.2\libgcc.a(_divdi3.o)
 .data          0x0000bef8        0x0 c:/altera/13.0sp1/nios2eds/bin/gnu/h-i686-mingw32/bin/../lib/gcc/nios2-elf/4.1.2\libgcc.a(lib2-divmod.o)
 .data          0x0000bef8        0x0 c:/altera/13.0sp1/nios2eds/bin/gnu/h-i686-mingw32/bin/../lib/gcc/nios2-elf/4.1.2\libgcc.a(_clz.o)
 .data          0x0000bef8        0x0 c:/altera/13.0sp1/nios2eds/bin/gnu/h-i686-mingw32/bin/../lib/gcc/nios2-elf/4.1.2/../../../../nios2-elf/lib\libc.a(lib_a-memcpy.o)
 .data          0x0000bef8        0x0 c:/altera/13.0sp1/nios2eds/bin/gnu/h-i686-mingw32/bin/../lib/gcc/nios2-elf/4.1.2/../../../../nios2-elf/lib\libc.a(lib_a-memset.o)
 .data          0x0000bef8        0x0 ../p5_Temp_bsp/\libhal_bsp.a(alt_irq_register.o)
 .data          0x0000bef8        0x0 ../p5_Temp_bsp/\libhal_bsp.a(alt_irq_vars.o)
 .data          0x0000bef8        0x0 ../p5_Temp_bsp/\libhal_bsp.a(alt_load.o)
 .data          0x0000bef8        0x0 ../p5_Temp_bsp/\libhal_bsp.a(alt_main.o)
 .data          0x0000bef8        0x0 ../p5_Temp_bsp/\libhal_bsp.a(alt_printf.o)
 .data          0x0000bef8        0x0 ../p5_Temp_bsp/\libhal_bsp.a(alt_putchar.o)
 .data          0x0000bef8     0x1414 ../p5_Temp_bsp/\libhal_bsp.a(alt_sys_init.o)
 .data          0x0000d30c        0x0 ../p5_Temp_bsp/\libhal_bsp.a(altera_avalon_jtag_uart_fd.o)
 .data          0x0000d30c        0x0 ../p5_Temp_bsp/\libhal_bsp.a(altera_avalon_jtag_uart_init.o)
 .data          0x0000d30c        0x0 ../p5_Temp_bsp/\libhal_bsp.a(altera_avalon_jtag_uart_ioctl.o)
 .data          0x0000d30c        0x0 ../p5_Temp_bsp/\libhal_bsp.a(altera_avalon_jtag_uart_read.o)
 .data          0x0000d30c        0x0 ../p5_Temp_bsp/\libhal_bsp.a(altera_avalon_jtag_uart_write.o)
 .data          0x0000d30c        0x0 ../p5_Temp_bsp/\libhal_bsp.a(altera_avalon_timer_sc.o)
 .data          0x0000d30c        0x0 ../p5_Temp_bsp/\libhal_bsp.a(altera_up_avalon_audio.o)
 .data          0x0000d30c        0x0 ../p5_Temp_bsp/\libhal_bsp.a(altera_up_avalon_character_lcd.o)
 .data          0x0000d30c        0x0 ../p5_Temp_bsp/\libhal_bsp.a(altera_up_avalon_ethernet.o)
 .data          0x0000d30c        0x0 ../p5_Temp_bsp/\libhal_bsp.a(altera_up_avalon_ethernet_low_level_driver.o)
 .data          0x0000d30c        0x0 ../p5_Temp_bsp/\libhal_bsp.a(altera_up_avalon_irda.o)
 .data          0x0000d30c        0x0 ../p5_Temp_bsp/\libhal_bsp.a(altera_up_avalon_parallel_port.o)
 .data          0x0000d30c        0x0 ../p5_Temp_bsp/\libhal_bsp.a(altera_up_avalon_ps2.o)
 .data          0x0000d30c        0x0 ../p5_Temp_bsp/\libhal_bsp.a(altera_up_avalon_rs232.o)
 .data          0x0000d30c        0x0 ../p5_Temp_bsp/\libhal_bsp.a(altera_up_avalon_video_character_buffer_with_dma.o)
 .data          0x0000d30c        0x0 ../p5_Temp_bsp/\libhal_bsp.a(altera_up_avalon_video_pixel_buffer_dma.o)
 .data          0x0000d30c        0x0 ../p5_Temp_bsp/\libhal_bsp.a(alt_alarm_start.o)
 .data          0x0000d30c        0x0 ../p5_Temp_bsp/\libhal_bsp.a(alt_close.o)
 .data          0x0000d30c        0x0 ../p5_Temp_bsp/\libhal_bsp.a(alt_dcache_flush_all.o)
 .data          0x0000d30c      0x1a8 ../p5_Temp_bsp/\libhal_bsp.a(alt_dev.o)
                0x0000d30c                alt_dev_null
                0x0000d334                alt_fd_list
 .data          0x0000d4b4        0x0 ../p5_Temp_bsp/\libhal_bsp.a(alt_dev_llist_insert.o)
 .data          0x0000d4b4        0x0 ../p5_Temp_bsp/\libhal_bsp.a(alt_do_ctors.o)
 .data          0x0000d4b4        0x0 ../p5_Temp_bsp/\libhal_bsp.a(alt_do_dtors.o)
 .data          0x0000d4b4        0x0 ../p5_Temp_bsp/\libhal_bsp.a(alt_errno.o)
 .data          0x0000d4b4        0x0 ../p5_Temp_bsp/\libhal_bsp.a(alt_find_dev.o)
 .data          0x0000d4b4        0x0 ../p5_Temp_bsp/\libhal_bsp.a(alt_icache_flush_all.o)
 .data          0x0000d4b4        0x0 ../p5_Temp_bsp/\libhal_bsp.a(alt_io_redirect.o)
 .data          0x0000d4b4        0x0 ../p5_Temp_bsp/\libhal_bsp.a(alt_irq_entry.o)
 .data          0x0000d4b4        0x0 ../p5_Temp_bsp/\libhal_bsp.a(alt_irq_handler.o)
 .data          0x0000d4b4        0x0 ../p5_Temp_bsp/\libhal_bsp.a(alt_open.o)
 .data          0x0000d4b4        0x0 ../p5_Temp_bsp/\libhal_bsp.a(alt_release_fd.o)
 .data          0x0000d4b4        0x0 ../p5_Temp_bsp/\libhal_bsp.a(alt_tick.o)
 .data          0x0000d4b4        0x0 ../p5_Temp_bsp/\libhal_bsp.a(alt_usleep.o)
 .data          0x0000d4b4        0x0 ../p5_Temp_bsp/\libhal_bsp.a(altera_nios2_qsys_irq.o)
 .data          0x0000d4b4        0x0 ../p5_Temp_bsp/\libhal_bsp.a(alt_busy_sleep.o)
 .data          0x0000d4b4        0x0 ../p5_Temp_bsp/\libhal_bsp.a(alt_exception_entry.o)
 .data          0x0000d4b4        0x0 ../p5_Temp_bsp/\libhal_bsp.a(alt_find_file.o)
 .data          0x0000d4b4        0x0 ../p5_Temp_bsp/\libhal_bsp.a(alt_get_fd.o)
 .data          0x0000d4b4        0x0 ../p5_Temp_bsp/\libhal_bsp.a(alt_icache_flush.o)
 .data          0x0000d4b4        0x0 c:/altera/13.0sp1/nios2eds/bin/gnu/h-i686-mingw32/bin/../lib/gcc/nios2-elf/4.1.2/../../../../nios2-elf/lib\libc.a(lib_a-atexit.o)
 .data          0x0000d4b4        0x0 c:/altera/13.0sp1/nios2eds/bin/gnu/h-i686-mingw32/bin/../lib/gcc/nios2-elf/4.1.2/../../../../nios2-elf/lib\libc.a(lib_a-exit.o)
 .data          0x0000d4b4      0x400 c:/altera/13.0sp1/nios2eds/bin/gnu/h-i686-mingw32/bin/../lib/gcc/nios2-elf/4.1.2/../../../../nios2-elf/lib\libc.a(lib_a-impure.o)
 .data          0x0000d8b4        0x0 c:/altera/13.0sp1/nios2eds/bin/gnu/h-i686-mingw32/bin/../lib/gcc/nios2-elf/4.1.2/../../../../nios2-elf/lib\libc.a(lib_a-int_errno.o)
 .data          0x0000d8b4        0x0 c:/altera/13.0sp1/nios2eds/bin/gnu/h-i686-mingw32/bin/../lib/gcc/nios2-elf/4.1.2/../../../../nios2-elf/lib\libc.a(lib_a-memcmp.o)
 .data          0x0000d8b4        0x0 c:/altera/13.0sp1/nios2eds/bin/gnu/h-i686-mingw32/bin/../lib/gcc/nios2-elf/4.1.2/../../../../nios2-elf/lib\libc.a(lib_a-putc.o)
 .data          0x0000d8b4        0x0 c:/altera/13.0sp1/nios2eds/bin/gnu/h-i686-mingw32/bin/../lib/gcc/nios2-elf/4.1.2/../../../../nios2-elf/lib\libc.a(lib_a-strcmp.o)
 .data          0x0000d8b4        0x0 c:/altera/13.0sp1/nios2eds/bin/gnu/h-i686-mingw32/bin/../lib/gcc/nios2-elf/4.1.2/../../../../nios2-elf/lib\libc.a(lib_a-strlen.o)
 .data          0x0000d8b4        0x0 c:/altera/13.0sp1/nios2eds/bin/gnu/h-i686-mingw32/bin/../lib/gcc/nios2-elf/4.1.2/../../../../nios2-elf/lib\libc.a(lib_a-wbuf.o)
 .data          0x0000d8b4        0x0 c:/altera/13.0sp1/nios2eds/bin/gnu/h-i686-mingw32/bin/../lib/gcc/nios2-elf/4.1.2/../../../../nios2-elf/lib\libc.a(lib_a-wsetup.o)
 .data          0x0000d8b4        0x0 c:/altera/13.0sp1/nios2eds/bin/gnu/h-i686-mingw32/bin/../lib/gcc/nios2-elf/4.1.2/../../../../nios2-elf/lib\libc.a(lib_a-__atexit.o)
 .data          0x0000d8b4        0x0 c:/altera/13.0sp1/nios2eds/bin/gnu/h-i686-mingw32/bin/../lib/gcc/nios2-elf/4.1.2/../../../../nios2-elf/lib\libc.a(lib_a-__call_atexit.o)
 .data          0x0000d8b4        0x0 c:/altera/13.0sp1/nios2eds/bin/gnu/h-i686-mingw32/bin/../lib/gcc/nios2-elf/4.1.2/../../../../nios2-elf/lib\libc.a(lib_a-fflush.o)
 .data          0x0000d8b4        0x0 c:/altera/13.0sp1/nios2eds/bin/gnu/h-i686-mingw32/bin/../lib/gcc/nios2-elf/4.1.2/../../../../nios2-elf/lib\libc.a(lib_a-findfp.o)
 .data          0x0000d8b4        0x0 c:/altera/13.0sp1/nios2eds/bin/gnu/h-i686-mingw32/bin/../lib/gcc/nios2-elf/4.1.2/../../../../nios2-elf/lib\libc.a(lib_a-freer.o)
 .data          0x0000d8b4        0x0 c:/altera/13.0sp1/nios2eds/bin/gnu/h-i686-mingw32/bin/../lib/gcc/nios2-elf/4.1.2/../../../../nios2-elf/lib\libc.a(lib_a-fwalk.o)
 .data          0x0000d8b4        0x0 c:/altera/13.0sp1/nios2eds/bin/gnu/h-i686-mingw32/bin/../lib/gcc/nios2-elf/4.1.2/../../../../nios2-elf/lib\libc.a(lib_a-makebuf.o)
 .data          0x0000d8b4      0x408 c:/altera/13.0sp1/nios2eds/bin/gnu/h-i686-mingw32/bin/../lib/gcc/nios2-elf/4.1.2/../../../../nios2-elf/lib\libc.a(lib_a-mallocr.o)
                0x0000d8b4                __malloc_av_
 .data          0x0000dcbc        0x0 c:/altera/13.0sp1/nios2eds/bin/gnu/h-i686-mingw32/bin/../lib/gcc/nios2-elf/4.1.2/../../../../nios2-elf/lib\libc.a(lib_a-sbrkr.o)
 .data          0x0000dcbc        0x0 c:/altera/13.0sp1/nios2eds/bin/gnu/h-i686-mingw32/bin/../lib/gcc/nios2-elf/4.1.2/../../../../nios2-elf/lib\libc.a(lib_a-stdio.o)
 .data          0x0000dcbc        0x0 c:/altera/13.0sp1/nios2eds/bin/gnu/h-i686-mingw32/bin/../lib/gcc/nios2-elf/4.1.2/../../../../nios2-elf/lib\libc.a(lib_a-writer.o)
 .data          0x0000dcbc        0x0 c:/altera/13.0sp1/nios2eds/bin/gnu/h-i686-mingw32/bin/../lib/gcc/nios2-elf/4.1.2/../../../../nios2-elf/lib\libc.a(lib_a-closer.o)
 .data          0x0000dcbc        0x0 c:/altera/13.0sp1/nios2eds/bin/gnu/h-i686-mingw32/bin/../lib/gcc/nios2-elf/4.1.2/../../../../nios2-elf/lib\libc.a(lib_a-fclose.o)
 .data          0x0000dcbc        0x0 c:/altera/13.0sp1/nios2eds/bin/gnu/h-i686-mingw32/bin/../lib/gcc/nios2-elf/4.1.2/../../../../nios2-elf/lib\libc.a(lib_a-fstatr.o)
 .data          0x0000dcbc        0x0 c:/altera/13.0sp1/nios2eds/bin/gnu/h-i686-mingw32/bin/../lib/gcc/nios2-elf/4.1.2/../../../../nios2-elf/lib\libc.a(lib_a-isattyr.o)
 .data          0x0000dcbc        0x0 c:/altera/13.0sp1/nios2eds/bin/gnu/h-i686-mingw32/bin/../lib/gcc/nios2-elf/4.1.2/../../../../nios2-elf/lib\libc.a(lib_a-lseekr.o)
 .data          0x0000dcbc        0x0 c:/altera/13.0sp1/nios2eds/bin/gnu/h-i686-mingw32/bin/../lib/gcc/nios2-elf/4.1.2/../../../../nios2-elf/lib\libc.a(lib_a-readr.o)
 .data          0x0000dcbc        0x0 ../p5_Temp_bsp/\libhal_bsp.a(alt_exit.o)
 .data          0x0000dcbc        0x0 ../p5_Temp_bsp/\libhal_bsp.a(alt_fstat.o)
 .data          0x0000dcbc        0x0 ../p5_Temp_bsp/\libhal_bsp.a(alt_isatty.o)
 .data          0x0000dcbc        0x0 ../p5_Temp_bsp/\libhal_bsp.a(alt_lseek.o)
 .data          0x0000dcbc        0x0 ../p5_Temp_bsp/\libhal_bsp.a(alt_malloc_lock.o)
 .data          0x0000dcbc        0x0 ../p5_Temp_bsp/\libhal_bsp.a(alt_read.o)
 .data          0x0000dcbc        0x0 ../p5_Temp_bsp/\libhal_bsp.a(alt_sbrk.o)
 .data          0x0000dcbc        0x0 ../p5_Temp_bsp/\libhal_bsp.a(alt_write.o)
                0x00015cbc                _gp = ABSOLUTE ((. + 0x8000))
                0x00015cbc                PROVIDE (gp, _gp)
 *(.rwdata .rwdata.*)
 *(.sdata .sdata.* .gnu.linkonce.s.*)
 .sdata         0x0000dcbc        0x4 ../p5_Temp_bsp/\libhal_bsp.a(alt_irq_vars.o)
                0x0000dcbc                alt_priority_mask
 .sdata         0x0000dcc0       0x14 ../p5_Temp_bsp/\libhal_bsp.a(alt_dev.o)
                0x0000dcc0                alt_fs_list
                0x0000dcc8                alt_dev_list
                0x0000dcd0                alt_max_fd
 .sdata         0x0000dcd4        0x4 ../p5_Temp_bsp/\libhal_bsp.a(alt_errno.o)
                0x0000dcd4                alt_errno
 .sdata         0x0000dcd8        0x8 ../p5_Temp_bsp/\libhal_bsp.a(alt_tick.o)
                0x0000dcd8                alt_alarm_list
 .sdata         0x0000dce0        0x8 c:/altera/13.0sp1/nios2eds/bin/gnu/h-i686-mingw32/bin/../lib/gcc/nios2-elf/4.1.2/../../../../nios2-elf/lib\libc.a(lib_a-impure.o)
                0x0000dce0                _impure_ptr
                0x0000dce4                _global_impure_ptr
 .sdata         0x0000dce8        0x8 c:/altera/13.0sp1/nios2eds/bin/gnu/h-i686-mingw32/bin/../lib/gcc/nios2-elf/4.1.2/../../../../nios2-elf/lib\libc.a(lib_a-mallocr.o)
                0x0000dce8                __malloc_trim_threshold
                0x0000dcec                __malloc_sbrk_base
 .sdata         0x0000dcf0        0x4 ../p5_Temp_bsp/\libhal_bsp.a(alt_sbrk.o)
 *(.sdata2 .sdata2.* .gnu.linkonce.s2.*)
                0x0000dcf4                . = ALIGN (0x4)
                0x0000dcf4                _edata = ABSOLUTE (.)
                0x0000dcf4                PROVIDE (edata, ABSOLUTE (.))
                0x0000dcf4                PROVIDE (__ram_rwdata_end, ABSOLUTE (.))
                0x0000dcf4                PROVIDE (__flash_rwdata_start, LOADADDR (.rwdata))

.bss            0x0000fd70   0x7a1664
                0x0000fd70                __bss_start = ABSOLUTE (.)
                0x0000fd70                PROVIDE (__sbss_start, ABSOLUTE (.))
                0x0000fd70                PROVIDE (___sbss_start, ABSOLUTE (.))
 *(.dynsbss)
 *(.sbss .sbss.* .gnu.linkonce.sb.*)
 .sbss          0x0000fd70       0x38 obj/default/globals.o
                0x0000fd70                byte2
                0x0000fd71                byte3
                0x0000fd74                Play_Index
                0x0000fd78                byte1
                0x0000fd79                local_b2
                0x0000fd7a                local_b1
                0x0000fd7c                Echo_End
                0x0000fd80                Echo_complete
                0x0000fd84                Play_Flag
                0x0000fd88                Clear_Play_Plot
                0x0000fd8c                End_Record
                0x0000fd90                timeout
                0x0000fd94                count
                0x0000fd98                buf_index_play
                0x0000fd9c                local_b3
                0x0000fda0                buf_index_record
                0x0000fda4                Click_Echo
 .sbss          0x0000fda8       0x3c obj/default/media_interrupt_HAL.o
                0x0000fda8                Echo
                0x0000fdac                anita0
                0x0000fdb0                anita1
                0x0000fdb4                anita2
                0x0000fdb8                XoverFlow
                0x0000fdbc                MiddleBtn
                0x0000fdc0                index_Echo
                0x0000fdc4                nibble_TempY
                0x0000fdc8                nibble_TempX
                0x0000fdcc                RightBtn
                0x0000fdd0                Xsign
                0x0000fdd4                Temp_Sign
                0x0000fdd8                LeftBtn
                0x0000fddc                YoverFlow
                0x0000fde0                Ysign
 .sbss          0x0000fde4        0x4 ../p5_Temp_bsp/\libhal_bsp.a(alt_irq_vars.o)
                0x0000fde4                alt_irq_active
 .sbss          0x0000fde8        0xc ../p5_Temp_bsp/\libhal_bsp.a(alt_main.o)
                0x0000fde8                alt_argc
                0x0000fdec                alt_argv
                0x0000fdf0                alt_envp
 .sbss          0x0000fdf4        0x8 ../p5_Temp_bsp/\libhal_bsp.a(alt_tick.o)
                0x0000fdf4                _alt_tick_rate
                0x0000fdf8                _alt_nticks
 .sbss          0x0000fdfc        0x4 c:/altera/13.0sp1/nios2eds/bin/gnu/h-i686-mingw32/bin/../lib/gcc/nios2-elf/4.1.2/../../../../nios2-elf/lib\libc.a(lib_a-int_errno.o)
                0x0000fdfc                errno
 .sbss          0x0000fe00        0xc c:/altera/13.0sp1/nios2eds/bin/gnu/h-i686-mingw32/bin/../lib/gcc/nios2-elf/4.1.2/../../../../nios2-elf/lib\libc.a(lib_a-mallocr.o)
                0x0000fe00                __malloc_top_pad
                0x0000fe04                __malloc_max_sbrked_mem
                0x0000fe08                __malloc_max_total_mem
 *(.sbss2 .sbss2.* .gnu.linkonce.sb2.*)
 *(.scommon)
                0x0000fe0c                PROVIDE (__sbss_end, ABSOLUTE (.))
                0x0000fe0c                PROVIDE (___sbss_end, ABSOLUTE (.))
 *(.dynbss)
 *(.bss .bss.* .gnu.linkonce.b.*)
 .bss           0x0000fe0c        0x0 ../p5_Temp_bsp//obj/HAL/src/crt0.o
 .bss           0x0000fe0c        0x0 obj/default/PS2_ISR.o
 .bss           0x0000fe0c        0x0 obj/default/audio_ISR.o
 .bss           0x0000fe0c        0x0 obj/default/globals.o
 .bss           0x0000fe0c        0x0 obj/default/interval_timer_ISR.o
 .bss           0x0000fe0c        0x0 obj/default/media_interrupt_HAL.o
 .bss           0x0000fe0c        0x0 obj/default/pushbutton_ISR.o
 .bss           0x0000fe0c        0x0 c:/altera/13.0sp1/nios2eds/bin/gnu/h-i686-mingw32/bin/../lib/gcc/nios2-elf/4.1.2\libgcc.a(_muldi3.o)
 .bss           0x0000fe0c        0x0 c:/altera/13.0sp1/nios2eds/bin/gnu/h-i686-mingw32/bin/../lib/gcc/nios2-elf/4.1.2\libgcc.a(_divdi3.o)
 .bss           0x0000fe0c        0x0 c:/altera/13.0sp1/nios2eds/bin/gnu/h-i686-mingw32/bin/../lib/gcc/nios2-elf/4.1.2\libgcc.a(lib2-divmod.o)
 .bss           0x0000fe0c        0x0 c:/altera/13.0sp1/nios2eds/bin/gnu/h-i686-mingw32/bin/../lib/gcc/nios2-elf/4.1.2\libgcc.a(_clz.o)
 .bss           0x0000fe0c        0x0 c:/altera/13.0sp1/nios2eds/bin/gnu/h-i686-mingw32/bin/../lib/gcc/nios2-elf/4.1.2/../../../../nios2-elf/lib\libc.a(lib_a-memcpy.o)
 .bss           0x0000fe0c        0x0 c:/altera/13.0sp1/nios2eds/bin/gnu/h-i686-mingw32/bin/../lib/gcc/nios2-elf/4.1.2/../../../../nios2-elf/lib\libc.a(lib_a-memset.o)
 .bss           0x0000fe0c        0x0 ../p5_Temp_bsp/\libhal_bsp.a(alt_irq_register.o)
 .bss           0x0000fe0c        0x0 ../p5_Temp_bsp/\libhal_bsp.a(alt_irq_vars.o)
 .bss           0x0000fe0c        0x0 ../p5_Temp_bsp/\libhal_bsp.a(alt_load.o)
 .bss           0x0000fe0c        0x0 ../p5_Temp_bsp/\libhal_bsp.a(alt_main.o)
 .bss           0x0000fe0c        0x0 ../p5_Temp_bsp/\libhal_bsp.a(alt_printf.o)
 .bss           0x0000fe0c        0x0 ../p5_Temp_bsp/\libhal_bsp.a(alt_putchar.o)
 .bss           0x0000fe0c        0x0 ../p5_Temp_bsp/\libhal_bsp.a(alt_sys_init.o)
 .bss           0x0000fe0c        0x0 ../p5_Temp_bsp/\libhal_bsp.a(altera_avalon_jtag_uart_fd.o)
 .bss           0x0000fe0c        0x0 ../p5_Temp_bsp/\libhal_bsp.a(altera_avalon_jtag_uart_init.o)
 .bss           0x0000fe0c        0x0 ../p5_Temp_bsp/\libhal_bsp.a(altera_avalon_jtag_uart_ioctl.o)
 .bss           0x0000fe0c        0x0 ../p5_Temp_bsp/\libhal_bsp.a(altera_avalon_jtag_uart_read.o)
 .bss           0x0000fe0c        0x0 ../p5_Temp_bsp/\libhal_bsp.a(altera_avalon_jtag_uart_write.o)
 .bss           0x0000fe0c        0x0 ../p5_Temp_bsp/\libhal_bsp.a(altera_avalon_timer_sc.o)
 .bss           0x0000fe0c        0x0 ../p5_Temp_bsp/\libhal_bsp.a(altera_up_avalon_audio.o)
 .bss           0x0000fe0c        0x0 ../p5_Temp_bsp/\libhal_bsp.a(altera_up_avalon_character_lcd.o)
 .bss           0x0000fe0c        0x0 ../p5_Temp_bsp/\libhal_bsp.a(altera_up_avalon_ethernet.o)
 .bss           0x0000fe0c        0x0 ../p5_Temp_bsp/\libhal_bsp.a(altera_up_avalon_ethernet_low_level_driver.o)
 .bss           0x0000fe0c        0x0 ../p5_Temp_bsp/\libhal_bsp.a(altera_up_avalon_irda.o)
 .bss           0x0000fe0c        0x0 ../p5_Temp_bsp/\libhal_bsp.a(altera_up_avalon_parallel_port.o)
 .bss           0x0000fe0c        0x0 ../p5_Temp_bsp/\libhal_bsp.a(altera_up_avalon_ps2.o)
 .bss           0x0000fe0c        0x0 ../p5_Temp_bsp/\libhal_bsp.a(altera_up_avalon_rs232.o)
 .bss           0x0000fe0c        0x0 ../p5_Temp_bsp/\libhal_bsp.a(altera_up_avalon_video_character_buffer_with_dma.o)
 .bss           0x0000fe0c        0x0 ../p5_Temp_bsp/\libhal_bsp.a(altera_up_avalon_video_pixel_buffer_dma.o)
 .bss           0x0000fe0c        0x0 ../p5_Temp_bsp/\libhal_bsp.a(alt_alarm_start.o)
 .bss           0x0000fe0c        0x0 ../p5_Temp_bsp/\libhal_bsp.a(alt_close.o)
 .bss           0x0000fe0c        0x0 ../p5_Temp_bsp/\libhal_bsp.a(alt_dcache_flush_all.o)
 .bss           0x0000fe0c        0x0 ../p5_Temp_bsp/\libhal_bsp.a(alt_dev.o)
 .bss           0x0000fe0c        0x0 ../p5_Temp_bsp/\libhal_bsp.a(alt_dev_llist_insert.o)
 .bss           0x0000fe0c        0x0 ../p5_Temp_bsp/\libhal_bsp.a(alt_do_ctors.o)
 .bss           0x0000fe0c        0x0 ../p5_Temp_bsp/\libhal_bsp.a(alt_do_dtors.o)
 .bss           0x0000fe0c        0x0 ../p5_Temp_bsp/\libhal_bsp.a(alt_errno.o)
 .bss           0x0000fe0c        0x0 ../p5_Temp_bsp/\libhal_bsp.a(alt_find_dev.o)
 .bss           0x0000fe0c        0x0 ../p5_Temp_bsp/\libhal_bsp.a(alt_icache_flush_all.o)
 .bss           0x0000fe0c        0x0 ../p5_Temp_bsp/\libhal_bsp.a(alt_io_redirect.o)
 .bss           0x0000fe0c        0x0 ../p5_Temp_bsp/\libhal_bsp.a(alt_irq_entry.o)
 .bss           0x0000fe0c        0x0 ../p5_Temp_bsp/\libhal_bsp.a(alt_irq_handler.o)
 .bss           0x0000fe0c        0x0 ../p5_Temp_bsp/\libhal_bsp.a(alt_open.o)
 .bss           0x0000fe0c        0x0 ../p5_Temp_bsp/\libhal_bsp.a(alt_release_fd.o)
 .bss           0x0000fe0c        0x0 ../p5_Temp_bsp/\libhal_bsp.a(alt_tick.o)
 .bss           0x0000fe0c        0x0 ../p5_Temp_bsp/\libhal_bsp.a(alt_usleep.o)
 .bss           0x0000fe0c        0x0 ../p5_Temp_bsp/\libhal_bsp.a(altera_nios2_qsys_irq.o)
 .bss           0x0000fe0c        0x0 ../p5_Temp_bsp/\libhal_bsp.a(alt_busy_sleep.o)
 .bss           0x0000fe0c        0x0 ../p5_Temp_bsp/\libhal_bsp.a(alt_exception_entry.o)
 .bss           0x0000fe0c        0x0 ../p5_Temp_bsp/\libhal_bsp.a(alt_find_file.o)
 .bss           0x0000fe0c        0x0 ../p5_Temp_bsp/\libhal_bsp.a(alt_get_fd.o)
 .bss           0x0000fe0c        0x0 ../p5_Temp_bsp/\libhal_bsp.a(alt_icache_flush.o)
 .bss           0x0000fe0c        0x0 c:/altera/13.0sp1/nios2eds/bin/gnu/h-i686-mingw32/bin/../lib/gcc/nios2-elf/4.1.2/../../../../nios2-elf/lib\libc.a(lib_a-atexit.o)
 .bss           0x0000fe0c        0x0 c:/altera/13.0sp1/nios2eds/bin/gnu/h-i686-mingw32/bin/../lib/gcc/nios2-elf/4.1.2/../../../../nios2-elf/lib\libc.a(lib_a-exit.o)
 .bss           0x0000fe0c        0x0 c:/altera/13.0sp1/nios2eds/bin/gnu/h-i686-mingw32/bin/../lib/gcc/nios2-elf/4.1.2/../../../../nios2-elf/lib\libc.a(lib_a-impure.o)
 .bss           0x0000fe0c        0x0 c:/altera/13.0sp1/nios2eds/bin/gnu/h-i686-mingw32/bin/../lib/gcc/nios2-elf/4.1.2/../../../../nios2-elf/lib\libc.a(lib_a-int_errno.o)
 .bss           0x0000fe0c        0x0 c:/altera/13.0sp1/nios2eds/bin/gnu/h-i686-mingw32/bin/../lib/gcc/nios2-elf/4.1.2/../../../../nios2-elf/lib\libc.a(lib_a-memcmp.o)
 .bss           0x0000fe0c        0x0 c:/altera/13.0sp1/nios2eds/bin/gnu/h-i686-mingw32/bin/../lib/gcc/nios2-elf/4.1.2/../../../../nios2-elf/lib\libc.a(lib_a-putc.o)
 .bss           0x0000fe0c        0x0 c:/altera/13.0sp1/nios2eds/bin/gnu/h-i686-mingw32/bin/../lib/gcc/nios2-elf/4.1.2/../../../../nios2-elf/lib\libc.a(lib_a-strcmp.o)
 .bss           0x0000fe0c        0x0 c:/altera/13.0sp1/nios2eds/bin/gnu/h-i686-mingw32/bin/../lib/gcc/nios2-elf/4.1.2/../../../../nios2-elf/lib\libc.a(lib_a-strlen.o)
 .bss           0x0000fe0c        0x0 c:/altera/13.0sp1/nios2eds/bin/gnu/h-i686-mingw32/bin/../lib/gcc/nios2-elf/4.1.2/../../../../nios2-elf/lib\libc.a(lib_a-wbuf.o)
 .bss           0x0000fe0c        0x0 c:/altera/13.0sp1/nios2eds/bin/gnu/h-i686-mingw32/bin/../lib/gcc/nios2-elf/4.1.2/../../../../nios2-elf/lib\libc.a(lib_a-wsetup.o)
 .bss           0x0000fe0c        0x0 c:/altera/13.0sp1/nios2eds/bin/gnu/h-i686-mingw32/bin/../lib/gcc/nios2-elf/4.1.2/../../../../nios2-elf/lib\libc.a(lib_a-__atexit.o)
 .bss           0x0000fe0c        0x0 c:/altera/13.0sp1/nios2eds/bin/gnu/h-i686-mingw32/bin/../lib/gcc/nios2-elf/4.1.2/../../../../nios2-elf/lib\libc.a(lib_a-__call_atexit.o)
 .bss           0x0000fe0c        0x0 c:/altera/13.0sp1/nios2eds/bin/gnu/h-i686-mingw32/bin/../lib/gcc/nios2-elf/4.1.2/../../../../nios2-elf/lib\libc.a(lib_a-fflush.o)
 .bss           0x0000fe0c        0x0 c:/altera/13.0sp1/nios2eds/bin/gnu/h-i686-mingw32/bin/../lib/gcc/nios2-elf/4.1.2/../../../../nios2-elf/lib\libc.a(lib_a-findfp.o)
 .bss           0x0000fe0c        0x0 c:/altera/13.0sp1/nios2eds/bin/gnu/h-i686-mingw32/bin/../lib/gcc/nios2-elf/4.1.2/../../../../nios2-elf/lib\libc.a(lib_a-freer.o)
 .bss           0x0000fe0c        0x0 c:/altera/13.0sp1/nios2eds/bin/gnu/h-i686-mingw32/bin/../lib/gcc/nios2-elf/4.1.2/../../../../nios2-elf/lib\libc.a(lib_a-fwalk.o)
 .bss           0x0000fe0c        0x0 c:/altera/13.0sp1/nios2eds/bin/gnu/h-i686-mingw32/bin/../lib/gcc/nios2-elf/4.1.2/../../../../nios2-elf/lib\libc.a(lib_a-makebuf.o)
 .bss           0x0000fe0c       0x28 c:/altera/13.0sp1/nios2eds/bin/gnu/h-i686-mingw32/bin/../lib/gcc/nios2-elf/4.1.2/../../../../nios2-elf/lib\libc.a(lib_a-mallocr.o)
                0x0000fe0c                __malloc_current_mallinfo
 .bss           0x0000fe34        0x0 c:/altera/13.0sp1/nios2eds/bin/gnu/h-i686-mingw32/bin/../lib/gcc/nios2-elf/4.1.2/../../../../nios2-elf/lib\libc.a(lib_a-sbrkr.o)
 .bss           0x0000fe34        0x0 c:/altera/13.0sp1/nios2eds/bin/gnu/h-i686-mingw32/bin/../lib/gcc/nios2-elf/4.1.2/../../../../nios2-elf/lib\libc.a(lib_a-stdio.o)
 .bss           0x0000fe34        0x0 c:/altera/13.0sp1/nios2eds/bin/gnu/h-i686-mingw32/bin/../lib/gcc/nios2-elf/4.1.2/../../../../nios2-elf/lib\libc.a(lib_a-writer.o)
 .bss           0x0000fe34        0x0 c:/altera/13.0sp1/nios2eds/bin/gnu/h-i686-mingw32/bin/../lib/gcc/nios2-elf/4.1.2/../../../../nios2-elf/lib\libc.a(lib_a-closer.o)
 .bss           0x0000fe34        0x0 c:/altera/13.0sp1/nios2eds/bin/gnu/h-i686-mingw32/bin/../lib/gcc/nios2-elf/4.1.2/../../../../nios2-elf/lib\libc.a(lib_a-fclose.o)
 .bss           0x0000fe34        0x0 c:/altera/13.0sp1/nios2eds/bin/gnu/h-i686-mingw32/bin/../lib/gcc/nios2-elf/4.1.2/../../../../nios2-elf/lib\libc.a(lib_a-fstatr.o)
 .bss           0x0000fe34        0x0 c:/altera/13.0sp1/nios2eds/bin/gnu/h-i686-mingw32/bin/../lib/gcc/nios2-elf/4.1.2/../../../../nios2-elf/lib\libc.a(lib_a-isattyr.o)
 .bss           0x0000fe34        0x0 c:/altera/13.0sp1/nios2eds/bin/gnu/h-i686-mingw32/bin/../lib/gcc/nios2-elf/4.1.2/../../../../nios2-elf/lib\libc.a(lib_a-lseekr.o)
 .bss           0x0000fe34        0x0 c:/altera/13.0sp1/nios2eds/bin/gnu/h-i686-mingw32/bin/../lib/gcc/nios2-elf/4.1.2/../../../../nios2-elf/lib\libc.a(lib_a-readr.o)
 .bss           0x0000fe34        0x0 ../p5_Temp_bsp/\libhal_bsp.a(alt_exit.o)
 .bss           0x0000fe34        0x0 ../p5_Temp_bsp/\libhal_bsp.a(alt_fstat.o)
 .bss           0x0000fe34        0x0 ../p5_Temp_bsp/\libhal_bsp.a(alt_isatty.o)
 .bss           0x0000fe34        0x0 ../p5_Temp_bsp/\libhal_bsp.a(alt_lseek.o)
 .bss           0x0000fe34        0x0 ../p5_Temp_bsp/\libhal_bsp.a(alt_malloc_lock.o)
 .bss           0x0000fe34        0x0 ../p5_Temp_bsp/\libhal_bsp.a(alt_read.o)
 .bss           0x0000fe34        0x0 ../p5_Temp_bsp/\libhal_bsp.a(alt_sbrk.o)
 .bss           0x0000fe34        0x0 ../p5_Temp_bsp/\libhal_bsp.a(alt_write.o)
 *(COMMON)
 COMMON         0x0000fe34   0x7a1220 obj/default/globals.o
                0x0000fe34                up_dev
                0x0000fe54                Echo_buf_l
                0x001f82d4                r_buf
                0x003e0754                Echo_buf_r
                0x005c8bd4                l_buf
 COMMON         0x007b1054       0xf0 obj/default/media_interrupt_HAL.o
                0x007b1054                Average
 COMMON         0x007b1144      0x100 ../p5_Temp_bsp/\libhal_bsp.a(alt_irq_handler.o)
                0x007b1144                alt_irq
 COMMON         0x007b1244      0x190 c:/altera/13.0sp1/nios2eds/bin/gnu/h-i686-mingw32/bin/../lib/gcc/nios2-elf/4.1.2/../../../../nios2-elf/lib\libc.a(lib_a-atexit.o)
                0x007b1244                _atexit0
                0x007b13d4                . = ALIGN (0x4)
                0x007b13d4                __bss_end = ABSOLUTE (.)

.SDRAM          0x007b13d4        0x0
                0x007b13d4                PROVIDE (_alt_partition_SDRAM_start, ABSOLUTE (.))
 *(.SDRAM. SDRAM.*)
                0x007b13d4                . = ALIGN (0x4)
                0x007b13d4                PROVIDE (_alt_partition_SDRAM_end, ABSOLUTE (.))
                0x007b13d4                _end = ABSOLUTE (.)
                0x007b13d4                end = ABSOLUTE (.)
                0x007b13d4                __alt_stack_base = ABSOLUTE (.)
                0x007b13d4                PROVIDE (_alt_partition_SDRAM_load_addr, LOADADDR (.SDRAM))

.Flash_flash_data
                0x0c000000        0x0 load address 0x007b13d4
                0x0c000000                PROVIDE (_alt_partition_Flash_flash_data_start, ABSOLUTE (.))
 *(.Flash_flash_data. Flash_flash_data.*)
                0x0c000000                . = ALIGN (0x4)
                0x0c000000                PROVIDE (_alt_partition_Flash_flash_data_end, ABSOLUTE (.))
                0x007b13d4                PROVIDE (_alt_partition_Flash_flash_data_load_addr, LOADADDR (.Flash_flash_data))

.stab
 *(.stab)

.stabstr
 *(.stabstr)

.stab.excl
 *(.stab.excl)

.stab.exclstr
 *(.stab.exclstr)

.stab.index
 *(.stab.index)

.stab.indexstr
 *(.stab.indexstr)

.comment        0x00000000       0x26
 *(.comment)
 .comment       0x00000000       0x26 obj/default/PS2_ISR.o
                                 0x27 (size before relaxing)
 .comment       0x00000000       0x27 obj/default/audio_ISR.o
 .comment       0x00000000       0x27 obj/default/globals.o
 .comment       0x00000000       0x27 obj/default/interval_timer_ISR.o
 .comment       0x00000000       0x27 obj/default/media_interrupt_HAL.o
 .comment       0x00000000       0x27 obj/default/pushbutton_ISR.o
 .comment       0x00000000       0x27 c:/altera/13.0sp1/nios2eds/bin/gnu/h-i686-mingw32/bin/../lib/gcc/nios2-elf/4.1.2\libgcc.a(_muldi3.o)
 .comment       0x00000000       0x27 c:/altera/13.0sp1/nios2eds/bin/gnu/h-i686-mingw32/bin/../lib/gcc/nios2-elf/4.1.2\libgcc.a(_divdi3.o)
 .comment       0x00000000       0x27 c:/altera/13.0sp1/nios2eds/bin/gnu/h-i686-mingw32/bin/../lib/gcc/nios2-elf/4.1.2\libgcc.a(lib2-divmod.o)
 .comment       0x00000000       0x27 c:/altera/13.0sp1/nios2eds/bin/gnu/h-i686-mingw32/bin/../lib/gcc/nios2-elf/4.1.2\libgcc.a(_clz.o)
 .comment       0x00000000       0x27 c:/altera/13.0sp1/nios2eds/bin/gnu/h-i686-mingw32/bin/../lib/gcc/nios2-elf/4.1.2/../../../../nios2-elf/lib\libc.a(lib_a-memcpy.o)
 .comment       0x00000000       0x27 c:/altera/13.0sp1/nios2eds/bin/gnu/h-i686-mingw32/bin/../lib/gcc/nios2-elf/4.1.2/../../../../nios2-elf/lib\libc.a(lib_a-memset.o)
 .comment       0x00000000       0x27 ../p5_Temp_bsp/\libhal_bsp.a(alt_irq_register.o)
 .comment       0x00000000       0x27 ../p5_Temp_bsp/\libhal_bsp.a(alt_irq_vars.o)
 .comment       0x00000000       0x27 ../p5_Temp_bsp/\libhal_bsp.a(alt_load.o)
 .comment       0x00000000       0x27 ../p5_Temp_bsp/\libhal_bsp.a(alt_main.o)
 .comment       0x00000000       0x27 ../p5_Temp_bsp/\libhal_bsp.a(alt_printf.o)
 .comment       0x00000000       0x27 ../p5_Temp_bsp/\libhal_bsp.a(alt_putchar.o)
 .comment       0x00000000       0x27 ../p5_Temp_bsp/\libhal_bsp.a(alt_sys_init.o)
 .comment       0x00000000       0x27 ../p5_Temp_bsp/\libhal_bsp.a(altera_avalon_jtag_uart_fd.o)
 .comment       0x00000000       0x27 ../p5_Temp_bsp/\libhal_bsp.a(altera_avalon_jtag_uart_init.o)
 .comment       0x00000000       0x27 ../p5_Temp_bsp/\libhal_bsp.a(altera_avalon_jtag_uart_ioctl.o)
 .comment       0x00000000       0x27 ../p5_Temp_bsp/\libhal_bsp.a(altera_avalon_jtag_uart_read.o)
 .comment       0x00000000       0x27 ../p5_Temp_bsp/\libhal_bsp.a(altera_avalon_jtag_uart_write.o)
 .comment       0x00000000       0x27 ../p5_Temp_bsp/\libhal_bsp.a(altera_avalon_timer_sc.o)
 .comment       0x00000000       0x27 ../p5_Temp_bsp/\libhal_bsp.a(altera_up_avalon_audio.o)
 .comment       0x00000000       0x27 ../p5_Temp_bsp/\libhal_bsp.a(altera_up_avalon_character_lcd.o)
 .comment       0x00000000       0x27 ../p5_Temp_bsp/\libhal_bsp.a(altera_up_avalon_ethernet.o)
 .comment       0x00000000       0x27 ../p5_Temp_bsp/\libhal_bsp.a(altera_up_avalon_ethernet_low_level_driver.o)
 .comment       0x00000000       0x27 ../p5_Temp_bsp/\libhal_bsp.a(altera_up_avalon_irda.o)
 .comment       0x00000000       0x27 ../p5_Temp_bsp/\libhal_bsp.a(altera_up_avalon_parallel_port.o)
 .comment       0x00000000       0x27 ../p5_Temp_bsp/\libhal_bsp.a(altera_up_avalon_ps2.o)
 .comment       0x00000000       0x27 ../p5_Temp_bsp/\libhal_bsp.a(altera_up_avalon_rs232.o)
 .comment       0x00000000       0x27 ../p5_Temp_bsp/\libhal_bsp.a(altera_up_avalon_video_character_buffer_with_dma.o)
 .comment       0x00000000       0x27 ../p5_Temp_bsp/\libhal_bsp.a(altera_up_avalon_video_pixel_buffer_dma.o)
 .comment       0x00000000       0x27 ../p5_Temp_bsp/\libhal_bsp.a(alt_alarm_start.o)
 .comment       0x00000000       0x27 ../p5_Temp_bsp/\libhal_bsp.a(alt_close.o)
 .comment       0x00000000       0x27 ../p5_Temp_bsp/\libhal_bsp.a(alt_dcache_flush_all.o)
 .comment       0x00000000       0x27 ../p5_Temp_bsp/\libhal_bsp.a(alt_dev.o)
 .comment       0x00000000       0x27 ../p5_Temp_bsp/\libhal_bsp.a(alt_dev_llist_insert.o)
 .comment       0x00000000       0x27 ../p5_Temp_bsp/\libhal_bsp.a(alt_do_ctors.o)
 .comment       0x00000000       0x27 ../p5_Temp_bsp/\libhal_bsp.a(alt_do_dtors.o)
 .comment       0x00000000       0x27 ../p5_Temp_bsp/\libhal_bsp.a(alt_errno.o)
 .comment       0x00000000       0x27 ../p5_Temp_bsp/\libhal_bsp.a(alt_find_dev.o)
 .comment       0x00000000       0x27 ../p5_Temp_bsp/\libhal_bsp.a(alt_icache_flush_all.o)
 .comment       0x00000000       0x27 ../p5_Temp_bsp/\libhal_bsp.a(alt_io_redirect.o)
 .comment       0x00000000       0x27 ../p5_Temp_bsp/\libhal_bsp.a(alt_irq_handler.o)
 .comment       0x00000000       0x27 ../p5_Temp_bsp/\libhal_bsp.a(alt_open.o)
 .comment       0x00000000       0x27 ../p5_Temp_bsp/\libhal_bsp.a(alt_release_fd.o)
 .comment       0x00000000       0x27 ../p5_Temp_bsp/\libhal_bsp.a(alt_tick.o)
 .comment       0x00000000       0x27 ../p5_Temp_bsp/\libhal_bsp.a(alt_usleep.o)
 .comment       0x00000000       0x27 ../p5_Temp_bsp/\libhal_bsp.a(altera_nios2_qsys_irq.o)
 .comment       0x00000000       0x27 ../p5_Temp_bsp/\libhal_bsp.a(alt_busy_sleep.o)
 .comment       0x00000000       0x27 ../p5_Temp_bsp/\libhal_bsp.a(alt_find_file.o)
 .comment       0x00000000       0x27 ../p5_Temp_bsp/\libhal_bsp.a(alt_get_fd.o)
 .comment       0x00000000       0x27 ../p5_Temp_bsp/\libhal_bsp.a(alt_icache_flush.o)
 .comment       0x00000000       0x27 c:/altera/13.0sp1/nios2eds/bin/gnu/h-i686-mingw32/bin/../lib/gcc/nios2-elf/4.1.2/../../../../nios2-elf/lib\libc.a(lib_a-atexit.o)
 .comment       0x00000000       0x27 c:/altera/13.0sp1/nios2eds/bin/gnu/h-i686-mingw32/bin/../lib/gcc/nios2-elf/4.1.2/../../../../nios2-elf/lib\libc.a(lib_a-exit.o)
 .comment       0x00000000       0x27 c:/altera/13.0sp1/nios2eds/bin/gnu/h-i686-mingw32/bin/../lib/gcc/nios2-elf/4.1.2/../../../../nios2-elf/lib\libc.a(lib_a-impure.o)
 .comment       0x00000000       0x27 c:/altera/13.0sp1/nios2eds/bin/gnu/h-i686-mingw32/bin/../lib/gcc/nios2-elf/4.1.2/../../../../nios2-elf/lib\libc.a(lib_a-int_errno.o)
 .comment       0x00000000       0x27 c:/altera/13.0sp1/nios2eds/bin/gnu/h-i686-mingw32/bin/../lib/gcc/nios2-elf/4.1.2/../../../../nios2-elf/lib\libc.a(lib_a-memcmp.o)
 .comment       0x00000000       0x27 c:/altera/13.0sp1/nios2eds/bin/gnu/h-i686-mingw32/bin/../lib/gcc/nios2-elf/4.1.2/../../../../nios2-elf/lib\libc.a(lib_a-putc.o)
 .comment       0x00000000       0x27 c:/altera/13.0sp1/nios2eds/bin/gnu/h-i686-mingw32/bin/../lib/gcc/nios2-elf/4.1.2/../../../../nios2-elf/lib\libc.a(lib_a-strcmp.o)
 .comment       0x00000000       0x27 c:/altera/13.0sp1/nios2eds/bin/gnu/h-i686-mingw32/bin/../lib/gcc/nios2-elf/4.1.2/../../../../nios2-elf/lib\libc.a(lib_a-strlen.o)
 .comment       0x00000000       0x27 c:/altera/13.0sp1/nios2eds/bin/gnu/h-i686-mingw32/bin/../lib/gcc/nios2-elf/4.1.2/../../../../nios2-elf/lib\libc.a(lib_a-wbuf.o)
 .comment       0x00000000       0x27 c:/altera/13.0sp1/nios2eds/bin/gnu/h-i686-mingw32/bin/../lib/gcc/nios2-elf/4.1.2/../../../../nios2-elf/lib\libc.a(lib_a-wsetup.o)
 .comment       0x00000000       0x27 c:/altera/13.0sp1/nios2eds/bin/gnu/h-i686-mingw32/bin/../lib/gcc/nios2-elf/4.1.2/../../../../nios2-elf/lib\libc.a(lib_a-__atexit.o)
 .comment       0x00000000       0x27 c:/altera/13.0sp1/nios2eds/bin/gnu/h-i686-mingw32/bin/../lib/gcc/nios2-elf/4.1.2/../../../../nios2-elf/lib\libc.a(lib_a-__call_atexit.o)
 .comment       0x00000000       0x27 c:/altera/13.0sp1/nios2eds/bin/gnu/h-i686-mingw32/bin/../lib/gcc/nios2-elf/4.1.2/../../../../nios2-elf/lib\libc.a(lib_a-fflush.o)
 .comment       0x00000000       0x27 c:/altera/13.0sp1/nios2eds/bin/gnu/h-i686-mingw32/bin/../lib/gcc/nios2-elf/4.1.2/../../../../nios2-elf/lib\libc.a(lib_a-findfp.o)
 .comment       0x00000000       0x27 c:/altera/13.0sp1/nios2eds/bin/gnu/h-i686-mingw32/bin/../lib/gcc/nios2-elf/4.1.2/../../../../nios2-elf/lib\libc.a(lib_a-freer.o)
 .comment       0x00000000       0x27 c:/altera/13.0sp1/nios2eds/bin/gnu/h-i686-mingw32/bin/../lib/gcc/nios2-elf/4.1.2/../../../../nios2-elf/lib\libc.a(lib_a-fwalk.o)
 .comment       0x00000000       0x27 c:/altera/13.0sp1/nios2eds/bin/gnu/h-i686-mingw32/bin/../lib/gcc/nios2-elf/4.1.2/../../../../nios2-elf/lib\libc.a(lib_a-makebuf.o)
 .comment       0x00000000       0x27 c:/altera/13.0sp1/nios2eds/bin/gnu/h-i686-mingw32/bin/../lib/gcc/nios2-elf/4.1.2/../../../../nios2-elf/lib\libc.a(lib_a-mallocr.o)
 .comment       0x00000000       0x27 c:/altera/13.0sp1/nios2eds/bin/gnu/h-i686-mingw32/bin/../lib/gcc/nios2-elf/4.1.2/../../../../nios2-elf/lib\libc.a(lib_a-sbrkr.o)
 .comment       0x00000000       0x27 c:/altera/13.0sp1/nios2eds/bin/gnu/h-i686-mingw32/bin/../lib/gcc/nios2-elf/4.1.2/../../../../nios2-elf/lib\libc.a(lib_a-stdio.o)
 .comment       0x00000000       0x27 c:/altera/13.0sp1/nios2eds/bin/gnu/h-i686-mingw32/bin/../lib/gcc/nios2-elf/4.1.2/../../../../nios2-elf/lib\libc.a(lib_a-writer.o)
 .comment       0x00000000       0x27 c:/altera/13.0sp1/nios2eds/bin/gnu/h-i686-mingw32/bin/../lib/gcc/nios2-elf/4.1.2/../../../../nios2-elf/lib\libc.a(lib_a-closer.o)
 .comment       0x00000000       0x27 c:/altera/13.0sp1/nios2eds/bin/gnu/h-i686-mingw32/bin/../lib/gcc/nios2-elf/4.1.2/../../../../nios2-elf/lib\libc.a(lib_a-fclose.o)
 .comment       0x00000000       0x27 c:/altera/13.0sp1/nios2eds/bin/gnu/h-i686-mingw32/bin/../lib/gcc/nios2-elf/4.1.2/../../../../nios2-elf/lib\libc.a(lib_a-fstatr.o)
 .comment       0x00000000       0x27 c:/altera/13.0sp1/nios2eds/bin/gnu/h-i686-mingw32/bin/../lib/gcc/nios2-elf/4.1.2/../../../../nios2-elf/lib\libc.a(lib_a-isattyr.o)
 .comment       0x00000000       0x27 c:/altera/13.0sp1/nios2eds/bin/gnu/h-i686-mingw32/bin/../lib/gcc/nios2-elf/4.1.2/../../../../nios2-elf/lib\libc.a(lib_a-lseekr.o)
 .comment       0x00000000       0x27 c:/altera/13.0sp1/nios2eds/bin/gnu/h-i686-mingw32/bin/../lib/gcc/nios2-elf/4.1.2/../../../../nios2-elf/lib\libc.a(lib_a-readr.o)
 .comment       0x00000000       0x27 ../p5_Temp_bsp/\libhal_bsp.a(alt_exit.o)
 .comment       0x00000000       0x27 ../p5_Temp_bsp/\libhal_bsp.a(alt_fstat.o)
 .comment       0x00000000       0x27 ../p5_Temp_bsp/\libhal_bsp.a(alt_isatty.o)
 .comment       0x00000000       0x27 ../p5_Temp_bsp/\libhal_bsp.a(alt_lseek.o)
 .comment       0x00000000       0x27 ../p5_Temp_bsp/\libhal_bsp.a(alt_malloc_lock.o)
 .comment       0x00000000       0x27 ../p5_Temp_bsp/\libhal_bsp.a(alt_read.o)
 .comment       0x00000000       0x27 ../p5_Temp_bsp/\libhal_bsp.a(alt_sbrk.o)
 .comment       0x00000000       0x27 ../p5_Temp_bsp/\libhal_bsp.a(alt_write.o)

.debug
 *(.debug)

.line
 *(.line)

.debug_srcinfo
 *(.debug_srcinfo)

.debug_sfnames
 *(.debug_sfnames)

.debug_aranges  0x00000000      0xb38
 *(.debug_aranges)
 .debug_aranges
                0x00000000       0x28 ../p5_Temp_bsp//obj/HAL/src/crt0.o
 .debug_aranges
                0x00000028       0x20 obj/default/PS2_ISR.o
 .debug_aranges
                0x00000048       0x20 obj/default/audio_ISR.o
 .debug_aranges
                0x00000068       0x20 obj/default/interval_timer_ISR.o
 .debug_aranges
                0x00000088       0x20 obj/default/media_interrupt_HAL.o
 .debug_aranges
                0x000000a8       0x20 obj/default/pushbutton_ISR.o
 .debug_aranges
                0x000000c8       0x20 c:/altera/13.0sp1/nios2eds/bin/gnu/h-i686-mingw32/bin/../lib/gcc/nios2-elf/4.1.2\libgcc.a(_muldi3.o)
 .debug_aranges
                0x000000e8       0x20 c:/altera/13.0sp1/nios2eds/bin/gnu/h-i686-mingw32/bin/../lib/gcc/nios2-elf/4.1.2\libgcc.a(_divdi3.o)
 .debug_aranges
                0x00000108       0x20 c:/altera/13.0sp1/nios2eds/bin/gnu/h-i686-mingw32/bin/../lib/gcc/nios2-elf/4.1.2\libgcc.a(lib2-divmod.o)
 .debug_aranges
                0x00000128       0x20 c:/altera/13.0sp1/nios2eds/bin/gnu/h-i686-mingw32/bin/../lib/gcc/nios2-elf/4.1.2/../../../../nios2-elf/lib\libc.a(lib_a-memcpy.o)
 .debug_aranges
                0x00000148       0x20 c:/altera/13.0sp1/nios2eds/bin/gnu/h-i686-mingw32/bin/../lib/gcc/nios2-elf/4.1.2/../../../../nios2-elf/lib\libc.a(lib_a-memset.o)
 .debug_aranges
                0x00000168       0x20 ../p5_Temp_bsp/\libhal_bsp.a(alt_irq_register.o)
 .debug_aranges
                0x00000188       0x20 ../p5_Temp_bsp/\libhal_bsp.a(alt_load.o)
 .debug_aranges
                0x000001a8       0x20 ../p5_Temp_bsp/\libhal_bsp.a(alt_main.o)
 .debug_aranges
                0x000001c8       0x20 ../p5_Temp_bsp/\libhal_bsp.a(alt_printf.o)
 .debug_aranges
                0x000001e8       0x20 ../p5_Temp_bsp/\libhal_bsp.a(alt_putchar.o)
 .debug_aranges
                0x00000208       0x20 ../p5_Temp_bsp/\libhal_bsp.a(alt_sys_init.o)
 .debug_aranges
                0x00000228       0x20 ../p5_Temp_bsp/\libhal_bsp.a(altera_avalon_jtag_uart_fd.o)
 .debug_aranges
                0x00000248       0x20 ../p5_Temp_bsp/\libhal_bsp.a(altera_avalon_jtag_uart_init.o)
 .debug_aranges
                0x00000268       0x20 ../p5_Temp_bsp/\libhal_bsp.a(altera_avalon_jtag_uart_ioctl.o)
 .debug_aranges
                0x00000288       0x20 ../p5_Temp_bsp/\libhal_bsp.a(altera_avalon_jtag_uart_read.o)
 .debug_aranges
                0x000002a8       0x20 ../p5_Temp_bsp/\libhal_bsp.a(altera_avalon_jtag_uart_write.o)
 .debug_aranges
                0x000002c8       0x20 ../p5_Temp_bsp/\libhal_bsp.a(altera_avalon_timer_sc.o)
 .debug_aranges
                0x000002e8       0x20 ../p5_Temp_bsp/\libhal_bsp.a(altera_up_avalon_audio.o)
 .debug_aranges
                0x00000308       0x20 ../p5_Temp_bsp/\libhal_bsp.a(altera_up_avalon_character_lcd.o)
 .debug_aranges
                0x00000328       0x20 ../p5_Temp_bsp/\libhal_bsp.a(altera_up_avalon_ethernet.o)
 .debug_aranges
                0x00000348       0x20 ../p5_Temp_bsp/\libhal_bsp.a(altera_up_avalon_ethernet_low_level_driver.o)
 .debug_aranges
                0x00000368       0x20 ../p5_Temp_bsp/\libhal_bsp.a(altera_up_avalon_irda.o)
 .debug_aranges
                0x00000388       0x20 ../p5_Temp_bsp/\libhal_bsp.a(altera_up_avalon_parallel_port.o)
 .debug_aranges
                0x000003a8       0x20 ../p5_Temp_bsp/\libhal_bsp.a(altera_up_avalon_ps2.o)
 .debug_aranges
                0x000003c8       0x20 ../p5_Temp_bsp/\libhal_bsp.a(altera_up_avalon_rs232.o)
 .debug_aranges
                0x000003e8       0x20 ../p5_Temp_bsp/\libhal_bsp.a(altera_up_avalon_video_character_buffer_with_dma.o)
 .debug_aranges
                0x00000408       0x20 ../p5_Temp_bsp/\libhal_bsp.a(altera_up_avalon_video_pixel_buffer_dma.o)
 .debug_aranges
                0x00000428       0x20 ../p5_Temp_bsp/\libhal_bsp.a(alt_alarm_start.o)
 .debug_aranges
                0x00000448       0x20 ../p5_Temp_bsp/\libhal_bsp.a(alt_close.o)
 .debug_aranges
                0x00000468       0x20 ../p5_Temp_bsp/\libhal_bsp.a(alt_dcache_flush_all.o)
 .debug_aranges
                0x00000488       0x20 ../p5_Temp_bsp/\libhal_bsp.a(alt_dev.o)
 .debug_aranges
                0x000004a8       0x20 ../p5_Temp_bsp/\libhal_bsp.a(alt_dev_llist_insert.o)
 .debug_aranges
                0x000004c8       0x20 ../p5_Temp_bsp/\libhal_bsp.a(alt_do_ctors.o)
 .debug_aranges
                0x000004e8       0x20 ../p5_Temp_bsp/\libhal_bsp.a(alt_do_dtors.o)
 .debug_aranges
                0x00000508       0x20 ../p5_Temp_bsp/\libhal_bsp.a(alt_find_dev.o)
 .debug_aranges
                0x00000528       0x20 ../p5_Temp_bsp/\libhal_bsp.a(alt_icache_flush_all.o)
 .debug_aranges
                0x00000548       0x20 ../p5_Temp_bsp/\libhal_bsp.a(alt_io_redirect.o)
 .debug_aranges
                0x00000568       0x30 ../p5_Temp_bsp/\libhal_bsp.a(alt_irq_entry.o)
 .debug_aranges
                0x00000598       0x28 ../p5_Temp_bsp/\libhal_bsp.a(alt_irq_handler.o)
 .debug_aranges
                0x000005c0       0x20 ../p5_Temp_bsp/\libhal_bsp.a(alt_open.o)
 .debug_aranges
                0x000005e0       0x20 ../p5_Temp_bsp/\libhal_bsp.a(alt_release_fd.o)
 .debug_aranges
                0x00000600       0x20 ../p5_Temp_bsp/\libhal_bsp.a(alt_tick.o)
 .debug_aranges
                0x00000620       0x20 ../p5_Temp_bsp/\libhal_bsp.a(alt_usleep.o)
 .debug_aranges
                0x00000640       0x20 ../p5_Temp_bsp/\libhal_bsp.a(altera_nios2_qsys_irq.o)
 .debug_aranges
                0x00000660       0x20 ../p5_Temp_bsp/\libhal_bsp.a(alt_busy_sleep.o)
 .debug_aranges
                0x00000680       0x38 ../p5_Temp_bsp/\libhal_bsp.a(alt_exception_entry.o)
 .debug_aranges
                0x000006b8       0x20 ../p5_Temp_bsp/\libhal_bsp.a(alt_find_file.o)
 .debug_aranges
                0x000006d8       0x20 ../p5_Temp_bsp/\libhal_bsp.a(alt_get_fd.o)
 .debug_aranges
                0x000006f8       0x20 ../p5_Temp_bsp/\libhal_bsp.a(alt_icache_flush.o)
 .debug_aranges
                0x00000718       0x20 c:/altera/13.0sp1/nios2eds/bin/gnu/h-i686-mingw32/bin/../lib/gcc/nios2-elf/4.1.2/../../../../nios2-elf/lib\libc.a(lib_a-atexit.o)
 .debug_aranges
                0x00000738       0x20 c:/altera/13.0sp1/nios2eds/bin/gnu/h-i686-mingw32/bin/../lib/gcc/nios2-elf/4.1.2/../../../../nios2-elf/lib\libc.a(lib_a-exit.o)
 .debug_aranges
                0x00000758       0x20 c:/altera/13.0sp1/nios2eds/bin/gnu/h-i686-mingw32/bin/../lib/gcc/nios2-elf/4.1.2/../../../../nios2-elf/lib\libc.a(lib_a-memcmp.o)
 .debug_aranges
                0x00000778       0x20 c:/altera/13.0sp1/nios2eds/bin/gnu/h-i686-mingw32/bin/../lib/gcc/nios2-elf/4.1.2/../../../../nios2-elf/lib\libc.a(lib_a-putc.o)
 .debug_aranges
                0x00000798       0x20 c:/altera/13.0sp1/nios2eds/bin/gnu/h-i686-mingw32/bin/../lib/gcc/nios2-elf/4.1.2/../../../../nios2-elf/lib\libc.a(lib_a-strcmp.o)
 .debug_aranges
                0x000007b8       0x20 c:/altera/13.0sp1/nios2eds/bin/gnu/h-i686-mingw32/bin/../lib/gcc/nios2-elf/4.1.2/../../../../nios2-elf/lib\libc.a(lib_a-strlen.o)
 .debug_aranges
                0x000007d8       0x20 c:/altera/13.0sp1/nios2eds/bin/gnu/h-i686-mingw32/bin/../lib/gcc/nios2-elf/4.1.2/../../../../nios2-elf/lib\libc.a(lib_a-wbuf.o)
 .debug_aranges
                0x000007f8       0x20 c:/altera/13.0sp1/nios2eds/bin/gnu/h-i686-mingw32/bin/../lib/gcc/nios2-elf/4.1.2/../../../../nios2-elf/lib\libc.a(lib_a-wsetup.o)
 .debug_aranges
                0x00000818       0x20 c:/altera/13.0sp1/nios2eds/bin/gnu/h-i686-mingw32/bin/../lib/gcc/nios2-elf/4.1.2/../../../../nios2-elf/lib\libc.a(lib_a-__atexit.o)
 .debug_aranges
                0x00000838       0x20 c:/altera/13.0sp1/nios2eds/bin/gnu/h-i686-mingw32/bin/../lib/gcc/nios2-elf/4.1.2/../../../../nios2-elf/lib\libc.a(lib_a-__call_atexit.o)
 .debug_aranges
                0x00000858       0x20 c:/altera/13.0sp1/nios2eds/bin/gnu/h-i686-mingw32/bin/../lib/gcc/nios2-elf/4.1.2/../../../../nios2-elf/lib\libc.a(lib_a-fflush.o)
 .debug_aranges
                0x00000878       0x20 c:/altera/13.0sp1/nios2eds/bin/gnu/h-i686-mingw32/bin/../lib/gcc/nios2-elf/4.1.2/../../../../nios2-elf/lib\libc.a(lib_a-findfp.o)
 .debug_aranges
                0x00000898       0x20 c:/altera/13.0sp1/nios2eds/bin/gnu/h-i686-mingw32/bin/../lib/gcc/nios2-elf/4.1.2/../../../../nios2-elf/lib\libc.a(lib_a-freer.o)
 .debug_aranges
                0x000008b8       0x20 c:/altera/13.0sp1/nios2eds/bin/gnu/h-i686-mingw32/bin/../lib/gcc/nios2-elf/4.1.2/../../../../nios2-elf/lib\libc.a(lib_a-fwalk.o)
 .debug_aranges
                0x000008d8       0x20 c:/altera/13.0sp1/nios2eds/bin/gnu/h-i686-mingw32/bin/../lib/gcc/nios2-elf/4.1.2/../../../../nios2-elf/lib\libc.a(lib_a-makebuf.o)
 .debug_aranges
                0x000008f8       0x20 c:/altera/13.0sp1/nios2eds/bin/gnu/h-i686-mingw32/bin/../lib/gcc/nios2-elf/4.1.2/../../../../nios2-elf/lib\libc.a(lib_a-mallocr.o)
 .debug_aranges
                0x00000918       0x20 c:/altera/13.0sp1/nios2eds/bin/gnu/h-i686-mingw32/bin/../lib/gcc/nios2-elf/4.1.2/../../../../nios2-elf/lib\libc.a(lib_a-sbrkr.o)
 .debug_aranges
                0x00000938       0x20 c:/altera/13.0sp1/nios2eds/bin/gnu/h-i686-mingw32/bin/../lib/gcc/nios2-elf/4.1.2/../../../../nios2-elf/lib\libc.a(lib_a-stdio.o)
 .debug_aranges
                0x00000958       0x20 c:/altera/13.0sp1/nios2eds/bin/gnu/h-i686-mingw32/bin/../lib/gcc/nios2-elf/4.1.2/../../../../nios2-elf/lib\libc.a(lib_a-writer.o)
 .debug_aranges
                0x00000978       0x20 c:/altera/13.0sp1/nios2eds/bin/gnu/h-i686-mingw32/bin/../lib/gcc/nios2-elf/4.1.2/../../../../nios2-elf/lib\libc.a(lib_a-closer.o)
 .debug_aranges
                0x00000998       0x20 c:/altera/13.0sp1/nios2eds/bin/gnu/h-i686-mingw32/bin/../lib/gcc/nios2-elf/4.1.2/../../../../nios2-elf/lib\libc.a(lib_a-fclose.o)
 .debug_aranges
                0x000009b8       0x20 c:/altera/13.0sp1/nios2eds/bin/gnu/h-i686-mingw32/bin/../lib/gcc/nios2-elf/4.1.2/../../../../nios2-elf/lib\libc.a(lib_a-fstatr.o)
 .debug_aranges
                0x000009d8       0x20 c:/altera/13.0sp1/nios2eds/bin/gnu/h-i686-mingw32/bin/../lib/gcc/nios2-elf/4.1.2/../../../../nios2-elf/lib\libc.a(lib_a-isattyr.o)
 .debug_aranges
                0x000009f8       0x20 c:/altera/13.0sp1/nios2eds/bin/gnu/h-i686-mingw32/bin/../lib/gcc/nios2-elf/4.1.2/../../../../nios2-elf/lib\libc.a(lib_a-lseekr.o)
 .debug_aranges
                0x00000a18       0x20 c:/altera/13.0sp1/nios2eds/bin/gnu/h-i686-mingw32/bin/../lib/gcc/nios2-elf/4.1.2/../../../../nios2-elf/lib\libc.a(lib_a-readr.o)
 .debug_aranges
                0x00000a38       0x20 ../p5_Temp_bsp/\libhal_bsp.a(alt_exit.o)
 .debug_aranges
                0x00000a58       0x20 ../p5_Temp_bsp/\libhal_bsp.a(alt_fstat.o)
 .debug_aranges
                0x00000a78       0x20 ../p5_Temp_bsp/\libhal_bsp.a(alt_isatty.o)
 .debug_aranges
                0x00000a98       0x20 ../p5_Temp_bsp/\libhal_bsp.a(alt_lseek.o)
 .debug_aranges
                0x00000ab8       0x20 ../p5_Temp_bsp/\libhal_bsp.a(alt_malloc_lock.o)
 .debug_aranges
                0x00000ad8       0x20 ../p5_Temp_bsp/\libhal_bsp.a(alt_read.o)
 .debug_aranges
                0x00000af8       0x20 ../p5_Temp_bsp/\libhal_bsp.a(alt_sbrk.o)
 .debug_aranges
                0x00000b18       0x20 ../p5_Temp_bsp/\libhal_bsp.a(alt_write.o)

.debug_pubnames
                0x00000000     0x1d55
 *(.debug_pubnames)
 .debug_pubnames
                0x00000000       0x1e obj/default/PS2_ISR.o
 .debug_pubnames
                0x0000001e       0x20 obj/default/audio_ISR.o
 .debug_pubnames
                0x0000003e      0x140 obj/default/globals.o
 .debug_pubnames
                0x0000017e       0x29 obj/default/interval_timer_ISR.o
 .debug_pubnames
                0x000001a7      0x15a obj/default/media_interrupt_HAL.o
 .debug_pubnames
                0x00000301       0x25 obj/default/pushbutton_ISR.o
 .debug_pubnames
                0x00000326       0x1f c:/altera/13.0sp1/nios2eds/bin/gnu/h-i686-mingw32/bin/../lib/gcc/nios2-elf/4.1.2\libgcc.a(_muldi3.o)
 .debug_pubnames
                0x00000345       0x1f c:/altera/13.0sp1/nios2eds/bin/gnu/h-i686-mingw32/bin/../lib/gcc/nios2-elf/4.1.2\libgcc.a(_divdi3.o)
 .debug_pubnames
                0x00000364       0x48 c:/altera/13.0sp1/nios2eds/bin/gnu/h-i686-mingw32/bin/../lib/gcc/nios2-elf/4.1.2\libgcc.a(lib2-divmod.o)
 .debug_pubnames
                0x000003ac       0x20 c:/altera/13.0sp1/nios2eds/bin/gnu/h-i686-mingw32/bin/../lib/gcc/nios2-elf/4.1.2\libgcc.a(_clz.o)
 .debug_pubnames
                0x000003cc       0x1d c:/altera/13.0sp1/nios2eds/bin/gnu/h-i686-mingw32/bin/../lib/gcc/nios2-elf/4.1.2/../../../../nios2-elf/lib\libc.a(lib_a-memcpy.o)
 .debug_pubnames
                0x000003e9       0x1d c:/altera/13.0sp1/nios2eds/bin/gnu/h-i686-mingw32/bin/../lib/gcc/nios2-elf/4.1.2/../../../../nios2-elf/lib\libc.a(lib_a-memset.o)
 .debug_pubnames
                0x00000406       0x27 ../p5_Temp_bsp/\libhal_bsp.a(alt_irq_register.o)
 .debug_pubnames
                0x0000042d       0x3b ../p5_Temp_bsp/\libhal_bsp.a(alt_irq_vars.o)
 .debug_pubnames
                0x00000468       0x1f ../p5_Temp_bsp/\libhal_bsp.a(alt_load.o)
 .debug_pubnames
                0x00000487       0x46 ../p5_Temp_bsp/\libhal_bsp.a(alt_main.o)
 .debug_pubnames
                0x000004cd       0x21 ../p5_Temp_bsp/\libhal_bsp.a(alt_printf.o)
 .debug_pubnames
                0x000004ee       0x22 ../p5_Temp_bsp/\libhal_bsp.a(alt_putchar.o)
 .debug_pubnames
                0x00000510       0x34 ../p5_Temp_bsp/\libhal_bsp.a(alt_sys_init.o)
 .debug_pubnames
                0x00000544       0xa5 ../p5_Temp_bsp/\libhal_bsp.a(altera_avalon_jtag_uart_fd.o)
 .debug_pubnames
                0x000005e9       0x55 ../p5_Temp_bsp/\libhal_bsp.a(altera_avalon_jtag_uart_init.o)
 .debug_pubnames
                0x0000063e       0x34 ../p5_Temp_bsp/\libhal_bsp.a(altera_avalon_jtag_uart_ioctl.o)
 .debug_pubnames
                0x00000672       0x33 ../p5_Temp_bsp/\libhal_bsp.a(altera_avalon_jtag_uart_read.o)
 .debug_pubnames
                0x000006a5       0x34 ../p5_Temp_bsp/\libhal_bsp.a(altera_avalon_jtag_uart_write.o)
 .debug_pubnames
                0x000006d9       0x2f ../p5_Temp_bsp/\libhal_bsp.a(altera_avalon_timer_sc.o)
 .debug_pubnames
                0x00000708      0x25e ../p5_Temp_bsp/\libhal_bsp.a(altera_up_avalon_audio.o)
 .debug_pubnames
                0x00000966      0x1cd ../p5_Temp_bsp/\libhal_bsp.a(altera_up_avalon_character_lcd.o)
 .debug_pubnames
                0x00000b33       0x48 ../p5_Temp_bsp/\libhal_bsp.a(altera_up_avalon_ethernet.o)
 .debug_pubnames
                0x00000b7b       0x90 ../p5_Temp_bsp/\libhal_bsp.a(altera_up_avalon_ethernet_low_level_driver.o)
 .debug_pubnames
                0x00000c0b      0x159 ../p5_Temp_bsp/\libhal_bsp.a(altera_up_avalon_irda.o)
 .debug_pubnames
                0x00000d64       0x34 ../p5_Temp_bsp/\libhal_bsp.a(altera_up_avalon_parallel_port.o)
 .debug_pubnames
                0x00000d98      0x1ed ../p5_Temp_bsp/\libhal_bsp.a(altera_up_avalon_ps2.o)
 .debug_pubnames
                0x00000f85      0x163 ../p5_Temp_bsp/\libhal_bsp.a(altera_up_avalon_rs232.o)
 .debug_pubnames
                0x000010e8       0xa5 ../p5_Temp_bsp/\libhal_bsp.a(altera_up_avalon_video_character_buffer_with_dma.o)
 .debug_pubnames
                0x0000118d      0x1f1 ../p5_Temp_bsp/\libhal_bsp.a(altera_up_avalon_video_pixel_buffer_dma.o)
 .debug_pubnames
                0x0000137e       0x26 ../p5_Temp_bsp/\libhal_bsp.a(alt_alarm_start.o)
 .debug_pubnames
                0x000013a4       0x1c ../p5_Temp_bsp/\libhal_bsp.a(alt_close.o)
 .debug_pubnames
                0x000013c0       0x2b ../p5_Temp_bsp/\libhal_bsp.a(alt_dcache_flush_all.o)
 .debug_pubnames
                0x000013eb       0x63 ../p5_Temp_bsp/\libhal_bsp.a(alt_dev.o)
 .debug_pubnames
                0x0000144e       0x2b ../p5_Temp_bsp/\libhal_bsp.a(alt_dev_llist_insert.o)
 .debug_pubnames
                0x00001479       0x20 ../p5_Temp_bsp/\libhal_bsp.a(alt_do_ctors.o)
 .debug_pubnames
                0x00001499       0x20 ../p5_Temp_bsp/\libhal_bsp.a(alt_do_dtors.o)
 .debug_pubnames
                0x000014b9       0x20 ../p5_Temp_bsp/\libhal_bsp.a(alt_errno.o)
 .debug_pubnames
                0x000014d9       0x23 ../p5_Temp_bsp/\libhal_bsp.a(alt_find_dev.o)
 .debug_pubnames
                0x000014fc       0x2b ../p5_Temp_bsp/\libhal_bsp.a(alt_icache_flush_all.o)
 .debug_pubnames
                0x00001527       0x26 ../p5_Temp_bsp/\libhal_bsp.a(alt_io_redirect.o)
 .debug_pubnames
                0x0000154d       0x32 ../p5_Temp_bsp/\libhal_bsp.a(alt_irq_handler.o)
 .debug_pubnames
                0x0000157f       0x1b ../p5_Temp_bsp/\libhal_bsp.a(alt_open.o)
 .debug_pubnames
                0x0000159a       0x25 ../p5_Temp_bsp/\libhal_bsp.a(alt_release_fd.o)
 .debug_pubnames
                0x000015bf       0x68 ../p5_Temp_bsp/\libhal_bsp.a(alt_tick.o)
 .debug_pubnames
                0x00001627       0x1d ../p5_Temp_bsp/\libhal_bsp.a(alt_usleep.o)
 .debug_pubnames
                0x00001644       0x31 ../p5_Temp_bsp/\libhal_bsp.a(altera_nios2_qsys_irq.o)
 .debug_pubnames
                0x00001675       0x25 ../p5_Temp_bsp/\libhal_bsp.a(alt_busy_sleep.o)
 .debug_pubnames
                0x0000169a       0x24 ../p5_Temp_bsp/\libhal_bsp.a(alt_find_file.o)
 .debug_pubnames
                0x000016be       0x21 ../p5_Temp_bsp/\libhal_bsp.a(alt_get_fd.o)
 .debug_pubnames
                0x000016df       0x27 ../p5_Temp_bsp/\libhal_bsp.a(alt_icache_flush.o)
 .debug_pubnames
                0x00001706       0x2a c:/altera/13.0sp1/nios2eds/bin/gnu/h-i686-mingw32/bin/../lib/gcc/nios2-elf/4.1.2/../../../../nios2-elf/lib\libc.a(lib_a-atexit.o)
 .debug_pubnames
                0x00001730       0x1b c:/altera/13.0sp1/nios2eds/bin/gnu/h-i686-mingw32/bin/../lib/gcc/nios2-elf/4.1.2/../../../../nios2-elf/lib\libc.a(lib_a-exit.o)
 .debug_pubnames
                0x0000174b       0x39 c:/altera/13.0sp1/nios2eds/bin/gnu/h-i686-mingw32/bin/../lib/gcc/nios2-elf/4.1.2/../../../../nios2-elf/lib\libc.a(lib_a-impure.o)
 .debug_pubnames
                0x00001784       0x1c c:/altera/13.0sp1/nios2eds/bin/gnu/h-i686-mingw32/bin/../lib/gcc/nios2-elf/4.1.2/../../../../nios2-elf/lib\libc.a(lib_a-int_errno.o)
 .debug_pubnames
                0x000017a0       0x1d c:/altera/13.0sp1/nios2eds/bin/gnu/h-i686-mingw32/bin/../lib/gcc/nios2-elf/4.1.2/../../../../nios2-elf/lib\libc.a(lib_a-memcmp.o)
 .debug_pubnames
                0x000017bd       0x27 c:/altera/13.0sp1/nios2eds/bin/gnu/h-i686-mingw32/bin/../lib/gcc/nios2-elf/4.1.2/../../../../nios2-elf/lib\libc.a(lib_a-putc.o)
 .debug_pubnames
                0x000017e4       0x1d c:/altera/13.0sp1/nios2eds/bin/gnu/h-i686-mingw32/bin/../lib/gcc/nios2-elf/4.1.2/../../../../nios2-elf/lib\libc.a(lib_a-strcmp.o)
 .debug_pubnames
                0x00001801       0x1d c:/altera/13.0sp1/nios2eds/bin/gnu/h-i686-mingw32/bin/../lib/gcc/nios2-elf/4.1.2/../../../../nios2-elf/lib\libc.a(lib_a-strlen.o)
 .debug_pubnames
                0x0000181e       0x2c c:/altera/13.0sp1/nios2eds/bin/gnu/h-i686-mingw32/bin/../lib/gcc/nios2-elf/4.1.2/../../../../nios2-elf/lib\libc.a(lib_a-wbuf.o)
 .debug_pubnames
                0x0000184a       0x22 c:/altera/13.0sp1/nios2eds/bin/gnu/h-i686-mingw32/bin/../lib/gcc/nios2-elf/4.1.2/../../../../nios2-elf/lib\libc.a(lib_a-wsetup.o)
 .debug_pubnames
                0x0000186c       0x2a c:/altera/13.0sp1/nios2eds/bin/gnu/h-i686-mingw32/bin/../lib/gcc/nios2-elf/4.1.2/../../../../nios2-elf/lib\libc.a(lib_a-__atexit.o)
 .debug_pubnames
                0x00001896       0x27 c:/altera/13.0sp1/nios2eds/bin/gnu/h-i686-mingw32/bin/../lib/gcc/nios2-elf/4.1.2/../../../../nios2-elf/lib\libc.a(lib_a-__call_atexit.o)
 .debug_pubnames
                0x000018bd       0x2b c:/altera/13.0sp1/nios2eds/bin/gnu/h-i686-mingw32/bin/../lib/gcc/nios2-elf/4.1.2/../../../../nios2-elf/lib\libc.a(lib_a-fflush.o)
 .debug_pubnames
                0x000018e8       0xdb c:/altera/13.0sp1/nios2eds/bin/gnu/h-i686-mingw32/bin/../lib/gcc/nios2-elf/4.1.2/../../../../nios2-elf/lib\libc.a(lib_a-findfp.o)
 .debug_pubnames
                0x000019c3       0x31 c:/altera/13.0sp1/nios2eds/bin/gnu/h-i686-mingw32/bin/../lib/gcc/nios2-elf/4.1.2/../../../../nios2-elf/lib\libc.a(lib_a-freer.o)
 .debug_pubnames
                0x000019f4       0x2e c:/altera/13.0sp1/nios2eds/bin/gnu/h-i686-mingw32/bin/../lib/gcc/nios2-elf/4.1.2/../../../../nios2-elf/lib\libc.a(lib_a-fwalk.o)
 .debug_pubnames
                0x00001a22       0x23 c:/altera/13.0sp1/nios2eds/bin/gnu/h-i686-mingw32/bin/../lib/gcc/nios2-elf/4.1.2/../../../../nios2-elf/lib\libc.a(lib_a-makebuf.o)
 .debug_pubnames
                0x00001a45       0xce c:/altera/13.0sp1/nios2eds/bin/gnu/h-i686-mingw32/bin/../lib/gcc/nios2-elf/4.1.2/../../../../nios2-elf/lib\libc.a(lib_a-mallocr.o)
 .debug_pubnames
                0x00001b13       0x1e c:/altera/13.0sp1/nios2eds/bin/gnu/h-i686-mingw32/bin/../lib/gcc/nios2-elf/4.1.2/../../../../nios2-elf/lib\libc.a(lib_a-sbrkr.o)
 .debug_pubnames
                0x00001b31       0x44 c:/altera/13.0sp1/nios2eds/bin/gnu/h-i686-mingw32/bin/../lib/gcc/nios2-elf/4.1.2/../../../../nios2-elf/lib\libc.a(lib_a-stdio.o)
 .debug_pubnames
                0x00001b75       0x1f c:/altera/13.0sp1/nios2eds/bin/gnu/h-i686-mingw32/bin/../lib/gcc/nios2-elf/4.1.2/../../../../nios2-elf/lib\libc.a(lib_a-writer.o)
 .debug_pubnames
                0x00001b94       0x1f c:/altera/13.0sp1/nios2eds/bin/gnu/h-i686-mingw32/bin/../lib/gcc/nios2-elf/4.1.2/../../../../nios2-elf/lib\libc.a(lib_a-closer.o)
 .debug_pubnames
                0x00001bb3       0x2b c:/altera/13.0sp1/nios2eds/bin/gnu/h-i686-mingw32/bin/../lib/gcc/nios2-elf/4.1.2/../../../../nios2-elf/lib\libc.a(lib_a-fclose.o)
 .debug_pubnames
                0x00001bde       0x1f c:/altera/13.0sp1/nios2eds/bin/gnu/h-i686-mingw32/bin/../lib/gcc/nios2-elf/4.1.2/../../../../nios2-elf/lib\libc.a(lib_a-fstatr.o)
 .debug_pubnames
                0x00001bfd       0x20 c:/altera/13.0sp1/nios2eds/bin/gnu/h-i686-mingw32/bin/../lib/gcc/nios2-elf/4.1.2/../../../../nios2-elf/lib\libc.a(lib_a-isattyr.o)
 .debug_pubnames
                0x00001c1d       0x1f c:/altera/13.0sp1/nios2eds/bin/gnu/h-i686-mingw32/bin/../lib/gcc/nios2-elf/4.1.2/../../../../nios2-elf/lib\libc.a(lib_a-lseekr.o)
 .debug_pubnames
                0x00001c3c       0x1e c:/altera/13.0sp1/nios2eds/bin/gnu/h-i686-mingw32/bin/../lib/gcc/nios2-elf/4.1.2/../../../../nios2-elf/lib\libc.a(lib_a-readr.o)
 .debug_pubnames
                0x00001c5a       0x1c ../p5_Temp_bsp/\libhal_bsp.a(alt_exit.o)
 .debug_pubnames
                0x00001c76       0x1c ../p5_Temp_bsp/\libhal_bsp.a(alt_fstat.o)
 .debug_pubnames
                0x00001c92       0x1d ../p5_Temp_bsp/\libhal_bsp.a(alt_isatty.o)
 .debug_pubnames
                0x00001caf       0x1c ../p5_Temp_bsp/\libhal_bsp.a(alt_lseek.o)
 .debug_pubnames
                0x00001ccb       0x38 ../p5_Temp_bsp/\libhal_bsp.a(alt_malloc_lock.o)
 .debug_pubnames
                0x00001d03       0x1b ../p5_Temp_bsp/\libhal_bsp.a(alt_read.o)
 .debug_pubnames
                0x00001d1e       0x1b ../p5_Temp_bsp/\libhal_bsp.a(alt_sbrk.o)